Archive member included to satisfy reference by file (symbol)

/usr/lib/gcc/arm-none-eabi/15.2.0/thumb/v6-m/nofp/libgcc.a(_dvmd_tls.o)
                              CMakeFiles/pico-rom-em.dir/home/menadue/pico/pico-sdk/src/rp2_common/pico_divider/divider_hardware.S.o (__aeabi_idiv0)
/usr/lib/gcc/arm-none-eabi/15.2.0/../../../../arm-none-eabi/lib/thumb/v6-m/nofp/libg.a(libc_a-atexit.o)
                              /usr/lib/gcc/arm-none-eabi/15.2.0/../../../../arm-none-eabi/lib/thumb/v6-m/nofp/crt0.o (atexit)
/usr/lib/gcc/arm-none-eabi/15.2.0/../../../../arm-none-eabi/lib/thumb/v6-m/nofp/libg.a(libc_a-calloc.o)
                              CMakeFiles/pico-rom-em.dir/home/menadue/pico/pico-sdk/src/rp2_common/pico_malloc/malloc.c.o (calloc)
/usr/lib/gcc/arm-none-eabi/15.2.0/../../../../arm-none-eabi/lib/thumb/v6-m/nofp/libg.a(libc_a-callocr.o)
                              /usr/lib/gcc/arm-none-eabi/15.2.0/../../../../arm-none-eabi/lib/thumb/v6-m/nofp/libg.a(libc_a-calloc.o) (_calloc_r)
/usr/lib/gcc/arm-none-eabi/15.2.0/../../../../arm-none-eabi/lib/thumb/v6-m/nofp/libg.a(libc_a-malloc.o)
                              CMakeFiles/pico-rom-em.dir/home/menadue/pico/pico-sdk/src/rp2_common/pico_malloc/malloc.c.o (malloc)
/usr/lib/gcc/arm-none-eabi/15.2.0/../../../../arm-none-eabi/lib/thumb/v6-m/nofp/libg.a(libc_a-mallocr.o)
                              /usr/lib/gcc/arm-none-eabi/15.2.0/../../../../arm-none-eabi/lib/thumb/v6-m/nofp/libg.a(libc_a-callocr.o) (_malloc_r)
/usr/lib/gcc/arm-none-eabi/15.2.0/../../../../arm-none-eabi/lib/thumb/v6-m/nofp/libg.a(libc_a-mlock.o)
                              /usr/lib/gcc/arm-none-eabi/15.2.0/../../../../arm-none-eabi/lib/thumb/v6-m/nofp/libg.a(libc_a-mallocr.o) (__malloc_lock)
/usr/lib/gcc/arm-none-eabi/15.2.0/../../../../arm-none-eabi/lib/thumb/v6-m/nofp/libg.a(libc_a-realloc.o)
                              CMakeFiles/pico-rom-em.dir/home/menadue/pico/pico-sdk/src/rp2_common/pico_malloc/malloc.c.o (realloc)
/usr/lib/gcc/arm-none-eabi/15.2.0/../../../../arm-none-eabi/lib/thumb/v6-m/nofp/libg.a(libc_a-reallocr.o)
                              /usr/lib/gcc/arm-none-eabi/15.2.0/../../../../arm-none-eabi/lib/thumb/v6-m/nofp/libg.a(libc_a-realloc.o) (_realloc_r)
/usr/lib/gcc/arm-none-eabi/15.2.0/../../../../arm-none-eabi/lib/thumb/v6-m/nofp/libg.a(libc_a-ctype_.o)
                              CMakeFiles/pico-rom-em.dir/pico-rom-em.c.o (_ctype_)
/usr/lib/gcc/arm-none-eabi/15.2.0/../../../../arm-none-eabi/lib/thumb/v6-m/nofp/libg.a(libc_a-memcmp.o)
                              CMakeFiles/pico-rom-em.dir/home/menadue/pico/pico-sdk/src/rp2_common/pico_atomic/atomic.c.o (memcmp)
/usr/lib/gcc/arm-none-eabi/15.2.0/../../../../arm-none-eabi/lib/thumb/v6-m/nofp/libg.a(libc_a-memmove.o)
                              /usr/lib/gcc/arm-none-eabi/15.2.0/../../../../arm-none-eabi/lib/thumb/v6-m/nofp/libg.a(libc_a-reallocr.o) (memmove)
/usr/lib/gcc/arm-none-eabi/15.2.0/../../../../arm-none-eabi/lib/thumb/v6-m/nofp/libg.a(libc_a-strcat.o)
                              CMakeFiles/pico-rom-em.dir/pico-rom-em.c.o (strcat)
/usr/lib/gcc/arm-none-eabi/15.2.0/../../../../arm-none-eabi/lib/thumb/v6-m/nofp/libg.a(libc_a-lcltime_r.o)
                              CMakeFiles/pico-rom-em.dir/home/menadue/pico/pico-sdk/src/common/pico_util/datetime.c.o (localtime_r)
/usr/lib/gcc/arm-none-eabi/15.2.0/../../../../arm-none-eabi/lib/thumb/v6-m/nofp/libg.a(libc_a-mktime.o)
                              CMakeFiles/pico-rom-em.dir/home/menadue/pico/pico-sdk/src/common/pico_util/datetime.c.o (mktime)
/usr/lib/gcc/arm-none-eabi/15.2.0/../../../../arm-none-eabi/lib/thumb/v6-m/nofp/libg.a(libc_a-month_lengths.o)
                              /usr/lib/gcc/arm-none-eabi/15.2.0/../../../../arm-none-eabi/lib/thumb/v6-m/nofp/libg.a(libc_a-lcltime_r.o) (__month_lengths)
/usr/lib/gcc/arm-none-eabi/15.2.0/../../../../arm-none-eabi/lib/thumb/v6-m/nofp/libg.a(libc_a-tzcalc_limits.o)
                              /usr/lib/gcc/arm-none-eabi/15.2.0/../../../../arm-none-eabi/lib/thumb/v6-m/nofp/libg.a(libc_a-lcltime_r.o) (__tzcalc_limits)
/usr/lib/gcc/arm-none-eabi/15.2.0/../../../../arm-none-eabi/lib/thumb/v6-m/nofp/libg.a(libc_a-tzlock.o)
                              /usr/lib/gcc/arm-none-eabi/15.2.0/../../../../arm-none-eabi/lib/thumb/v6-m/nofp/libg.a(libc_a-lcltime_r.o) (__tz_lock)
/usr/lib/gcc/arm-none-eabi/15.2.0/../../../../arm-none-eabi/lib/thumb/v6-m/nofp/libg.a(libc_a-tzset.o)
                              /usr/lib/gcc/arm-none-eabi/15.2.0/../../../../arm-none-eabi/lib/thumb/v6-m/nofp/libg.a(libc_a-lcltime_r.o) (_tzset_unlocked)
/usr/lib/gcc/arm-none-eabi/15.2.0/../../../../arm-none-eabi/lib/thumb/v6-m/nofp/libg.a(libc_a-tzset_r.o)
                              /usr/lib/gcc/arm-none-eabi/15.2.0/../../../../arm-none-eabi/lib/thumb/v6-m/nofp/libg.a(libc_a-tzset.o) (_tzset_unlocked_r)
/usr/lib/gcc/arm-none-eabi/15.2.0/../../../../arm-none-eabi/lib/thumb/v6-m/nofp/libg.a(libc_a-tzvars.o)
[...]
Memory Configuration

Name             Origin             Length             Attributes
FLASH            0x10000000         0x00200000         xr
RAM              0x20000000         0x00040000         xrw
SCRATCH_X        0x20040000         0x00001000         xrw
SCRATCH_Y        0x20041000         0x00001000         xrw
*default*        0x00000000         0xffffffff

Linker script and memory map

LOAD /usr/lib/gcc/arm-none-eabi/15.2.0/thumb/v6-m/nofp/crti.o
LOAD /usr/lib/gcc/arm-none-eabi/15.2.0/thumb/v6-m/nofp/crtbegin.o
LOAD /usr/lib/gcc/arm-none-eabi/15.2.0/../../../../arm-none-eabi/lib/thumb/v6-m/nofp/crt0.o

.flash_begin    0x10000000        0x0
                0x10000000                        __flash_binary_start = .

.boot2          0x10000000      0x100
                0x10000000                        __boot2_start__ = .
 *(.boot2)
 .boot2         0x10000000      0x100 pico-sdk/src/rp2040/boot_stage2/CMakeFiles/bs2_default_library.dir/bs2_default_padded_checksummed.S.o
                0x10000100                        __boot2_end__ = .
                0x00000001                        ASSERT (((__boot2_end__ - __boot2_start__) == 0x100), ERROR: Pico second stage bootloader must be 256 bytes in size)

.text           0x10000100     0x7ad8
                0x10000100                        __logical_binary_start = .
 *(.vectors)
 .vectors       0x10000100       0xd4 CMakeFiles/pico-rom-em.dir/home/menadue/pico/pico-sdk/src/rp2_common/pico_crt0/crt0.S.o
                0x10000100                __vectors
                0x10000100                __VECTOR_TABLE
                0x100001c0                isr_invalid
                0x100001c0                __default_isrs_start
                0x100001c2                isr_nmi
                0x100001c4                isr_hardfault
                0x100001c6                isr_svcall
                0x100001c8                isr_pendsv
                0x100001ca                isr_systick
                0x100001cc                isr_irq30
                0x100001cc                __unhandled_user_irq
                0x100001cc                isr_irq13
                0x100001cc                isr_irq27
                0x100001cc                isr_irq31
                0x100001cc                isr_irq5
                0x100001cc                isr_irq11
                0x100001cc                isr_irq23
                0x100001cc                isr_irq18
                0x100001cc                isr_irq28
                0x100001cc                isr_irq19
                0x100001cc                isr_irq0
                0x100001cc                isr_irq6
                0x100001cc                isr_irq22
                0x100001cc                isr_irq17
                0x100001cc                isr_irq14
                0x100001cc                isr_irq2
                0x100001cc                isr_irq10
                0x100001cc                isr_irq8
                0x100001cc                isr_irq24
                0x100001cc                isr_irq1
                0x100001cc                isr_irq7
                0x100001cc                isr_irq21
                0x100001cc                isr_irq20
                0x100001cc                isr_irq15
                0x100001cc                isr_irq25
                0x100001cc                isr_irq4
                0x100001cc                isr_irq16
                0x100001cc                isr_irq29
                0x100001cc                isr_irq26
                0x100001cc                __default_isrs_end
                0x100001cc                isr_irq3
                0x100001cc                isr_irq12
                0x100001cc                isr_irq9
                0x100001d2                unhandled_user_irq_num_in_r0
 *(.binary_info_header)
 .binary_info_header
                0x100001d4       0x14 CMakeFiles/pico-rom-em.dir/home/menadue/pico/pico-sdk/src/rp2_common/pico_crt0/crt0.S.o
                0x100001e8                        __binary_info_header_end = .
 *(.embedded_block)
                0x100001e8                        __embedded_block_end = .
 *(.reset)
 .reset         0x100001e8       0x9c CMakeFiles/pico-rom-em.dir/home/menadue/pico/pico-sdk/src/rp2_common/pico_crt0/crt0.S.o
                0x100001e8                _entry_point
 *(.init)
 .init          0x10000284        0x4 /usr/lib/gcc/arm-none-eabi/15.2.0/thumb/v6-m/nofp/crti.o
                0x10000284                _init
 *(EXCLUDE_FILE(*libm.a: *libc.a:*lib_a-mem*.o *libgcc.a:) .text*)
 .text          0x10000288       0x98 /usr/lib/gcc/arm-none-eabi/15.2.0/thumb/v6-m/nofp/crtbegin.o
 .text.cli_trace_addresses
                0x10000320       0x18 CMakeFiles/pico-rom-em.dir/pico-rom-em.c.o
                0x10000320                cli_trace_addresses
 .text.rom_emulate
                0x10000338      0x110 CMakeFiles/pico-rom-em.dir/pico-rom-em.c.o
                0x10000338                rom_emulate
 .text.cli_information
                0x10000448       0x10 CMakeFiles/pico-rom-em.dir/pico-rom-em.c.o
                0x10000448                cli_information
 .text.cli_digit
                0x10000458       0x18 CMakeFiles/pico-rom-em.dir/pico-rom-em.c.o
                0x10000458                cli_digit
 .text.cli_dump_trace
                0x10000470       0x8c CMakeFiles/pico-rom-em.dir/pico-rom-em.c.o
                0x10000470                cli_dump_trace
 .text.serial_help
                0x100004fc      0x158 CMakeFiles/pico-rom-em.dir/pico-rom-em.c.o
                0x100004fc                serial_help
 .text.cli_boot_mass
                0x10000654        0xc CMakeFiles/pico-rom-em.dir/pico-rom-em.c.o
                0x10000654                cli_boot_mass
 .text.cli_dump_ram
                0x10000660       0xec CMakeFiles/pico-rom-em.dir/pico-rom-em.c.o
                0x10000660                cli_dump_ram
 .text.cli_enter_parameter
                0x1000074c       0x84 CMakeFiles/pico-rom-em.dir/pico-rom-em.c.o
                0x1000074c                cli_enter_parameter
 .text.startup.main
                0x100007d0      0x20c CMakeFiles/pico-rom-em.dir/pico-rom-em.c.o
                0x100007d0                main
 .text.gpio_set_function
                0x100009dc       0x30 CMakeFiles/pico-rom-em.dir/home/menadue/pico/pico-sdk/src/rp2_common/hardware_gpio/gpio.c.o
                0x100009dc                gpio_set_function
 .text.gpio_init
                0x10000a0c       0x3c CMakeFiles/pico-rom-em.dir/home/menadue/pico/pico-sdk/src/rp2_common/hardware_gpio/gpio.c.o
                0x10000a0c                gpio_init
 .text.rp2040_chip_version
                0x10000a48        0xc CMakeFiles/pico-rom-em.dir/home/menadue/pico/pico-sdk/src/rp2040/pico_platform/platform.c.o
                0x10000a48                rp2040_chip_version
 .text.panic    0x10000a54       0x30 CMakeFiles/pico-rom-em.dir/home/menadue/pico/pico-sdk/src/rp2_common/pico_platform_panic/panic.c.o
                0x10000a54                panic
 .text.hw_claim_or_assert
                0x10000a84       0x50 CMakeFiles/pico-rom-em.dir/home/menadue/pico/pico-sdk/src/common/hardware_claim/claim.c.o
                0x10000a84                hw_claim_or_assert
 .text.hw_claim_unused_from_range
                0x10000ad4       0x88 CMakeFiles/pico-rom-em.dir/home/menadue/pico/pico-sdk/src/common/hardware_claim/claim.c.o
                0x10000ad4                hw_claim_unused_from_range
 .text.next_striped_spin_lock_num
                0x10000b5c       0x18 CMakeFiles/pico-rom-em.dir/home/menadue/pico/pico-sdk/src/rp2_common/hardware_sync/sync.c.o
                0x10000b5c                next_striped_spin_lock_num
 .text.spin_lock_claim_unused
                0x10000b74       0x20 CMakeFiles/pico-rom-em.dir/home/menadue/pico/pico-sdk/src/rp2_common/hardware_sync/sync.c.o
                0x10000b74                spin_lock_claim_unused
 .text.spin_locks_reset
                0x10000b94       0x1c CMakeFiles/pico-rom-em.dir/home/menadue/pico/pico-sdk/src/rp2_common/hardware_sync_spin_lock/sync_spin_lock.c.o
                0x10000b94                spin_locks_reset
 .text.runtime_init_per_core_irq_priorities
                0x10000bb0       0x48 CMakeFiles/pico-rom-em.dir/home/menadue/pico/pico-sdk/src/rp2_common/hardware_irq/irq.c.o
                0x10000bb0                runtime_init_per_core_irq_priorities
 .text.irq_set_enabled
                0x10000bf8       0x24 CMakeFiles/pico-rom-em.dir/home/menadue/pico/pico-sdk/src/rp2_common/hardware_irq/irq.c.o
                0x10000bf8                irq_set_enabled
 .text.irq_is_enabled
                0x10000c1c       0x18 CMakeFiles/pico-rom-em.dir/home/menadue/pico/pico-sdk/src/rp2_common/hardware_irq/irq.c.o
                0x10000c1c                irq_is_enabled
 .text.irq_set_mask_enabled
                0x10000c34       0x1c CMakeFiles/pico-rom-em.dir/home/menadue/pico/pico-sdk/src/rp2_common/hardware_irq/irq.c.o
                0x10000c34                irq_set_mask_enabled
 .text.irq_set_pending
                0x10000c50       0x10 CMakeFiles/pico-rom-em.dir/home/menadue/pico/pico-sdk/src/rp2_common/hardware_irq/irq.c.o
                0x10000c50                irq_set_pending
 .text.irq_has_shared_handler
                0x10000c60       0x20 CMakeFiles/pico-rom-em.dir/home/menadue/pico/pico-sdk/src/rp2_common/hardware_irq/irq.c.o
                0x10000c60                irq_has_shared_handler
 .text.irq_set_exclusive_handler
                0x10000c80       0x54 CMakeFiles/pico-rom-em.dir/home/menadue/pico/pico-sdk/src/rp2_common/hardware_irq/irq.c.o
                0x10000c80                irq_set_exclusive_handler
 .text.irq_add_shared_handler
                0x10000cd4      0x1cc CMakeFiles/pico-rom-em.dir/home/menadue/pico/pico-sdk/src/rp2_common/hardware_irq/irq.c.o
                0x10000cd4                irq_add_shared_handler
 .text.irq_remove_handler
                0x10000ea0      0x1c8 CMakeFiles/pico-rom-em.dir/home/menadue/pico/pico-sdk/src/rp2_common/hardware_irq/irq.c.o
                0x10000ea0                irq_remove_handler
 .text.irq_add_tail_to_free_list
                0x10001068       0xb4 CMakeFiles/pico-rom-em.dir/home/menadue/pico/pico-sdk/src/rp2_common/hardware_irq/irq.c.o
                0x10001068                irq_add_tail_to_free_list
 .text.user_irq_claim_unused
                0x1000111c       0x28 CMakeFiles/pico-rom-em.dir/home/menadue/pico/pico-sdk/src/rp2_common/hardware_irq/irq.c.o
                0x1000111c                user_irq_claim_unused
 .text.lock_init
                0x10001144       0x10 CMakeFiles/pico-rom-em.dir/home/menadue/pico/pico-sdk/src/common/pico_sync/lock_core.c.o
                0x10001144                lock_init
 .text.runtime_init_mutex
                0x10001154       0x50 CMakeFiles/pico-rom-em.dir/home/menadue/pico/pico-sdk/src/common/pico_sync/mutex.c.o
                0x10001154                runtime_init_mutex
 .text.mutex_init
                0x100011a4       0x1c CMakeFiles/pico-rom-em.dir/home/menadue/pico/pico-sdk/src/common/pico_sync/mutex.c.o
                0x100011a4                mutex_init
 .text.critical_section_init
                0x100011c0       0x1c CMakeFiles/pico-rom-em.dir/home/menadue/pico/pico-sdk/src/common/pico_sync/critical_section.c.o
                0x100011c0                critical_section_init
 .text.critical_section_init_with_lock_num
                0x100011dc       0x14 CMakeFiles/pico-rom-em.dir/home/menadue/pico/pico-sdk/src/common/pico_sync/critical_section.c.o
                0x100011dc                critical_section_init_with_lock_num
 .text.sleep_until_callback
                0x100011f0       0x30 CMakeFiles/pico-rom-em.dir/home/menadue/pico/pico-sdk/src/common/pico_time/time.c.o
 .text.alarm_pool_irq_handler
                0x10001220      0x2f4 CMakeFiles/pico-rom-em.dir/home/menadue/pico/pico-sdk/src/common/pico_time/time.c.o
 .text.runtime_init_default_alarm_pool
                0x10001514       0xd8 CMakeFiles/pico-rom-em.dir/home/menadue/pico/pico-sdk/src/common/pico_time/time.c.o
                0x10001514                runtime_init_default_alarm_pool
 .text.alarm_pool_get_default
                0x100015ec        0x8 CMakeFiles/pico-rom-em.dir/home/menadue/pico/pico-sdk/src/common/pico_time/time.c.o
                0x100015ec                alarm_pool_get_default
 .text.alarm_pool_add_alarm_at
                0x100015f4       0xcc CMakeFiles/pico-rom-em.dir/home/menadue/pico/pico-sdk/src/common/pico_time/time.c.o
                0x100015f4                alarm_pool_add_alarm_at
 .text.alarm_pool_add_alarm_at_force_in_context
                0x100016c0       0xbc CMakeFiles/pico-rom-em.dir/home/menadue/pico/pico-sdk/src/common/pico_time/time.c.o
                0x100016c0                alarm_pool_add_alarm_at_force_in_context
 .text.alarm_pool_cancel_alarm
                0x1000177c       0x74 CMakeFiles/pico-rom-em.dir/home/menadue/pico/pico-sdk/src/common/pico_time/time.c.o
                0x1000177c                alarm_pool_cancel_alarm
 .text.alarm_pool_core_num
                0x100017f0        0x4 CMakeFiles/pico-rom-em.dir/home/menadue/pico/pico-sdk/src/common/pico_time/time.c.o
                0x100017f0                alarm_pool_core_num
 .text.best_effort_wfe_or_timeout
                0x100017f4      0x100 CMakeFiles/pico-rom-em.dir/home/menadue/pico/pico-sdk/src/common/pico_time/time.c.o
                0x100017f4                best_effort_wfe_or_timeout
 .text.timer_hardware_alarm_claim
                0x100018f4       0x14 CMakeFiles/pico-rom-em.dir/home/menadue/pico/pico-sdk/src/rp2_common/hardware_timer/timer.c.o
                0x100018f4                timer_hardware_alarm_claim
 .text.timer_time_us_64
                0x10001908       0x10 CMakeFiles/pico-rom-em.dir/home/menadue/pico/pico-sdk/src/rp2_common/hardware_timer/timer.c.o
                0x10001908                timer_time_us_64
 .text.time_us_64
                0x10001918       0x14 CMakeFiles/pico-rom-em.dir/home/menadue/pico/pico-sdk/src/rp2_common/hardware_timer/timer.c.o
                0x10001918                time_us_64
 .text.busy_wait_us
                0x1000192c       0x6c CMakeFiles/pico-rom-em.dir/home/menadue/pico/pico-sdk/src/rp2_common/hardware_timer/timer.c.o
                0x1000192c                busy_wait_us
 .text.uart_init
                0x10001998      0x11c CMakeFiles/pico-rom-em.dir/home/menadue/pico/pico-sdk/src/rp2_common/hardware_uart/uart.c.o
                0x10001998                uart_init
 .text.clock_configure_int_divider
                0x10001ab4       0xec CMakeFiles/pico-rom-em.dir/home/menadue/pico/pico-sdk/src/rp2_common/hardware_clocks/clocks.c.o
                0x10001ab4                clock_configure_int_divider
 .text.clock_configure_undivided
                0x10001ba0       0xe0 CMakeFiles/pico-rom-em.dir/home/menadue/pico/pico-sdk/src/rp2_common/hardware_clocks/clocks.c.o
                0x10001ba0                clock_configure_undivided
 .text.clock_get_hz
                0x10001c80        0xc CMakeFiles/pico-rom-em.dir/home/menadue/pico/pico-sdk/src/rp2_common/hardware_clocks/clocks.c.o
                0x10001c80                clock_get_hz
 .text.set_sys_clock_pll
                0x10001c8c      0x1b4 CMakeFiles/pico-rom-em.dir/home/menadue/pico/pico-sdk/src/rp2_common/hardware_clocks/clocks.c.o
                0x10001c8c                set_sys_clock_pll
 .text.check_sys_clock_khz
                0x10001e40      0x288 CMakeFiles/pico-rom-em.dir/home/menadue/pico/pico-sdk/src/rp2_common/hardware_clocks/clocks.c.o
                0x10001e40                check_sys_clock_khz
 .text.pll_init
                0x100020c8       0xb0 CMakeFiles/pico-rom-em.dir/home/menadue/pico/pico-sdk/src/rp2_common/hardware_pll/pll.c.o
                0x100020c8                pll_init
 .text.watchdog_reboot
                0x10002178       0x9c CMakeFiles/pico-rom-em.dir/home/menadue/pico/pico-sdk/src/rp2_common/hardware_watchdog/watchdog.c.o
                0x10002178                watchdog_reboot
 .text.tick_start
                0x10002214       0x10 CMakeFiles/pico-rom-em.dir/home/menadue/pico/pico-sdk/src/rp2_common/hardware_ticks/ticks.c.o
                0x10002214                tick_start
 .text.rom_func_lookup
                0x10002224       0x10 CMakeFiles/pico-rom-em.dir/home/menadue/pico/pico-sdk/src/rp2_common/pico_bootrom/bootrom.c.o
                0x10002224                rom_func_lookup
 .text.rom_data_lookup
                0x10002234       0x10 CMakeFiles/pico-rom-em.dir/home/menadue/pico/pico-sdk/src/rp2_common/pico_bootrom/bootrom.c.o
                0x10002234                rom_data_lookup
 .text.rom_funcs_lookup
                0x10002244       0x44 CMakeFiles/pico-rom-em.dir/home/menadue/pico/pico-sdk/src/rp2_common/pico_bootrom/bootrom.c.o
                0x10002244                rom_funcs_lookup
 .text.rom_reset_usb_boot
                0x10002288       0x1c CMakeFiles/pico-rom-em.dir/home/menadue/pico/pico-sdk/src/rp2_common/pico_bootrom/bootrom.c.o
                0x10002288                rom_reset_usb_boot
 .text.rom_reset_usb_boot_extra
                0x100022a4       0x24 CMakeFiles/pico-rom-em.dir/home/menadue/pico/pico-sdk/src/rp2_common/pico_bootrom/bootrom.c.o
                0x100022a4                rom_reset_usb_boot_extra
 .text.xosc_init
                0x100022c8       0x28 CMakeFiles/pico-rom-em.dir/home/menadue/pico/pico-sdk/src/rp2_common/hardware_xosc/xosc.c.o
                0x100022c8                xosc_init
 .text.first_per_core_initializer
                0x100022f0        0x4 CMakeFiles/pico-rom-em.dir/home/menadue/pico/pico-sdk/src/rp2_common/pico_runtime/runtime.c.o
 .text.hard_assertion_failure
                0x100022f4        0xc CMakeFiles/pico-rom-em.dir/home/menadue/pico/pico-sdk/src/rp2_common/pico_runtime/runtime.c.o
                0x100022f4                hard_assertion_failure
 .text.runtime_run_initializers
                0x10002300       0x28 CMakeFiles/pico-rom-em.dir/home/menadue/pico/pico-sdk/src/rp2_common/pico_runtime/runtime.c.o
                0x10002300                runtime_run_initializers
 .text.runtime_run_per_core_initializers
                0x10002328       0x28 CMakeFiles/pico-rom-em.dir/home/menadue/pico/pico-sdk/src/rp2_common/pico_runtime/runtime.c.o
                0x10002328                runtime_run_per_core_initializers
 .text.runtime_init_early_resets
                0x10002350       0x2c CMakeFiles/pico-rom-em.dir/home/menadue/pico/pico-sdk/src/rp2_common/pico_runtime_init/runtime_init.c.o
                0x10002350                runtime_init_early_resets
 .text.runtime_init_usb_power_down
                0x1000237c       0x1c CMakeFiles/pico-rom-em.dir/home/menadue/pico/pico-sdk/src/rp2_common/pico_runtime_init/runtime_init.c.o
                0x1000237c                runtime_init_usb_power_down
 .text.runtime_init_post_clock_resets
                0x10002398       0x20 CMakeFiles/pico-rom-em.dir/home/menadue/pico/pico-sdk/src/rp2_common/pico_runtime_init/runtime_init.c.o
                0x10002398                runtime_init_post_clock_resets
 .text.runtime_init_rp2040_gpio_ie_disable
                0x100023b8       0x14 CMakeFiles/pico-rom-em.dir/home/menadue/pico/pico-sdk/src/rp2_common/pico_runtime_init/runtime_init.c.o
                0x100023b8                runtime_init_rp2040_gpio_ie_disable
 .text.runtime_init_spin_locks_reset
                0x100023cc        0x8 CMakeFiles/pico-rom-em.dir/home/menadue/pico/pico-sdk/src/rp2_common/pico_runtime_init/runtime_init.c.o
                0x100023cc                runtime_init_spin_locks_reset
 .text.runtime_init_install_ram_vector_table
                0x100023d4       0x1c CMakeFiles/pico-rom-em.dir/home/menadue/pico/pico-sdk/src/rp2_common/pico_runtime_init/runtime_init.c.o
                0x100023d4                runtime_init_install_ram_vector_table
 .text.runtime_init_clocks
                0x100023f0       0xd8 CMakeFiles/pico-rom-em.dir/home/menadue/pico/pico-sdk/src/rp2_common/pico_runtime_init/runtime_init_clocks.c.o
                0x100023f0                runtime_init_clocks
 .text          0x100024c8       0x10 CMakeFiles/pico-rom-em.dir/home/menadue/pico/pico-sdk/src/rp2_common/pico_bit_ops/bit_ops_aeabi.S.o
 .text.__wrap___aeabi_idiv
                0x100024d8       0x50 CMakeFiles/pico-rom-em.dir/home/menadue/pico/pico-sdk/src/rp2_common/pico_divider/divider_hardware.S.o
                0x100024d8                __wrap___aeabi_idivmod
                0x100024d8                divmod_s32s32
                0x100024d8                div_s32s32
                0x100024d8                __wrap___aeabi_idiv
                0x100024e0                divmod_s32s32_unsafe
                0x1000250c                divmod_s32s32_savestate
 .text.__wrap___aeabi_uidiv
                0x10002528       0x4c CMakeFiles/pico-rom-em.dir/home/menadue/pico/pico-sdk/src/rp2_common/pico_divider/divider_hardware.S.o
                0x10002528                __wrap___aeabi_uidiv
                0x10002528                __wrap___aeabi_uidivmod
                0x10002528                div_u32u32
                0x10002528                divmod_u32u32
                0x10002530                divmod_u32u32_unsafe
                0x10002558                divmod_u32u32_savestate
 .text.__wrap___aeabi_ldiv
                0x10002574      0x424 CMakeFiles/pico-rom-em.dir/home/menadue/pico/pico-sdk/src/rp2_common/pico_divider/divider_hardware.S.o
                0x10002574                div_s64s64
                0x10002574                divmod_s64s64
                0x10002574                __wrap___aeabi_ldivmod
                0x100025a4                div_u64u64
                0x100025a4                divmod_u64u64
                0x100025a4                __wrap___aeabi_uldivmod
                0x100025b4                divmod_u64u64_savestate
                0x100025d4                divmod_s64s64_unsafe
                0x1000265c                divmod_u64u64_unsafe
 .text.__wrap___aeabi_darithmetic
                0x10002998       0x80 CMakeFiles/pico-rom-em.dir/home/menadue/pico/pico-sdk/src/rp2_common/pico_double/double_aeabi_rp2040.S.o
                0x10002998                __wrap___aeabi_drsub
                0x1000299e                __wrap___aeabi_dsub
                0x100029b0                __wrap___aeabi_dadd
                0x100029c2                __wrap___aeabi_ddiv
                0x100029fe                __wrap___aeabi_dmul
 .text.__wrap___aeabi_cdcmple
                0x10002a18       0x6c CMakeFiles/pico-rom-em.dir/home/menadue/pico/pico-sdk/src/rp2_common/pico_double/double_aeabi_rp2040.S.o
                0x10002a18                __wrap___aeabi_cdrcmple
                0x10002a28                __wrap___aeabi_cdcmple
                0x10002a28                __wrap___aeabi_cdcmpeq
 .text.__wrap___aeabi_dcmplt
                0x10002a84        0xc CMakeFiles/pico-rom-em.dir/home/menadue/pico/pico-sdk/src/rp2_common/pico_double/double_aeabi_rp2040.S.o
                0x10002a84                __wrap___aeabi_dcmplt
 .text.__wrap___aeabi_dcmple
                0x10002a90       0x10 CMakeFiles/pico-rom-em.dir/home/menadue/pico/pico-sdk/src/rp2_common/pico_double/double_aeabi_rp2040.S.o
                0x10002a90                __wrap___aeabi_dcmple
 .text.__wrap___aeabi_dcmpge
                0x10002aa0       0x10 CMakeFiles/pico-rom-em.dir/home/menadue/pico/pico-sdk/src/rp2_common/pico_double/double_aeabi_rp2040.S.o
                0x10002aa0                __wrap___aeabi_dcmpge
 .text.__wrap___aeabi_dcmpgt
                0x10002ab0        0xa CMakeFiles/pico-rom-em.dir/home/menadue/pico/pico-sdk/src/rp2_common/pico_double/double_aeabi_rp2040.S.o
                0x10002ab0                __wrap___aeabi_dcmpgt
 .text.__wrap___aeabi_dcmpun
                0x10002aba       0x18 CMakeFiles/pico-rom-em.dir/home/menadue/pico/pico-sdk/src/rp2_common/pico_double/double_aeabi_rp2040.S.o
                0x10002aba                __wrap___aeabi_dcmpun
 *fill*         0x10002ad2        0x2 
 .text.__wrap___aeabi_i2d
                0x10002ad4       0x38 CMakeFiles/pico-rom-em.dir/home/menadue/pico/pico-sdk/src/rp2_common/pico_double/double_aeabi_rp2040.S.o
                0x10002ad4                __wrap___aeabi_ui2d
                0x10002ad4                uint2double
                0x10002adc                __wrap___aeabi_i2d
                0x10002adc                int2double
 .text.__wrap___aeabi_d2iz
                0x10002b0c       0x48 CMakeFiles/pico-rom-em.dir/home/menadue/pico/pico-sdk/src/rp2_common/pico_double/double_aeabi_rp2040.S.o
                0x10002b0c                __wrap___aeabi_d2iz
                0x10002b0c                double2int_z
 .text.__wrap___aeabi_d2uiz
                0x10002b54       0x18 CMakeFiles/pico-rom-em.dir/home/menadue/pico/pico-sdk/src/rp2_common/pico_double/double_aeabi_rp2040.S.o
                0x10002b54                double2uint_z
                0x10002b54                double2uint
                0x10002b54                __wrap___aeabi_d2uiz
 .text.__aeabi_double_init
                0x10002b6c       0xa4 CMakeFiles/pico-rom-em.dir/home/menadue/pico/pico-sdk/src/rp2_common/pico_double/double_init_rom_rp2040.c.o
                0x10002b6c                __aeabi_double_init
 .text.double_table_shim_on_use_helper
                0x10002c10       0x2c CMakeFiles/pico-rom-em.dir/home/menadue/pico/pico-sdk/src/rp2_common/pico_double/double_v1_rom_shim_rp2040.S.o
                0x10002c10                double_table_shim_on_use_helper
 .text.__wrap___aeabi_dsub
                0x10002c3c       0x10 CMakeFiles/pico-rom-em.dir/home/menadue/pico/pico-sdk/src/rp2_common/pico_double/double_v1_rom_shim_rp2040.S.o
                0x10002c3c                drsub_shim
                0x10002c42                dsub_shim
 .text.dadd_shim
                0x10002c4c      0x15c CMakeFiles/pico-rom-em.dir/home/menadue/pico/pico-sdk/src/rp2_common/pico_double/double_v1_rom_shim_rp2040.S.o
                0x10002c4c                dadd_shim
 .text.dmul_shim
                0x10002da8      0x15c CMakeFiles/pico-rom-em.dir/home/menadue/pico/pico-sdk/src/rp2_common/pico_double/double_v1_rom_shim_rp2040.S.o
                0x10002da8                dmul_shim
 .text.ddiv_shim
                0x10002f04      0x1b0 CMakeFiles/pico-rom-em.dir/home/menadue/pico/pico-sdk/src/rp2_common/pico_double/double_v1_rom_shim_rp2040.S.o
                0x10002f04                ddiv_shim
 .text.double2uint_shim
                0x100030b4        0xe CMakeFiles/pico-rom-em.dir/home/menadue/pico/pico-sdk/src/rp2_common/pico_double/double_v1_rom_shim_rp2040.S.o
                0x100030b4                double2uint_shim
                0x100030b6                double2ufix_shim
 *fill*         0x100030c2        0x2 
 .text.double2uint64_shim
                0x100030c4       0x70 CMakeFiles/pico-rom-em.dir/home/menadue/pico/pico-sdk/src/rp2_common/pico_double/double_v1_rom_shim_rp2040.S.o
                0x100030c4                double2uint64_shim
                0x100030c6                double2ufix64_shim
                0x100030e6                d2fix_a
 .text.dunpacks
                0x10003134       0x3c CMakeFiles/pico-rom-em.dir/home/menadue/pico/pico-sdk/src/rp2_common/pico_double/double_v1_rom_shim_rp2040.S.o
                0x10003134                dunpacks
 .text.__aeabi_lmul
                0x10003170       0x32 CMakeFiles/pico-rom-em.dir/home/menadue/pico/pico-sdk/src/rp2_common/pico_int64_ops/pico_int64_ops_aeabi.S.o
                0x10003170                __wrap___aeabi_lmul
 *fill*         0x100031a2        0x2 
 .text.__aeabi_float_init
                0x100031a4       0x68 CMakeFiles/pico-rom-em.dir/home/menadue/pico/pico-sdk/src/rp2_common/pico_float/float_init_rom_rp2040.c.o
                0x100031a4                __aeabi_float_init
 .text.float_table_shim_on_use_helper
                0x1000320c       0x2c CMakeFiles/pico-rom-em.dir/home/menadue/pico/pico-sdk/src/rp2_common/pico_float/float_v1_rom_shim_rp2040.S.o
                0x1000320c                float_table_shim_on_use_helper
 .text          0x10003238       0x10 CMakeFiles/pico-rom-em.dir/home/menadue/pico/pico-sdk/src/rp2_common/pico_mem_ops/mem_ops_aeabi.S.o
                0x10003238                __aeabi_mem_init
 .text.memset   0x10003248        0xc CMakeFiles/pico-rom-em.dir/home/menadue/pico/pico-sdk/src/rp2_common/pico_mem_ops/mem_ops_aeabi.S.o
                0x10003248                __wrap_memset
 .text.memcpy   0x10003254        0xc CMakeFiles/pico-rom-em.dir/home/menadue/pico/pico-sdk/src/rp2_common/pico_mem_ops/mem_ops_aeabi.S.o
                0x10003254                __wrap___aeabi_memcpy
                0x10003254                __wrap_memcpy
 .text._out_buffer
                0x10003260        0x8 CMakeFiles/pico-rom-em.dir/home/menadue/pico/pico-sdk/src/rp2_common/pico_printf/printf.c.o
 .text._out_null
                0x10003268        0x4 CMakeFiles/pico-rom-em.dir/home/menadue/pico/pico-sdk/src/rp2_common/pico_printf/printf.c.o
 .text._out_rev
                0x1000326c       0xa8 CMakeFiles/pico-rom-em.dir/home/menadue/pico/pico-sdk/src/rp2_common/pico_printf/printf.c.o
 .text._ntoa_format
                0x10003314      0x1d8 CMakeFiles/pico-rom-em.dir/home/menadue/pico/pico-sdk/src/rp2_common/pico_printf/printf.c.o
 .text._out_char
                0x100034ec       0x10 CMakeFiles/pico-rom-em.dir/home/menadue/pico/pico-sdk/src/rp2_common/pico_printf/printf.c.o
 .text._out_fct
                0x100034fc       0x10 CMakeFiles/pico-rom-em.dir/home/menadue/pico/pico-sdk/src/rp2_common/pico_printf/printf.c.o
 .text._ftoa    0x1000350c      0x474 CMakeFiles/pico-rom-em.dir/home/menadue/pico/pico-sdk/src/rp2_common/pico_printf/printf.c.o
 .text._etoa    0x10003980      0x560 CMakeFiles/pico-rom-em.dir/home/menadue/pico/pico-sdk/src/rp2_common/pico_printf/printf.c.o
 .text._vsnprintf
                0x10003ee0      0xab8 CMakeFiles/pico-rom-em.dir/home/menadue/pico/pico-sdk/src/rp2_common/pico_printf/printf.c.o
 .text.__wrap_sprintf
                0x10004998       0x28 CMakeFiles/pico-rom-em.dir/home/menadue/pico/pico-sdk/src/rp2_common/pico_printf/printf.c.o
                0x10004998                __wrap_sprintf
 .text.vfctprintf
                0x100049c0       0x20 CMakeFiles/pico-rom-em.dir/home/menadue/pico/pico-sdk/src/rp2_common/pico_printf/printf.c.o
                0x100049c0                vfctprintf
 .text.weak_raw_vprintf
                0x100049e0       0x30 CMakeFiles/pico-rom-em.dir/home/menadue/pico/pico-sdk/src/rp2_common/pico_printf/printf.c.o
                0x100049e0                weak_raw_vprintf
 .text._exit    0x10004a10        0x4 CMakeFiles/pico-rom-em.dir/home/menadue/pico/pico-sdk/src/rp2_common/pico_clib_interface/newlib_interface.c.o
                0x10004a10                _exit
 .text.exit     0x10004a14        0x8 CMakeFiles/pico-rom-em.dir/home/menadue/pico/pico-sdk/src/rp2_common/pico_clib_interface/newlib_interface.c.o
                0x10004a14                exit
 .text.runtime_init
                0x10004a1c       0x2c CMakeFiles/pico-rom-em.dir/home/menadue/pico/pico-sdk/src/rp2_common/pico_clib_interface/newlib_interface.c.o
                0x10004a1c                runtime_init
 .text.stdio_out_chars_no_crlf
                0x10004a48       0x10 CMakeFiles/pico-rom-em.dir/home/menadue/pico/pico-sdk/src/rp2_common/pico_stdio/stdio.c.o
 .text.stdio_out_chars_crlf
                0x10004a58       0x90 CMakeFiles/pico-rom-em.dir/home/menadue/pico/pico-sdk/src/rp2_common/pico_stdio/stdio.c.o
 .text.stdio_buffered_printer
                0x10004ae8       0x64 CMakeFiles/pico-rom-em.dir/home/menadue/pico/pico-sdk/src/rp2_common/pico_stdio/stdio.c.o
 .text.stdio_put_string
                0x10004b4c       0xf4 CMakeFiles/pico-rom-em.dir/home/menadue/pico/pico-sdk/src/rp2_common/pico_stdio/stdio.c.o
                0x10004b4c                stdio_put_string
 .text.stdio_set_driver_enabled
                0x10004c40       0x30 CMakeFiles/pico-rom-em.dir/home/menadue/pico/pico-sdk/src/rp2_common/pico_stdio/stdio.c.o
                0x10004c40                stdio_set_driver_enabled
 .text.stdio_flush
                0x10004c70       0x28 CMakeFiles/pico-rom-em.dir/home/menadue/pico/pico-sdk/src/rp2_common/pico_stdio/stdio.c.o
                0x10004c70                stdio_flush
 .text.stdio_init_all
                0x10004c98       0x10 CMakeFiles/pico-rom-em.dir/home/menadue/pico/pico-sdk/src/rp2_common/pico_stdio/stdio.c.o
                0x10004c98                stdio_init_all
 .text.stdio_getchar_timeout_us
                0x10004ca8       0x98 CMakeFiles/pico-rom-em.dir/home/menadue/pico/pico-sdk/src/rp2_common/pico_stdio/stdio.c.o
                0x10004ca8                stdio_getchar_timeout_us
 .text.__wrap_putchar
                0x10004d40       0x94 CMakeFiles/pico-rom-em.dir/home/menadue/pico/pico-sdk/src/rp2_common/pico_stdio/stdio.c.o
                0x10004d40                stdio_putchar
                0x10004d40                __wrap_putchar
 .text.__wrap_puts
                0x10004dd4       0x3c CMakeFiles/pico-rom-em.dir/home/menadue/pico/pico-sdk/src/rp2_common/pico_stdio/stdio.c.o
                0x10004dd4                __wrap_puts
                0x10004dd4                stdio_puts
 .text.__wrap_vprintf
                0x10004e10       0xc8 CMakeFiles/pico-rom-em.dir/home/menadue/pico/pico-sdk/src/rp2_common/pico_stdio/stdio.c.o
                0x10004e10                __wrap_vprintf
                0x10004e10                stdio_vprintf
 .text.__wrap_printf
                0x10004ed8       0x18 CMakeFiles/pico-rom-em.dir/home/menadue/pico/pico-sdk/src/rp2_common/pico_stdio/stdio.c.o
                0x10004ed8                stdio_printf
                0x10004ed8                __wrap_printf
 .text.stdio_uart_out_chars
                0x10004ef0       0x4c CMakeFiles/pico-rom-em.dir/home/menadue/pico/pico-sdk/src/rp2_common/pico_stdio_uart/stdio_uart.c.o
 .text.stdio_uart_in_chars
                0x10004f3c       0x8c CMakeFiles/pico-rom-em.dir/home/menadue/pico/pico-sdk/src/rp2_common/pico_stdio_uart/stdio_uart.c.o
                0x10004f3c                stdio_uart_in_chars
 .text.on_uart_rx
                0x10004fc8       0x28 CMakeFiles/pico-rom-em.dir/home/menadue/pico/pico-sdk/src/rp2_common/pico_stdio_uart/stdio_uart.c.o
 .text.stdio_uart_out_flush
                0x10004ff0       0x14 CMakeFiles/pico-rom-em.dir/home/menadue/pico/pico-sdk/src/rp2_common/pico_stdio_uart/stdio_uart.c.o
 .text.stdio_uart_set_chars_available_callback
                0x10005004       0x84 CMakeFiles/pico-rom-em.dir/home/menadue/pico/pico-sdk/src/rp2_common/pico_stdio_uart/stdio_uart.c.o
 .text.stdio_uart_init
                0x10005088       0x50 CMakeFiles/pico-rom-em.dir/home/menadue/pico/pico-sdk/src/rp2_common/pico_stdio_uart/stdio_uart.c.o
                0x10005088                stdio_uart_init
 .text.resetd_init
                0x100050d8        0x4 CMakeFiles/pico-rom-em.dir/home/menadue/pico/pico-sdk/src/rp2_common/pico_stdio_usb/reset_interface.c.o
 .text.resetd_reset
                0x100050dc        0xc CMakeFiles/pico-rom-em.dir/home/menadue/pico/pico-sdk/src/rp2_common/pico_stdio_usb/reset_interface.c.o
 .text.resetd_open
                0x100050e8       0x28 CMakeFiles/pico-rom-em.dir/home/menadue/pico/pico-sdk/src/rp2_common/pico_stdio_usb/reset_interface.c.o
 .text.resetd_xfer_cb
                0x10005110        0x4 CMakeFiles/pico-rom-em.dir/home/menadue/pico/pico-sdk/src/rp2_common/pico_stdio_usb/reset_interface.c.o
 .text.resetd_control_xfer_cb
                0x10005114       0x54 CMakeFiles/pico-rom-em.dir/home/menadue/pico/pico-sdk/src/rp2_common/pico_stdio_usb/reset_interface.c.o
 .text.tud_descriptor_bos_cb
                0x10005168        0x8 CMakeFiles/pico-rom-em.dir/home/menadue/pico/pico-sdk/src/rp2_common/pico_stdio_usb/reset_interface.c.o
                0x10005168                tud_descriptor_bos_cb
 .text.tud_vendor_control_xfer_cb
                0x10005170       0x38 CMakeFiles/pico-rom-em.dir/home/menadue/pico/pico-sdk/src/rp2_common/pico_stdio_usb/reset_interface.c.o
                0x10005170                tud_vendor_control_xfer_cb
 .text.usbd_app_driver_get_cb
                0x100051a8        0xc CMakeFiles/pico-rom-em.dir/home/menadue/pico/pico-sdk/src/rp2_common/pico_stdio_usb/reset_interface.c.o
                0x100051a8                usbd_app_driver_get_cb
 .text.tud_cdc_line_coding_cb
                0x100051b4       0x2c CMakeFiles/pico-rom-em.dir/home/menadue/pico/pico-sdk/src/rp2_common/pico_stdio_usb/reset_interface.c.o
                0x100051b4                tud_cdc_line_coding_cb
 .text.stdio_usb_set_chars_available_callback
                0x100051e0       0x14 CMakeFiles/pico-rom-em.dir/home/menadue/pico/pico-sdk/src/rp2_common/pico_stdio_usb/stdio_usb.c.o
                0x100051e0                stdio_usb_set_chars_available_callback
 .text.usb_irq  0x100051f4       0x10 CMakeFiles/pico-rom-em.dir/home/menadue/pico/pico-sdk/src/rp2_common/pico_stdio_usb/stdio_usb.c.o
 .text.timer_task
                0x10005204       0x64 CMakeFiles/pico-rom-em.dir/home/menadue/pico/pico-sdk/src/rp2_common/pico_stdio_usb/stdio_usb.c.o
 .text.stdio_usb_in_chars
                0x10005268       0x8c CMakeFiles/pico-rom-em.dir/home/menadue/pico/pico-sdk/src/rp2_common/pico_stdio_usb/stdio_usb.c.o
                0x10005268                stdio_usb_in_chars
 .text.stdio_usb_out_flush
                0x100052f4       0x4c CMakeFiles/pico-rom-em.dir/home/menadue/pico/pico-sdk/src/rp2_common/pico_stdio_usb/stdio_usb.c.o
 .text.stdio_usb_out_chars
                0x10005340       0xf8 CMakeFiles/pico-rom-em.dir/home/menadue/pico/pico-sdk/src/rp2_common/pico_stdio_usb/stdio_usb.c.o
 .text.low_priority_worker_irq
                0x10005438       0xc4 CMakeFiles/pico-rom-em.dir/home/menadue/pico/pico-sdk/src/rp2_common/pico_stdio_usb/stdio_usb.c.o
 .text.stdio_usb_init
                0x100054fc       0xe0 CMakeFiles/pico-rom-em.dir/home/menadue/pico/pico-sdk/src/rp2_common/pico_stdio_usb/stdio_usb.c.o
                0x100054fc                stdio_usb_init
 .text.tud_descriptor_device_cb
                0x100055dc        0x8 CMakeFiles/pico-rom-em.dir/home/menadue/pico/pico-sdk/src/rp2_common/pico_stdio_usb/stdio_usb_descriptors.c.o
                0x100055dc                tud_descriptor_device_cb
 .text.tud_descriptor_configuration_cb
                0x100055e4        0x8 CMakeFiles/pico-rom-em.dir/home/menadue/pico/pico-sdk/src/rp2_common/pico_stdio_usb/stdio_usb_descriptors.c.o
                0x100055e4                tud_descriptor_configuration_cb
 .text.tud_descriptor_string_cb
                0x100055ec       0x70 CMakeFiles/pico-rom-em.dir/home/menadue/pico/pico-sdk/src/rp2_common/pico_stdio_usb/stdio_usb_descriptors.c.o
                0x100055ec                tud_descriptor_string_cb
 .text.startup._retrieve_unique_id_on_boot
                0x1000565c       0x10 CMakeFiles/pico-rom-em.dir/home/menadue/pico/pico-sdk/src/rp2_common/pico_unique_id/unique_id.c.o
 .text.pico_get_unique_board_id_string
                0x1000566c      0x1e0 CMakeFiles/pico-rom-em.dir/home/menadue/pico/pico-sdk/src/rp2_common/pico_unique_id/unique_id.c.o
                0x1000566c                pico_get_unique_board_id_string
 .text.flash_get_unique_id
                0x1000584c       0x3c CMakeFiles/pico-rom-em.dir/home/menadue/pico/pico-sdk/src/rp2_common/hardware_flash/flash.c.o
                0x1000584c                flash_get_unique_id
 .text.dcd_init
                0x10005888       0x8c CMakeFiles/pico-rom-em.dir/home/menadue/pico/pico-sdk/lib/tinyusb/src/portable/raspberrypi/rp2040/dcd_rp2040.c.o
                0x10005888                dcd_init
 .text.dcd_int_enable
                0x10005914        0xc CMakeFiles/pico-rom-em.dir/home/menadue/pico/pico-sdk/lib/tinyusb/src/portable/raspberrypi/rp2040/dcd_rp2040.c.o
                0x10005914                dcd_int_enable
 .text.dcd_set_address
                0x10005920       0x14 CMakeFiles/pico-rom-em.dir/home/menadue/pico/pico-sdk/lib/tinyusb/src/portable/raspberrypi/rp2040/dcd_rp2040.c.o
                0x10005920                dcd_set_address
 .text.dcd_sof_enable
                0x10005934       0x1c CMakeFiles/pico-rom-em.dir/home/menadue/pico/pico-sdk/lib/tinyusb/src/portable/raspberrypi/rp2040/dcd_rp2040.c.o
                0x10005934                dcd_sof_enable
 .text.dcd_edpt0_status_complete
                0x10005950       0x1c CMakeFiles/pico-rom-em.dir/home/menadue/pico/pico-sdk/lib/tinyusb/src/portable/raspberrypi/rp2040/dcd_rp2040.c.o
                0x10005950                dcd_edpt0_status_complete
 .text.dcd_edpt_open
                0x1000596c      0x108 CMakeFiles/pico-rom-em.dir/home/menadue/pico/pico-sdk/lib/tinyusb/src/portable/raspberrypi/rp2040/dcd_rp2040.c.o
                0x1000596c                dcd_edpt_open
 .text.dcd_edpt_close_all
                0x10005a74        0x8 CMakeFiles/pico-rom-em.dir/home/menadue/pico/pico-sdk/lib/tinyusb/src/portable/raspberrypi/rp2040/dcd_rp2040.c.o
                0x10005a74                dcd_edpt_close_all
 .text.dcd_edpt_xfer
                0x10005a7c       0x24 CMakeFiles/pico-rom-em.dir/home/menadue/pico/pico-sdk/lib/tinyusb/src/portable/raspberrypi/rp2040/dcd_rp2040.c.o
                0x10005a7c                dcd_edpt_xfer
 .text.dcd_edpt_stall
                0x10005aa0       0x3c CMakeFiles/pico-rom-em.dir/home/menadue/pico/pico-sdk/lib/tinyusb/src/portable/raspberrypi/rp2040/dcd_rp2040.c.o
                0x10005aa0                dcd_edpt_stall
 .text.dcd_edpt_clear_stall
                0x10005adc       0x30 CMakeFiles/pico-rom-em.dir/home/menadue/pico/pico-sdk/lib/tinyusb/src/portable/raspberrypi/rp2040/dcd_rp2040.c.o
                0x10005adc                dcd_edpt_clear_stall
 .text.rp2040_usb_init
                0x10005b0c       0x40 CMakeFiles/pico-rom-em.dir/home/menadue/pico/pico-sdk/lib/tinyusb/src/portable/raspberrypi/rp2040/rp2040_usb.c.o
                0x10005b0c                rp2040_usb_init
 .text.hw_endpoint_xfer_start
                0x10005b4c       0x40 CMakeFiles/pico-rom-em.dir/home/menadue/pico/pico-sdk/lib/tinyusb/src/portable/raspberrypi/rp2040/rp2040_usb.c.o
                0x10005b4c                hw_endpoint_xfer_start
 .text.tud_event_hook_cb
                0x10005b8c        0x4 CMakeFiles/pico-rom-em.dir/home/menadue/pico/pico-sdk/lib/tinyusb/src/device/usbd.c.o
                0x10005b8c                tud_event_hook_cb
 .text.tud_sof_cb
                0x10005b90        0x4 CMakeFiles/pico-rom-em.dir/home/menadue/pico/pico-sdk/lib/tinyusb/src/device/usbd.c.o
                0x10005b90                tud_sof_cb
 .text.tud_descriptor_device_qualifier_cb
                0x10005b94        0x4 CMakeFiles/pico-rom-em.dir/home/menadue/pico/pico-sdk/lib/tinyusb/src/device/usbd.c.o
                0x10005b94                tud_descriptor_device_qualifier_cb
 .text.tud_descriptor_other_speed_configuration_cb
                0x10005b98        0x4 CMakeFiles/pico-rom-em.dir/home/menadue/pico/pico-sdk/lib/tinyusb/src/device/usbd.c.o
                0x10005b98                tud_descriptor_other_speed_configuration_cb
 .text.tud_mount_cb
                0x10005b9c        0x4 CMakeFiles/pico-rom-em.dir/home/menadue/pico/pico-sdk/lib/tinyusb/src/device/usbd.c.o
                0x10005b9c                tud_mount_cb
 .text.tud_umount_cb
                0x10005ba0        0x4 CMakeFiles/pico-rom-em.dir/home/menadue/pico/pico-sdk/lib/tinyusb/src/device/usbd.c.o
                0x10005ba0                tud_umount_cb
 .text.tud_suspend_cb
                0x10005ba4        0x4 CMakeFiles/pico-rom-em.dir/home/menadue/pico/pico-sdk/lib/tinyusb/src/device/usbd.c.o
                0x10005ba4                tud_suspend_cb
 .text.tud_resume_cb
                0x10005ba8        0x4 CMakeFiles/pico-rom-em.dir/home/menadue/pico/pico-sdk/lib/tinyusb/src/device/usbd.c.o
                0x10005ba8                tud_resume_cb
 .text.tud_mounted
                0x10005bac       0x10 CMakeFiles/pico-rom-em.dir/home/menadue/pico/pico-sdk/lib/tinyusb/src/device/usbd.c.o
                0x10005bac                tud_mounted
 .text.tud_suspended
                0x10005bbc       0x10 CMakeFiles/pico-rom-em.dir/home/menadue/pico/pico-sdk/lib/tinyusb/src/device/usbd.c.o
                0x10005bbc                tud_suspended
 .text.tud_init
                0x10005bcc       0xe0 CMakeFiles/pico-rom-em.dir/home/menadue/pico/pico-sdk/lib/tinyusb/src/device/usbd.c.o
                0x10005bcc                tud_init
 .text.tud_task_ext
                0x10005cac      0x7fc CMakeFiles/pico-rom-em.dir/home/menadue/pico/pico-sdk/lib/tinyusb/src/device/usbd.c.o
                0x10005cac                tud_task_ext
 .text.usbd_open_edpt_pair
                0x100064a8       0x98 CMakeFiles/pico-rom-em.dir/home/menadue/pico/pico-sdk/lib/tinyusb/src/device/usbd.c.o
                0x100064a8                usbd_open_edpt_pair
 .text.usbd_edpt_open
                0x10006540       0x34 CMakeFiles/pico-rom-em.dir/home/menadue/pico/pico-sdk/lib/tinyusb/src/device/usbd.c.o
                0x10006540                usbd_edpt_open
 .text.usbd_edpt_claim
                0x10006574       0x28 CMakeFiles/pico-rom-em.dir/home/menadue/pico/pico-sdk/lib/tinyusb/src/device/usbd.c.o
                0x10006574                usbd_edpt_claim
 .text.usbd_edpt_release
                0x1000659c       0x28 CMakeFiles/pico-rom-em.dir/home/menadue/pico/pico-sdk/lib/tinyusb/src/device/usbd.c.o
                0x1000659c                usbd_edpt_release
 .text.usbd_edpt_xfer
                0x100065c4       0x50 CMakeFiles/pico-rom-em.dir/home/menadue/pico/pico-sdk/lib/tinyusb/src/device/usbd.c.o
                0x100065c4                usbd_edpt_xfer
 .text.tud_control_status
                0x10006614       0x2c CMakeFiles/pico-rom-em.dir/home/menadue/pico/pico-sdk/lib/tinyusb/src/device/usbd_control.c.o
                0x10006614                tud_control_status
 .text.tud_control_xfer
                0x10006640       0xa0 CMakeFiles/pico-rom-em.dir/home/menadue/pico/pico-sdk/lib/tinyusb/src/device/usbd_control.c.o
                0x10006640                tud_control_xfer
 .text.usbd_control_reset
                0x100066e0       0x14 CMakeFiles/pico-rom-em.dir/home/menadue/pico/pico-sdk/lib/tinyusb/src/device/usbd_control.c.o
                0x100066e0                usbd_control_reset
 .text.usbd_control_set_complete_callback
                0x100066f4        0xc CMakeFiles/pico-rom-em.dir/home/menadue/pico/pico-sdk/lib/tinyusb/src/device/usbd_control.c.o
                0x100066f4                usbd_control_set_complete_callback
 .text.usbd_control_set_request
                0x10006700       0x1c CMakeFiles/pico-rom-em.dir/home/menadue/pico/pico-sdk/lib/tinyusb/src/device/usbd_control.c.o
                0x10006700                usbd_control_set_request
 .text.usbd_control_xfer_cb
                0x1000671c       0xe8 CMakeFiles/pico-rom-em.dir/home/menadue/pico/pico-sdk/lib/tinyusb/src/device/usbd_control.c.o
                0x1000671c                usbd_control_xfer_cb
 .text._prep_out_transaction.isra.0
                0x10006804       0x5c CMakeFiles/pico-rom-em.dir/home/menadue/pico/pico-sdk/lib/tinyusb/src/class/cdc/cdc_device.c.o
 .text.tud_cdc_n_connected
                0x10006860       0x34 CMakeFiles/pico-rom-em.dir/home/menadue/pico/pico-sdk/lib/tinyusb/src/class/cdc/cdc_device.c.o
                0x10006860                tud_cdc_n_connected
 .text.tud_cdc_n_available
                0x10006894       0x1c CMakeFiles/pico-rom-em.dir/home/menadue/pico/pico-sdk/lib/tinyusb/src/class/cdc/cdc_device.c.o
                0x10006894                tud_cdc_n_available
 .text.tud_cdc_n_read
                0x100068b0       0x9c CMakeFiles/pico-rom-em.dir/home/menadue/pico/pico-sdk/lib/tinyusb/src/class/cdc/cdc_device.c.o
                0x100068b0                tud_cdc_n_read
 .text.tud_cdc_n_write_flush
                0x1000694c       0x7c CMakeFiles/pico-rom-em.dir/home/menadue/pico/pico-sdk/lib/tinyusb/src/class/cdc/cdc_device.c.o
                0x1000694c                tud_cdc_n_write_flush
 .text.tud_cdc_n_write
                0x100069c8       0x44 CMakeFiles/pico-rom-em.dir/home/menadue/pico/pico-sdk/lib/tinyusb/src/class/cdc/cdc_device.c.o
                0x100069c8                tud_cdc_n_write
 .text.tud_cdc_n_write_available
                0x10006a0c       0x1c CMakeFiles/pico-rom-em.dir/home/menadue/pico/pico-sdk/lib/tinyusb/src/class/cdc/cdc_device.c.o
                0x10006a0c                tud_cdc_n_write_available
 .text.cdcd_init
                0x10006a28       0x74 CMakeFiles/pico-rom-em.dir/home/menadue/pico/pico-sdk/lib/tinyusb/src/class/cdc/cdc_device.c.o
                0x10006a28                cdcd_init
 .text.cdcd_deinit
                0x10006a9c       0x30 CMakeFiles/pico-rom-em.dir/home/menadue/pico/pico-sdk/lib/tinyusb/src/class/cdc/cdc_device.c.o
                0x10006a9c                cdcd_deinit
 .text.cdcd_reset
                0x10006acc       0x48 CMakeFiles/pico-rom-em.dir/home/menadue/pico/pico-sdk/lib/tinyusb/src/class/cdc/cdc_device.c.o
                0x10006acc                cdcd_reset
 .text.cdcd_open
                0x10006b14       0xb4 CMakeFiles/pico-rom-em.dir/home/menadue/pico/pico-sdk/lib/tinyusb/src/class/cdc/cdc_device.c.o
                0x10006b14                cdcd_open
 .text.cdcd_control_xfer_cb
                0x10006bc8       0xec CMakeFiles/pico-rom-em.dir/home/menadue/pico/pico-sdk/lib/tinyusb/src/class/cdc/cdc_device.c.o
                0x10006bc8                cdcd_control_xfer_cb
 .text.cdcd_xfer_cb
                0x10006cb4       0xf8 CMakeFiles/pico-rom-em.dir/home/menadue/pico/pico-sdk/lib/tinyusb/src/class/cdc/cdc_device.c.o
                0x10006cb4                cdcd_xfer_cb
 .text.vendord_init
                0x10006dac       0x5c CMakeFiles/pico-rom-em.dir/home/menadue/pico/pico-sdk/lib/tinyusb/src/class/vendor/vendor_device.c.o
                0x10006dac                vendord_init
 .text.vendord_deinit
                0x10006e08       0x1c CMakeFiles/pico-rom-em.dir/home/menadue/pico/pico-sdk/lib/tinyusb/src/class/vendor/vendor_device.c.o
                0x10006e08                vendord_deinit
 .text.vendord_reset
                0x10006e24       0x20 CMakeFiles/pico-rom-em.dir/home/menadue/pico/pico-sdk/lib/tinyusb/src/class/vendor/vendor_device.c.o
                0x10006e24                vendord_reset
 .text.vendord_open
                0x10006e44      0x10c CMakeFiles/pico-rom-em.dir/home/menadue/pico/pico-sdk/lib/tinyusb/src/class/vendor/vendor_device.c.o
                0x10006e44                vendord_open
 .text.vendord_xfer_cb
                0x10006f50       0xa0 CMakeFiles/pico-rom-em.dir/home/menadue/pico/pico-sdk/lib/tinyusb/src/class/vendor/vendor_device.c.o
                0x10006f50                vendord_xfer_cb
 .text.tusb_init
                0x10006ff0        0xc CMakeFiles/pico-rom-em.dir/home/menadue/pico/pico-sdk/lib/tinyusb/src/tusb.c.o
                0x10006ff0                tusb_init
 .text.tu_edpt_claim
                0x10006ffc       0x50 CMakeFiles/pico-rom-em.dir/home/menadue/pico/pico-sdk/lib/tinyusb/src/tusb.c.o
                0x10006ffc                tu_edpt_claim
 .text.tu_edpt_release
                0x1000704c       0x38 CMakeFiles/pico-rom-em.dir/home/menadue/pico/pico-sdk/lib/tinyusb/src/tusb.c.o
                0x1000704c                tu_edpt_release
 .text.tu_edpt_validate
                0x10007084       0x74 CMakeFiles/pico-rom-em.dir/home/menadue/pico/pico-sdk/lib/tinyusb/src/tusb.c.o
                0x10007084                tu_edpt_validate
 .text.tu_edpt_bind_driver
                0x100070f8       0x34 CMakeFiles/pico-rom-em.dir/home/menadue/pico/pico-sdk/lib/tinyusb/src/tusb.c.o
                0x100070f8                tu_edpt_bind_driver
 .text.tu_edpt_stream_init
                0x1000712c       0x68 CMakeFiles/pico-rom-em.dir/home/menadue/pico/pico-sdk/lib/tinyusb/src/tusb.c.o
                0x1000712c                tu_edpt_stream_init
 .text.tu_edpt_stream_deinit
                0x10007194        0x4 CMakeFiles/pico-rom-em.dir/home/menadue/pico/pico-sdk/lib/tinyusb/src/tusb.c.o
                0x10007194                tu_edpt_stream_deinit
 .text.tu_edpt_stream_write_zlp_if_needed
                0x10007198       0x64 CMakeFiles/pico-rom-em.dir/home/menadue/pico/pico-sdk/lib/tinyusb/src/tusb.c.o
                0x10007198                tu_edpt_stream_write_zlp_if_needed
 .text.tu_edpt_stream_write_xfer
                0x100071fc       0x6c CMakeFiles/pico-rom-em.dir/home/menadue/pico/pico-sdk/lib/tinyusb/src/tusb.c.o
                0x100071fc                tu_edpt_stream_write_xfer
 .text.tu_edpt_stream_read_xfer
                0x10007268       0xd8 CMakeFiles/pico-rom-em.dir/home/menadue/pico/pico-sdk/lib/tinyusb/src/tusb.c.o
                0x10007268                tu_edpt_stream_read_xfer
 .text.tu_fifo_config
                0x10007340       0x6c CMakeFiles/pico-rom-em.dir/home/menadue/pico/pico-sdk/lib/tinyusb/src/common/tusb_fifo.c.o
                0x10007340                tu_fifo_config
 .text.tu_fifo_count
                0x100073ac       0x2c CMakeFiles/pico-rom-em.dir/home/menadue/pico/pico-sdk/lib/tinyusb/src/common/tusb_fifo.c.o
                0x100073ac                tu_fifo_count
 .text.tu_fifo_empty
                0x100073d8       0x10 CMakeFiles/pico-rom-em.dir/home/menadue/pico/pico-sdk/lib/tinyusb/src/common/tusb_fifo.c.o
                0x100073d8                tu_fifo_empty
 .text.tu_fifo_remaining
                0x100073e8       0x2c CMakeFiles/pico-rom-em.dir/home/menadue/pico/pico-sdk/lib/tinyusb/src/common/tusb_fifo.c.o
                0x100073e8                tu_fifo_remaining
 .text.tu_fifo_read
                0x10007414       0x9c CMakeFiles/pico-rom-em.dir/home/menadue/pico/pico-sdk/lib/tinyusb/src/common/tusb_fifo.c.o
                0x10007414                tu_fifo_read
 .text.tu_fifo_read_n
                0x100074b0       0xec CMakeFiles/pico-rom-em.dir/home/menadue/pico/pico-sdk/lib/tinyusb/src/common/tusb_fifo.c.o
                0x100074b0                tu_fifo_read_n
 .text.tu_fifo_write
                0x1000759c       0xa4 CMakeFiles/pico-rom-em.dir/home/menadue/pico/pico-sdk/lib/tinyusb/src/common/tusb_fifo.c.o
                0x1000759c                tu_fifo_write
 .text.tu_fifo_write_n
                0x10007640      0x168 CMakeFiles/pico-rom-em.dir/home/menadue/pico/pico-sdk/lib/tinyusb/src/common/tusb_fifo.c.o
                0x10007640                tu_fifo_write_n
 .text.tu_fifo_clear
                0x100077a8       0x40 CMakeFiles/pico-rom-em.dir/home/menadue/pico/pico-sdk/lib/tinyusb/src/common/tusb_fifo.c.o
                0x100077a8                tu_fifo_clear
 .text.tu_fifo_set_overwritable
                0x100077e8       0x48 CMakeFiles/pico-rom-em.dir/home/menadue/pico/pico-sdk/lib/tinyusb/src/common/tusb_fifo.c.o
                0x100077e8                tu_fifo_set_overwritable
 .text.core1_trampoline
                0x10007830        0x4 CMakeFiles/pico-rom-em.dir/home/menadue/pico/pico-sdk/src/rp2_common/pico_multicore/multicore.c.o
 .text.core1_wrapper
                0x10007834        0xc CMakeFiles/pico-rom-em.dir/home/menadue/pico/pico-sdk/src/rp2_common/pico_multicore/multicore.c.o
                0x10007834                core1_wrapper
 .text.multicore_launch_core1_raw
                0x10007840       0x88 CMakeFiles/pico-rom-em.dir/home/menadue/pico/pico-sdk/src/rp2_common/pico_multicore/multicore.c.o
                0x10007840                multicore_launch_core1_raw
 .text.multicore_launch_core1
                0x100078c8       0x5c CMakeFiles/pico-rom-em.dir/home/menadue/pico/pico-sdk/src/rp2_common/pico_multicore/multicore.c.o
                0x100078c8                multicore_launch_core1
 .text.atexit   0x10007924       0x10 /usr/lib/gcc/arm-none-eabi/15.2.0/../../../../arm-none-eabi/lib/thumb/v6-m/nofp/libg.a(libc_a-atexit.o)
                0x10007924                atexit
 .text.strcat   0x10007934       0x4c /usr/lib/gcc/arm-none-eabi/15.2.0/../../../../arm-none-eabi/lib/thumb/v6-m/nofp/libg.a(libc_a-strcat.o)
                0x10007934                strcat
 .text.__libc_fini_array
                0x10007980       0x28 /usr/lib/gcc/arm-none-eabi/15.2.0/../../../../arm-none-eabi/lib/thumb/v6-m/nofp/libg.a(libc_a-fini.o)
                0x10007980                __libc_fini_array
 .text.__retarget_lock_acquire_recursive
                0x100079a8        0x4 /usr/lib/gcc/arm-none-eabi/15.2.0/../../../../arm-none-eabi/lib/thumb/v6-m/nofp/libg.a(libc_a-lock.o)
                0x100079a8                __retarget_lock_acquire_recursive
 .text.__retarget_lock_release_recursive
                0x100079ac        0x4 /usr/lib/gcc/arm-none-eabi/15.2.0/../../../../arm-none-eabi/lib/thumb/v6-m/nofp/libg.a(libc_a-lock.o)
                0x100079ac                __retarget_lock_release_recursive
 .text.strcpy   0x100079b0       0x10 /usr/lib/gcc/arm-none-eabi/15.2.0/../../../../arm-none-eabi/lib/thumb/v6-m/nofp/libg.a(libc_a-strcpy.o)
                0x100079b0                strcpy
 .text.strlen   0x100079c0       0x60 /usr/lib/gcc/arm-none-eabi/15.2.0/../../../../arm-none-eabi/lib/thumb/v6-m/nofp/libg.a(libc_a-strlen-stub.o)
                0x100079c0                strlen
 .text.__register_exitproc
                0x10007a20       0x94 /usr/lib/gcc/arm-none-eabi/15.2.0/../../../../arm-none-eabi/lib/thumb/v6-m/nofp/libg.a(libc_a-__atexit.o)
                0x10007a20                __register_exitproc
 .text.startup.register_fini
                0x10007ab4       0x18 /usr/lib/gcc/arm-none-eabi/15.2.0/../../../../arm-none-eabi/lib/thumb/v6-m/nofp/libg.a(libc_a-__call_atexit.o)
 *(.fini)
 .fini          0x10007acc        0x4 /usr/lib/gcc/arm-none-eabi/15.2.0/thumb/v6-m/nofp/crti.o
                0x10007acc                _fini
 .fini.__stub   0x10007ad0       0xc0 linker stubs
 *crtbegin.o(.ctors)
 *crtbegin?.o(.ctors)
 *(EXCLUDE_FILE(*crtend.o *crtend?.o) .ctors)
 *(SORT_BY_NAME(.ctors.*))
 *(.ctors)
 *crtbegin.o(.dtors)
 *crtbegin?.o(.dtors)
 *(EXCLUDE_FILE(*crtend.o *crtend?.o) .dtors)
 *(SORT_BY_NAME(.dtors.*))
 *(.dtors)
                0x10007b90                        . = ALIGN (0x4)
                0x10007b90                        PROVIDE (__preinit_array_start = .)
 *(SORT_BY_NAME(.preinit_array.*))
 .preinit_array.00100
                0x10007b90        0x4 CMakeFiles/pico-rom-em.dir/home/menadue/pico/pico-sdk/src/rp2_common/pico_runtime_init/runtime_init.c.o
                0x10007b90                __pre_init_runtime_init_early_resets
 .preinit_array.00101
                0x10007b94        0x4 CMakeFiles/pico-rom-em.dir/home/menadue/pico/pico-sdk/src/rp2_common/pico_runtime_init/runtime_init.c.o
                0x10007b94                __pre_init_runtime_init_usb_power_down
 .preinit_array.00275
                0x10007b98        0x4 CMakeFiles/pico-rom-em.dir/home/menadue/pico/pico-sdk/src/rp2_common/pico_bit_ops/bit_ops_aeabi.S.o
 .preinit_array.00300
                0x10007b9c        0x4 CMakeFiles/pico-rom-em.dir/home/menadue/pico/pico-sdk/src/rp2_common/pico_mem_ops/mem_ops_aeabi.S.o
 .preinit_array.00350
                0x10007ba0        0x4 CMakeFiles/pico-rom-em.dir/home/menadue/pico/pico-sdk/src/rp2_common/pico_double/double_aeabi_rp2040.S.o
 .preinit_array.00350
                0x10007ba4        0x4 CMakeFiles/pico-rom-em.dir/home/menadue/pico/pico-sdk/src/rp2_common/pico_float/float_aeabi_rp2040.S.o
 .preinit_array.00500
                0x10007ba8        0x4 CMakeFiles/pico-rom-em.dir/home/menadue/pico/pico-sdk/src/rp2_common/pico_runtime_init/runtime_init.c.o
                0x10007ba8                __pre_init_runtime_init_clocks
 .preinit_array.00600
                0x10007bac        0x4 CMakeFiles/pico-rom-em.dir/home/menadue/pico/pico-sdk/src/rp2_common/pico_runtime_init/runtime_init.c.o
                0x10007bac                __pre_init_runtime_init_post_clock_resets
 .preinit_array.00700
                0x10007bb0        0x4 CMakeFiles/pico-rom-em.dir/home/menadue/pico/pico-sdk/src/rp2_common/pico_runtime_init/runtime_init.c.o
                0x10007bb0                __pre_init_runtime_init_rp2040_gpio_ie_disable
 .preinit_array.01000
                0x10007bb4        0x4 CMakeFiles/pico-rom-em.dir/home/menadue/pico/pico-sdk/src/rp2_common/pico_runtime_init/runtime_init.c.o
                0x10007bb4                __pre_init_runtime_init_spin_locks_reset
 .preinit_array.01100
                0x10007bb8        0x4 CMakeFiles/pico-rom-em.dir/home/menadue/pico/pico-sdk/src/common/pico_sync/mutex.c.o
                0x10007bb8                __pre_init_runtime_init_mutex
 .preinit_array.10080
                0x10007bbc        0x4 CMakeFiles/pico-rom-em.dir/home/menadue/pico/pico-sdk/src/rp2_common/pico_runtime_init/runtime_init.c.o
                0x10007bbc                __pre_init_runtime_init_install_ram_vector_table
 .preinit_array.11000
                0x10007bc0        0x4 CMakeFiles/pico-rom-em.dir/home/menadue/pico/pico-sdk/src/common/pico_time/time.c.o
                0x10007bc0                __pre_init_runtime_init_default_alarm_pool
 .preinit_array.YYYYY
                0x10007bc4        0x4 CMakeFiles/pico-rom-em.dir/home/menadue/pico/pico-sdk/src/rp2_common/pico_runtime/runtime.c.o
                0x10007bc4                __pre_init_first_per_core_initializer
 .preinit_array.ZZZZZ.01200
                0x10007bc8        0x4 CMakeFiles/pico-rom-em.dir/home/menadue/pico/pico-sdk/src/rp2_common/hardware_irq/irq.c.o
                0x10007bc8                __pre_init_runtime_init_per_core_irq_priorities
 *(.preinit_array)
                0x10007bcc                        PROVIDE (__preinit_array_end = .)
                0x10007bcc                        . = ALIGN (0x4)
                0x10007bcc                        PROVIDE (__init_array_start = .)
 *(SORT_BY_NAME(.init_array.*))
 .init_array.00000
                0x10007bcc        0x4 /usr/lib/gcc/arm-none-eabi/15.2.0/../../../../arm-none-eabi/lib/thumb/v6-m/nofp/libg.a(libc_a-__call_atexit.o)
 *(.init_array)
 .init_array    0x10007bd0        0x4 /usr/lib/gcc/arm-none-eabi/15.2.0/thumb/v6-m/nofp/crtbegin.o
 .init_array    0x10007bd4        0x4 CMakeFiles/pico-rom-em.dir/home/menadue/pico/pico-sdk/src/rp2_common/pico_unique_id/unique_id.c.o
                0x10007bd8                        PROVIDE (__init_array_end = .)
                0x10007bd8                        . = ALIGN (0x4)
                0x10007bd8                        PROVIDE (__fini_array_start = .)
 *(SORT_BY_NAME(.fini_array.*))
 *(.fini_array)
                0x10007bd8                        PROVIDE (__fini_array_end = .)
 *(.eh_frame*)
 .eh_frame      0x10007bd8        0x0 /usr/lib/gcc/arm-none-eabi/15.2.0/thumb/v6-m/nofp/crtbegin.o
                0x10007bd8                        . = ALIGN (0x4)

.glue_7         0x10007bd8        0x0
 .glue_7        0x10007bd8        0x0 linker stubs

.glue_7t        0x10007bd8        0x0
 .glue_7t       0x10007bd8        0x0 linker stubs

.vfp11_veneer   0x10007bd8        0x0
 .vfp11_veneer  0x10007bd8        0x0 linker stubs

.v4_bx          0x10007bd8        0x0
 .v4_bx         0x10007bd8        0x0 linker stubs

.iplt           0x10007bd8        0x0
 .iplt          0x10007bd8        0x0 /usr/lib/gcc/arm-none-eabi/15.2.0/thumb/v6-m/nofp/crtbegin.o

.rodata         0x10007bd8      0xa44
 *(EXCLUDE_FILE(*libm.a: *libc.a:*lib_a-mem*.o *libgcc.a:) .rodata*)
 .rodata.cli_information.str1.4
                0x10007bd8      0x414 CMakeFiles/pico-rom-em.dir/pico-rom-em.c.o
                                  0xd (size before relaxing)
 .rodata.cli_digit.str1.4
                0x10007fec        0x0 CMakeFiles/pico-rom-em.dir/pico-rom-em.c.o
                                  0x4 (size before relaxing)
 .rodata.cli_dump_trace.str1.4
                0x10007fec        0x0 CMakeFiles/pico-rom-em.dir/pico-rom-em.c.o
                                 0x42 (size before relaxing)
 .rodata.serial_help.str1.4
                0x10007fec        0x0 CMakeFiles/pico-rom-em.dir/pico-rom-em.c.o
                                 0x28 (size before relaxing)
 .rodata.cli_dump_ram.str1.4
                0x10007fec        0x0 CMakeFiles/pico-rom-em.dir/pico-rom-em.c.o
                                 0x1b (size before relaxing)
 .rodata.cli_enter_parameter.str1.4
                0x10007fec        0x0 CMakeFiles/pico-rom-em.dir/pico-rom-em.c.o
                                 0x59 (size before relaxing)
 .rodata.main.str1.4
                0x10007fec        0x0 CMakeFiles/pico-rom-em.dir/pico-rom-em.c.o
                                 0xfd (size before relaxing)
 .rodata.str1.4
                0x10007fec        0x0 CMakeFiles/pico-rom-em.dir/pico-rom-em.c.o
                                 0x77 (size before relaxing)
 .rodata.data_pins
                0x10007fec       0x20 CMakeFiles/pico-rom-em.dir/pico-rom-em.c.o
                0x10007fec                data_pins
 .rodata.address_pins
                0x1000800c       0x40 CMakeFiles/pico-rom-em.dir/pico-rom-em.c.o
                0x1000800c                address_pins
 .rodata.panic.str1.4
                0x1000804c        0x0 CMakeFiles/pico-rom-em.dir/home/menadue/pico/pico-sdk/src/rp2_common/pico_platform_panic/panic.c.o
                                 0x12 (size before relaxing)
 .rodata.spin_lock_claim_unused.str1.4
                0x1000804c        0x0 CMakeFiles/pico-rom-em.dir/home/menadue/pico/pico-sdk/src/rp2_common/hardware_sync/sync.c.o
                                 0x1b (size before relaxing)
 .rodata.user_irq_claim_unused.str1.4
                0x1000804c        0x0 CMakeFiles/pico-rom-em.dir/home/menadue/pico/pico-sdk/src/rp2_common/hardware_irq/irq.c.o
                                 0x1b (size before relaxing)
 .rodata.timer_hardware_alarm_claim.str1.4
                0x1000804c        0x0 CMakeFiles/pico-rom-em.dir/home/menadue/pico/pico-sdk/src/rp2_common/hardware_timer/timer.c.o
                                 0x22 (size before relaxing)
 .rodata.hard_assertion_failure.str1.4
                0x1000804c        0x0 CMakeFiles/pico-rom-em.dir/home/menadue/pico/pico-sdk/src/rp2_common/pico_runtime/runtime.c.o
                                  0xc (size before relaxing)
 .rodata.str1.4
                0x1000804c        0x0 CMakeFiles/pico-rom-em.dir/home/menadue/pico/pico-sdk/src/rp2_common/pico_standard_binary_info/standard_binary_info.c.o
                                 0x44 (size before relaxing)
 .rodata.__bi_84
                0x1000804c        0xc CMakeFiles/pico-rom-em.dir/home/menadue/pico/pico-sdk/src/rp2_common/pico_standard_binary_info/standard_binary_info.c.o
 .rodata.__bi_78
                0x10008058        0xc CMakeFiles/pico-rom-em.dir/home/menadue/pico/pico-sdk/src/rp2_common/pico_standard_binary_info/standard_binary_info.c.o
 .rodata.__bi_60
                0x10008064        0xc CMakeFiles/pico-rom-em.dir/home/menadue/pico/pico-sdk/src/rp2_common/pico_standard_binary_info/standard_binary_info.c.o
 .rodata.__bi_54
                0x10008070        0xc CMakeFiles/pico-rom-em.dir/home/menadue/pico/pico-sdk/src/rp2_common/pico_standard_binary_info/standard_binary_info.c.o
 .rodata.__bi_48
                0x1000807c        0xc CMakeFiles/pico-rom-em.dir/home/menadue/pico/pico-sdk/src/rp2_common/pico_standard_binary_info/standard_binary_info.c.o
 .rodata.__bi_42
                0x10008088        0xc CMakeFiles/pico-rom-em.dir/home/menadue/pico/pico-sdk/src/rp2_common/pico_standard_binary_info/standard_binary_info.c.o
 .rodata.__bi_34
                0x10008094        0xc CMakeFiles/pico-rom-em.dir/home/menadue/pico/pico-sdk/src/rp2_common/pico_standard_binary_info/standard_binary_info.c.o
 .rodata.__bi_26
                0x100080a0        0xc CMakeFiles/pico-rom-em.dir/home/menadue/pico/pico-sdk/src/rp2_common/pico_standard_binary_info/standard_binary_info.c.o
 .rodata._ftoa.str1.4
                0x100080ac        0x0 CMakeFiles/pico-rom-em.dir/home/menadue/pico/pico-sdk/src/rp2_common/pico_printf/printf.c.o
                                 0x15 (size before relaxing)
 .rodata._vsnprintf
                0x100080ac      0x19c CMakeFiles/pico-rom-em.dir/home/menadue/pico/pico-sdk/src/rp2_common/pico_printf/printf.c.o
 .rodata.pow10.0
                0x10008248       0x50 CMakeFiles/pico-rom-em.dir/home/menadue/pico/pico-sdk/src/rp2_common/pico_printf/printf.c.o
 .rodata.crlf_str.0
                0x10008298        0x2 CMakeFiles/pico-rom-em.dir/home/menadue/pico/pico-sdk/src/rp2_common/pico_stdio/stdio.c.o
 .rodata.str1.4
                0x1000829a        0x0 CMakeFiles/pico-rom-em.dir/home/menadue/pico/pico-sdk/src/rp2_common/pico_stdio_uart/stdio_uart.c.o
                                 0x2c (size before relaxing)
 *fill*         0x1000829a        0x2 
 .rodata.__bi_45.4
                0x1000829c        0xc CMakeFiles/pico-rom-em.dir/home/menadue/pico/pico-sdk/src/rp2_common/pico_stdio_uart/stdio_uart.c.o
 .rodata.__bi_49.5
                0x100082a8        0x8 CMakeFiles/pico-rom-em.dir/home/menadue/pico/pico-sdk/src/rp2_common/pico_stdio_uart/stdio_uart.c.o
 .rodata.__bi_50.6
                0x100082b0        0x8 CMakeFiles/pico-rom-em.dir/home/menadue/pico/pico-sdk/src/rp2_common/pico_stdio_uart/stdio_uart.c.o
 .rodata._resetd_driver
                0x100082b8       0x20 CMakeFiles/pico-rom-em.dir/home/menadue/pico/pico-sdk/src/rp2_common/pico_stdio_usb/reset_interface.c.o
 .rodata.desc_ms_os_20
                0x100082d8       0xa6 CMakeFiles/pico-rom-em.dir/home/menadue/pico/pico-sdk/src/rp2_common/pico_stdio_usb/reset_interface.c.o
 *fill*         0x1000837e        0x2 
 .rodata.desc_bos
                0x10008380       0x21 CMakeFiles/pico-rom-em.dir/home/menadue/pico/pico-sdk/src/rp2_common/pico_stdio_usb/reset_interface.c.o
                0x10008380                desc_bos
 .rodata.str1.4
                0x100083a1        0x0 CMakeFiles/pico-rom-em.dir/home/menadue/pico/pico-sdk/src/rp2_common/pico_stdio_usb/stdio_usb.c.o
                                 0x13 (size before relaxing)
 *fill*         0x100083a1        0x3 
 .rodata.__bi_197.0
                0x100083a4        0xc CMakeFiles/pico-rom-em.dir/home/menadue/pico/pico-sdk/src/rp2_common/pico_stdio_usb/stdio_usb.c.o
 .rodata.str1.4
                0x100083b0        0x0 CMakeFiles/pico-rom-em.dir/home/menadue/pico/pico-sdk/src/rp2_common/pico_stdio_usb/stdio_usb_descriptors.c.o
                                 0x2a (size before relaxing)
 .rodata.usbd_desc_str
                0x100083b0       0x18 CMakeFiles/pico-rom-em.dir/home/menadue/pico/pico-sdk/src/rp2_common/pico_stdio_usb/stdio_usb_descriptors.c.o
 .rodata.usbd_desc_cfg
                0x100083c8       0x54 CMakeFiles/pico-rom-em.dir/home/menadue/pico/pico-sdk/src/rp2_common/pico_stdio_usb/stdio_usb_descriptors.c.o
 .rodata.usbd_desc_device
                0x1000841c       0x12 CMakeFiles/pico-rom-em.dir/home/menadue/pico/pico-sdk/src/rp2_common/pico_stdio_usb/stdio_usb_descriptors.c.o
 .rodata.str1.4
                0x1000842e        0x0 CMakeFiles/pico-rom-em.dir/home/menadue/pico/pico-sdk/lib/tinyusb/src/portable/raspberrypi/rp2040/dcd_rp2040.c.o
                                 0x14 (size before relaxing)
 .rodata.str1.4
                0x1000842e        0x0 CMakeFiles/pico-rom-em.dir/home/menadue/pico/pico-sdk/lib/tinyusb/src/portable/raspberrypi/rp2040/rp2040_usb.c.o
                                 0x48 (size before relaxing)
 *fill*         0x1000842e        0x2 
 .rodata.tud_task_ext
                0x10008430       0x8c CMakeFiles/pico-rom-em.dir/home/menadue/pico/pico-sdk/lib/tinyusb/src/device/usbd.c.o
 .rodata        0x100084bc       0x1c CMakeFiles/pico-rom-em.dir/home/menadue/pico/pico-sdk/lib/tinyusb/src/device/usbd.c.o
 .rodata._usbd_driver
                0x100084d8       0x40 CMakeFiles/pico-rom-em.dir/home/menadue/pico/pico-sdk/lib/tinyusb/src/device/usbd.c.o
 .rodata._ctype_
                0x10008518      0x101 /usr/lib/gcc/arm-none-eabi/15.2.0/../../../../arm-none-eabi/lib/thumb/v6-m/nofp/libg.a(libc_a-ctype_.o)
                0x10008518                _ctype_
                0x1000861c                        . = ALIGN (0x4)
 *fill*         0x10008619        0x3 
 *(SORT_BY_ALIGNMENT(SORT_BY_NAME(.flashdata*)))
                0x1000861c                        . = ALIGN (0x4)

.ARM.extab
 *(.ARM.extab* .gnu.linkonce.armextab.*)
                0x1000861c                        __exidx_start = .

.ARM.exidx
 *(.ARM.exidx* .gnu.linkonce.armexidx.*)
                0x1000861c                        __exidx_end = .
                0x1000861c                        . = ALIGN (0x4)
                0x1000861c                        __binary_info_start = .

.binary_info    0x1000861c       0x30
 *(.binary_info.keep.*)
 .binary_info.keep.__bi_ptr84
                0x1000861c        0x4 CMakeFiles/pico-rom-em.dir/home/menadue/pico/pico-sdk/src/rp2_common/pico_standard_binary_info/standard_binary_info.c.o
 .binary_info.keep.__bi_ptr78
                0x10008620        0x4 CMakeFiles/pico-rom-em.dir/home/menadue/pico/pico-sdk/src/rp2_common/pico_standard_binary_info/standard_binary_info.c.o
 .binary_info.keep.__bi_ptr60
                0x10008624        0x4 CMakeFiles/pico-rom-em.dir/home/menadue/pico/pico-sdk/src/rp2_common/pico_standard_binary_info/standard_binary_info.c.o
 .binary_info.keep.__bi_ptr54
                0x10008628        0x4 CMakeFiles/pico-rom-em.dir/home/menadue/pico/pico-sdk/src/rp2_common/pico_standard_binary_info/standard_binary_info.c.o
 .binary_info.keep.__bi_ptr48
                0x1000862c        0x4 CMakeFiles/pico-rom-em.dir/home/menadue/pico/pico-sdk/src/rp2_common/pico_standard_binary_info/standard_binary_info.c.o
 .binary_info.keep.__bi_ptr42
                0x10008630        0x4 CMakeFiles/pico-rom-em.dir/home/menadue/pico/pico-sdk/src/rp2_common/pico_standard_binary_info/standard_binary_info.c.o
 .binary_info.keep.__bi_ptr34
                0x10008634        0x4 CMakeFiles/pico-rom-em.dir/home/menadue/pico/pico-sdk/src/rp2_common/pico_standard_binary_info/standard_binary_info.c.o
 .binary_info.keep.__bi_ptr26
                0x10008638        0x4 CMakeFiles/pico-rom-em.dir/home/menadue/pico/pico-sdk/src/rp2_common/pico_standard_binary_info/standard_binary_info.c.o
 *(.binary_info.*)
 .binary_info.__bi_ptr50
                0x1000863c        0x4 CMakeFiles/pico-rom-em.dir/home/menadue/pico/pico-sdk/src/rp2_common/pico_stdio_uart/stdio_uart.c.o
 .binary_info.__bi_ptr49
                0x10008640        0x4 CMakeFiles/pico-rom-em.dir/home/menadue/pico/pico-sdk/src/rp2_common/pico_stdio_uart/stdio_uart.c.o
 .binary_info.__bi_ptr45
                0x10008644        0x4 CMakeFiles/pico-rom-em.dir/home/menadue/pico/pico-sdk/src/rp2_common/pico_stdio_uart/stdio_uart.c.o
 .binary_info.__bi_ptr197
                0x10008648        0x4 CMakeFiles/pico-rom-em.dir/home/menadue/pico/pico-sdk/src/rp2_common/pico_stdio_usb/stdio_usb.c.o
                0x1000864c                        __binary_info_end = .

.rel.dyn        0x1000864c        0x0
 .rel.iplt      0x1000864c        0x0 /usr/lib/gcc/arm-none-eabi/15.2.0/thumb/v6-m/nofp/crtbegin.o
                0x1000864c                        . = ALIGN (0x4)

.ram_vector_table
                0x20000000       0xc0
 *(.ram_vector_table)
 .ram_vector_table
                0x20000000       0xc0 CMakeFiles/pico-rom-em.dir/home/menadue/pico/pico-sdk/src/rp2_common/pico_runtime_init/runtime_init.c.o
                0x20000000                ram_vector_table

.uninitialized_data
                0x200000c0        0x0
                0x200000c0                        . = ALIGN (0x4)
 *(.uninitialized_data*)

.data           0x200000c0     0x1884 load address 0x1000864c
                0x200000c0                        __data_start__ = .
 *(vtable)
 *(.time_critical*)
 .time_critical.mutex_try_enter
                0x200000c0       0x40 CMakeFiles/pico-rom-em.dir/home/menadue/pico/pico-sdk/src/common/pico_sync/mutex.c.o
                0x200000c0                mutex_try_enter
 .time_critical.mutex_try_enter_block_until
                0x20000100       0x98 CMakeFiles/pico-rom-em.dir/home/menadue/pico/pico-sdk/src/common/pico_sync/mutex.c.o
                0x20000100                mutex_try_enter_block_until
 .time_critical.mutex_enter_timeout_ms
                0x20000198       0x8c CMakeFiles/pico-rom-em.dir/home/menadue/pico/pico-sdk/src/common/pico_sync/mutex.c.o
                0x20000198                mutex_enter_timeout_ms
 .time_critical.mutex_exit
                0x20000224       0x28 CMakeFiles/pico-rom-em.dir/home/menadue/pico/pico-sdk/src/common/pico_sync/mutex.c.o
                0x20000224                mutex_exit
 .time_critical.flash_init_boot2_copyout
                0x2000024c       0x30 CMakeFiles/pico-rom-em.dir/home/menadue/pico/pico-sdk/src/rp2_common/hardware_flash/flash.c.o
 .time_critical.flash_enable_xip_via_boot2
                0x2000027c        0xc CMakeFiles/pico-rom-em.dir/home/menadue/pico/pico-sdk/src/rp2_common/hardware_flash/flash.c.o
 .time_critical.flash_cs_force
                0x20000288       0x38 CMakeFiles/pico-rom-em.dir/home/menadue/pico/pico-sdk/src/rp2_common/hardware_flash/flash.c.o
 .time_critical.flash_do_cmd
                0x200002c0      0x114 CMakeFiles/pico-rom-em.dir/home/menadue/pico/pico-sdk/src/rp2_common/hardware_flash/flash.c.o
                0x200002c0                flash_do_cmd
 .time_critical.reset_non_control_endpoints
                0x200003d4       0x68 CMakeFiles/pico-rom-em.dir/home/menadue/pico/pico-sdk/lib/tinyusb/src/portable/raspberrypi/rp2040/dcd_rp2040.c.o
 .time_critical.hw_handle_buff_status
                0x2000043c       0xa0 CMakeFiles/pico-rom-em.dir/home/menadue/pico/pico-sdk/lib/tinyusb/src/portable/raspberrypi/rp2040/dcd_rp2040.c.o
 .time_critical.dcd_rp2040_irq
                0x200004dc      0x568 CMakeFiles/pico-rom-em.dir/home/menadue/pico/pico-sdk/lib/tinyusb/src/portable/raspberrypi/rp2040/dcd_rp2040.c.o
 .time_critical.prepare_ep_buffer
                0x20000a44       0xc4 CMakeFiles/pico-rom-em.dir/home/menadue/pico/pico-sdk/lib/tinyusb/src/portable/raspberrypi/rp2040/rp2040_usb.c.o
 .time_critical.sync_ep_buffer
                0x20000b08       0xa0 CMakeFiles/pico-rom-em.dir/home/menadue/pico/pico-sdk/lib/tinyusb/src/portable/raspberrypi/rp2040/rp2040_usb.c.o
 .time_critical._hw_endpoint_xfer_sync
                0x20000ba8       0x28 CMakeFiles/pico-rom-em.dir/home/menadue/pico/pico-sdk/lib/tinyusb/src/portable/raspberrypi/rp2040/rp2040_usb.c.o
 .time_critical.e15_is_bulkin_ep
                0x20000bd0       0x28 CMakeFiles/pico-rom-em.dir/home/menadue/pico/pico-sdk/lib/tinyusb/src/portable/raspberrypi/rp2040/rp2040_usb.c.o
 .time_critical.e15_is_critical_frame_period
                0x20000bf8       0x30 CMakeFiles/pico-rom-em.dir/home/menadue/pico/pico-sdk/lib/tinyusb/src/portable/raspberrypi/rp2040/rp2040_usb.c.o
 .time_critical.hw_endpoint_reset_transfer
                0x20000c28        0xc CMakeFiles/pico-rom-em.dir/home/menadue/pico/pico-sdk/lib/tinyusb/src/portable/raspberrypi/rp2040/rp2040_usb.c.o
                0x20000c28                hw_endpoint_reset_transfer
 .time_critical._hw_endpoint_buffer_control_update32
                0x20000c34       0x50 CMakeFiles/pico-rom-em.dir/home/menadue/pico/pico-sdk/lib/tinyusb/src/portable/raspberrypi/rp2040/rp2040_usb.c.o
                0x20000c34                _hw_endpoint_buffer_control_update32
 .time_critical.hw_endpoint_start_next_buffer
                0x20000c84       0x68 CMakeFiles/pico-rom-em.dir/home/menadue/pico/pico-sdk/lib/tinyusb/src/portable/raspberrypi/rp2040/rp2040_usb.c.o
                0x20000c84                hw_endpoint_start_next_buffer
 .time_critical.hw_endpoint_xfer_continue
                0x20000cec       0x40 CMakeFiles/pico-rom-em.dir/home/menadue/pico/pico-sdk/lib/tinyusb/src/portable/raspberrypi/rp2040/rp2040_usb.c.o
                0x20000cec                hw_endpoint_xfer_continue
 .time_critical.tinyusb
                0x20000d2c      0x1d8 CMakeFiles/pico-rom-em.dir/home/menadue/pico/pico-sdk/lib/tinyusb/src/device/usbd.c.o
                0x20000d2c                dcd_event_handler
 *(.text*)
 .text          0x20000f04        0x4 /usr/lib/gcc/arm-none-eabi/15.2.0/thumb/v6-m/nofp/libgcc.a(_dvmd_tls.o)
                0x20000f04                __aeabi_ldiv0
                0x20000f04                __aeabi_idiv0
 .text.__stub   0x20000f08       0x80 linker stubs
                0x20000f88                        . = ALIGN (0x4)
 *(.rodata*)
                0x20000f88                        . = ALIGN (0x4)
 *(.data*)
 .data.serial_cmds
                0x20000f88       0xcc CMakeFiles/pico-rom-em.dir/pico-rom-em.c.o
                0x20000f88                serial_cmds
 .data.rom_data
                0x20001054      0x800 CMakeFiles/pico-rom-em.dir/pico-rom-em.c.o
                0x20001054                rom_data
 .data.striped_spin_lock_num
                0x20001854        0x1 CMakeFiles/pico-rom-em.dir/home/menadue/pico/pico-sdk/src/rp2_common/hardware_sync/sync.c.o
 *fill*         0x20001855        0x3 
 .data          0x20001858       0x48 CMakeFiles/pico-rom-em.dir/home/menadue/pico/pico-sdk/src/rp2_common/hardware_irq/irq_handler_chain.S.o
                0x20001858                irq_handler_chain_slots
                0x20001888                irq_handler_chain_first_slot
                0x20001892                irq_handler_chain_remove_tail
 .data.default_alarm_pool
                0x200018a0       0x18 CMakeFiles/pico-rom-em.dir/home/menadue/pico/pico-sdk/src/common/pico_time/time.c.o
 *fill*         0x200018b8        0x8 
 .data.aeabi_bits_funcs
                0x200018c0       0x10 CMakeFiles/pico-rom-em.dir/home/menadue/pico/pico-sdk/src/rp2_common/pico_bit_ops/bit_ops_aeabi.S.o
                0x200018c0                aeabi_bits_funcs
                0x200018d0                aeabi_bits_funcs_end
 .data.aeabi_mem_funcs
                0x200018d0       0x10 CMakeFiles/pico-rom-em.dir/home/menadue/pico/pico-sdk/src/rp2_common/pico_mem_ops/mem_ops_aeabi.S.o
                0x200018d0                aeabi_mem_funcs
                0x200018e0                aeabi_mem_funcs_end
 .data.stdio_uart
                0x200018e0       0x18 CMakeFiles/pico-rom-em.dir/home/menadue/pico/pico-sdk/src/rp2_common/pico_stdio_uart/stdio_uart.c.o
                0x200018e0                stdio_uart
 .data.stdio_usb
                0x200018f8       0x18 CMakeFiles/pico-rom-em.dir/home/menadue/pico/pico-sdk/src/rp2_common/pico_stdio_usb/stdio_usb.c.o
                0x200018f8                stdio_usb
 .data._usbd_qdef
                0x20001910       0x1c CMakeFiles/pico-rom-em.dir/home/menadue/pico/pico-sdk/lib/tinyusb/src/device/usbd.c.o
                0x20001910                _usbd_qdef
 .data._usbd_rhport
                0x2000192c        0x1 CMakeFiles/pico-rom-em.dir/home/menadue/pico/pico-sdk/lib/tinyusb/src/device/usbd.c.o
 *fill*         0x2000192d        0x3 
 .data.__atexit_recursive_mutex
                0x20001930        0x4 /usr/lib/gcc/arm-none-eabi/15.2.0/../../../../arm-none-eabi/lib/thumb/v6-m/nofp/libg.a(libc_a-__call_atexit.o)
                0x20001930                __atexit_recursive_mutex
                0x20001934                        . = ALIGN (0x4)
 *(.after_data.*)
                0x20001934                        . = ALIGN (0x4)
                0x20001934                        PROVIDE (__mutex_array_start = .)
 *(SORT_BY_NAME(.mutex_array.*))
 *(.mutex_array)
 .mutex_array   0x20001934        0x8 CMakeFiles/pico-rom-em.dir/home/menadue/pico/pico-sdk/src/rp2_common/pico_malloc/malloc.c.o
 .mutex_array   0x2000193c        0x8 CMakeFiles/pico-rom-em.dir/home/menadue/pico/pico-sdk/src/rp2_common/pico_stdio/stdio.c.o
                0x20001944                        PROVIDE (__mutex_array_end = .)
                0x20001944                        . = ALIGN (0x4)
 *(.jcr)
                0x20001944                        . = ALIGN (0x4)

.tm_clone_table
                0x20001944        0x0 load address 0x10009ed0
 .tm_clone_table
                0x20001944        0x0 /usr/lib/gcc/arm-none-eabi/15.2.0/thumb/v6-m/nofp/crtbegin.o
 .tm_clone_table
                0x20001944        0x0 /usr/lib/gcc/arm-none-eabi/15.2.0/thumb/v6-m/nofp/crtend.o

.igot.plt       0x20001944        0x0 load address 0x10009ed0
 .igot.plt      0x20001944        0x0 /usr/lib/gcc/arm-none-eabi/15.2.0/thumb/v6-m/nofp/crtbegin.o

.tdata          0x20001944        0x0 load address 0x10009ed0
                0x20001944                        . = ALIGN (0x4)
 *(.tdata .tdata.* .gnu.linkonce.td.*)
                0x20001944                        __tdata_end = .
                0x20001944                        PROVIDE (__data_end__ = .)
                0x1000864c                        __etext = LOADADDR (.data)

.tbss           0x20001944        0x0 load address 0x10009ed0
                0x20001944                        . = ALIGN (0x4)
                0x20001944                        __bss_start__ = .
                0x20001944                        __tls_base = .
 *(.tbss .tbss.* .gnu.linkonce.tb.*)
 *(.tcommon)
                0x20001944                        __tls_end = .

.bss            0x20001948     0x12e4 load address 0x10009ed0
                0x20001948                        . = ALIGN (0x4)
                0x20001948                        __tbss_end = .
 *(SORT_BY_ALIGNMENT(SORT_BY_NAME(.bss*)))
 .bss._cdcd_itf
                0x20001948      0x148 CMakeFiles/pico-rom-em.dir/home/menadue/pico/pico-sdk/lib/tinyusb/src/class/cdc/cdc_device.c.o
 .bss.default_alarm_pool_entries
                0x20001a90      0x180 CMakeFiles/pico-rom-em.dir/home/menadue/pico/pico-sdk/src/common/pico_time/time.c.o
 .bss.last_avail_time.1
                0x20001c10        0x8 CMakeFiles/pico-rom-em.dir/home/menadue/pico/pico-sdk/src/rp2_common/pico_stdio_usb/stdio_usb.c.o
 .bss.sd_table  0x20001c18      0x100 CMakeFiles/pico-rom-em.dir/home/menadue/pico/pico-sdk/src/rp2_common/pico_double/double_init_rom_rp2040.c.o
                0x20001c18                sd_table
 .bss.sf_table  0x20001d18      0x100 CMakeFiles/pico-rom-em.dir/home/menadue/pico/pico-sdk/src/rp2_common/pico_float/float_init_rom_rp2040.c.o
                0x20001d18                sf_table
 .bss           0x20001e18       0x1c /usr/lib/gcc/arm-none-eabi/15.2.0/thumb/v6-m/nofp/crtbegin.o
 .bss.__atexit  0x20001e34        0x4 /usr/lib/gcc/arm-none-eabi/15.2.0/../../../../arm-none-eabi/lib/thumb/v6-m/nofp/libg.a(libc_a-__call_atexit.o)
                0x20001e34                __atexit
 .bss.__atexit0
                0x20001e38      0x190 /usr/lib/gcc/arm-none-eabi/15.2.0/../../../../arm-none-eabi/lib/thumb/v6-m/nofp/libg.a(libc_a-__atexit.o)
                0x20001e38                __atexit0
 .bss.__lock___atexit_recursive_mutex
                0x20001fc8        0x1 /usr/lib/gcc/arm-none-eabi/15.2.0/../../../../arm-none-eabi/lib/thumb/v6-m/nofp/libg.a(libc_a-lock.o)
                0x20001fc8                __lock___atexit_recursive_mutex
 *fill*         0x20001fc9        0x3 
 .bss._app_driver
                0x20001fcc        0x4 CMakeFiles/pico-rom-em.dir/home/menadue/pico/pico-sdk/lib/tinyusb/src/device/usbd.c.o
 .bss._cdcd_fifo_cfg
                0x20001fd0        0x1 CMakeFiles/pico-rom-em.dir/home/menadue/pico/pico-sdk/lib/tinyusb/src/class/cdc/cdc_device.c.o
 *fill*         0x20001fd1        0x3 
 .bss._ctrl_xfer
                0x20001fd4       0x14 CMakeFiles/pico-rom-em.dir/home/menadue/pico/pico-sdk/lib/tinyusb/src/device/usbd_control.c.o
 .bss._ubsd_mutexdef
                0x20001fe8        0x8 CMakeFiles/pico-rom-em.dir/home/menadue/pico/pico-sdk/lib/tinyusb/src/device/usbd.c.o
 .bss._usbd_ctrl_buf
                0x20001ff0       0x40 CMakeFiles/pico-rom-em.dir/home/menadue/pico/pico-sdk/lib/tinyusb/src/device/usbd_control.c.o
 .bss._usbd_dev
                0x20002030       0x54 CMakeFiles/pico-rom-em.dir/home/menadue/pico/pico-sdk/lib/tinyusb/src/device/usbd.c.o
 .bss._usbd_mutex
                0x20002084        0x4 CMakeFiles/pico-rom-em.dir/home/menadue/pico/pico-sdk/lib/tinyusb/src/device/usbd.c.o
 .bss._usbd_q   0x20002088        0x4 CMakeFiles/pico-rom-em.dir/home/menadue/pico/pico-sdk/lib/tinyusb/src/device/usbd.c.o
 .bss._usbd_qdef_buf
                0x2000208c       0xc0 CMakeFiles/pico-rom-em.dir/home/menadue/pico/pico-sdk/lib/tinyusb/src/device/usbd.c.o
                0x2000208c                _usbd_qdef_buf
 .bss._vendord_itf
                0x2000214c      0x2cc CMakeFiles/pico-rom-em.dir/home/menadue/pico/pico-sdk/lib/tinyusb/src/class/vendor/vendor_device.c.o
 .bss.boot2_copyout
                0x20002418      0x100 CMakeFiles/pico-rom-em.dir/home/menadue/pico/pico-sdk/src/rp2_common/hardware_flash/flash.c.o
 .bss.chars_available_callback
                0x20002518        0x4 CMakeFiles/pico-rom-em.dir/home/menadue/pico/pico-sdk/src/rp2_common/pico_stdio_uart/stdio_uart.c.o
 .bss.chars_available_callback
                0x2000251c        0x4 CMakeFiles/pico-rom-em.dir/home/menadue/pico/pico-sdk/src/rp2_common/pico_stdio_usb/stdio_usb.c.o
 .bss.chars_available_param
                0x20002520        0x4 CMakeFiles/pico-rom-em.dir/home/menadue/pico/pico-sdk/src/rp2_common/pico_stdio_uart/stdio_uart.c.o
 .bss.chars_available_param
                0x20002524        0x4 CMakeFiles/pico-rom-em.dir/home/menadue/pico/pico-sdk/src/rp2_common/pico_stdio_usb/stdio_usb.c.o
 .bss.claimed   0x20002528        0x4 CMakeFiles/pico-rom-em.dir/home/menadue/pico/pico-sdk/src/rp2_common/hardware_sync/sync.c.o
 .bss.claimed   0x2000252c        0x1 CMakeFiles/pico-rom-em.dir/home/menadue/pico/pico-sdk/src/rp2_common/hardware_timer/timer.c.o
 *fill*         0x2000252d        0x3 
 .bss.configured_freq
                0x20002530       0x28 CMakeFiles/pico-rom-em.dir/home/menadue/pico/pico-sdk/src/rp2_common/hardware_clocks/clocks.c.o
 .bss.desc_str.0
                0x20002558       0x28 CMakeFiles/pico-rom-em.dir/home/menadue/pico/pico-sdk/src/rp2_common/pico_stdio_usb/stdio_usb_descriptors.c.o
 .bss.drivers   0x20002580        0x4 CMakeFiles/pico-rom-em.dir/home/menadue/pico/pico-sdk/src/rp2_common/pico_stdio/stdio.c.o
 .bss.e15_last_sof
                0x20002584        0x4 CMakeFiles/pico-rom-em.dir/home/menadue/pico/pico-sdk/lib/tinyusb/src/portable/raspberrypi/rp2040/rp2040_usb.c.o
                0x20002584                e15_last_sof
 .bss.filter    0x20002588        0x4 CMakeFiles/pico-rom-em.dir/home/menadue/pico/pico-sdk/src/rp2_common/pico_stdio/stdio.c.o
 .bss.hw_endpoints
                0x2000258c      0x400 CMakeFiles/pico-rom-em.dir/home/menadue/pico/pico-sdk/lib/tinyusb/src/portable/raspberrypi/rp2040/dcd_rp2040.c.o
 .bss.keypress  0x2000298c        0x4 CMakeFiles/pico-rom-em.dir/pico-rom-em.c.o
                0x2000298c                keypress
 .bss.lazy_vsnprintf
                0x20002990        0x4 CMakeFiles/pico-rom-em.dir/home/menadue/pico/pico-sdk/src/rp2_common/pico_printf/printf.c.o
 .bss.load_value
                0x20002994        0x4 CMakeFiles/pico-rom-em.dir/home/menadue/pico/pico-sdk/src/rp2_common/hardware_watchdog/watchdog.c.o
 .bss.next_buffer_ptr
                0x20002998        0x4 CMakeFiles/pico-rom-em.dir/home/menadue/pico/pico-sdk/lib/tinyusb/src/portable/raspberrypi/rp2040/dcd_rp2040.c.o
 .bss.number_ce_assert
                0x2000299c        0x4 CMakeFiles/pico-rom-em.dir/pico-rom-em.c.o
                0x2000299c                number_ce_assert
 .bss.one_shot_timer_crit_sec
                0x200029a0        0x8 CMakeFiles/pico-rom-em.dir/home/menadue/pico/pico-sdk/src/rp2_common/pico_stdio_usb/stdio_usb.c.o
 .bss.parameter
                0x200029a8        0x4 CMakeFiles/pico-rom-em.dir/pico-rom-em.c.o
                0x200029a8                parameter
 .bss.pools     0x200029ac       0x10 CMakeFiles/pico-rom-em.dir/home/menadue/pico/pico-sdk/src/common/pico_time/time.c.o
 .bss.retrieved_id
                0x200029bc        0x8 CMakeFiles/pico-rom-em.dir/home/menadue/pico/pico-sdk/src/rp2_common/pico_unique_id/unique_id.c.o
 .bss.sf_clz_func
                0x200029c4        0x4 CMakeFiles/pico-rom-em.dir/home/menadue/pico/pico-sdk/src/rp2_common/pico_double/double_init_rom_rp2040.c.o
                0x200029c4                sf_clz_func
 .bss.sleep_notifier
                0x200029c8        0x4 CMakeFiles/pico-rom-em.dir/home/menadue/pico/pico-sdk/src/common/pico_time/time.c.o
 .bss.stdio_usb_mutex
                0x200029cc        0x8 CMakeFiles/pico-rom-em.dir/home/menadue/pico/pico-sdk/src/rp2_common/pico_stdio_usb/stdio_usb.c.o
 .bss.text_parameter
                0x200029d4       0x29 CMakeFiles/pico-rom-em.dir/pico-rom-em.c.o
                0x200029d4                text_parameter
 *fill*         0x200029fd        0x3 
 .bss.trace_addr
                0x20002a00      0x100 CMakeFiles/pico-rom-em.dir/pico-rom-em.c.o
                0x20002a00                trace_addr
 .bss.trace_i   0x20002b00        0x4 CMakeFiles/pico-rom-em.dir/pico-rom-em.c.o
                0x20002b00                trace_i
 .bss.trace_running
                0x20002b04        0x4 CMakeFiles/pico-rom-em.dir/pico-rom-em.c.o
                0x20002b04                trace_running
 .bss.trace_type
                0x20002b08       0x80 CMakeFiles/pico-rom-em.dir/pico-rom-em.c.o
                0x20002b08                trace_type
 .bss.trace_value
                0x20002b88       0x80 CMakeFiles/pico-rom-em.dir/pico-rom-em.c.o
                0x20002b88                trace_value
 .bss.uart_char_to_line_feed
                0x20002c08        0x4 CMakeFiles/pico-rom-em.dir/home/menadue/pico/pico-sdk/src/rp2_common/hardware_uart/uart.c.o
                0x20002c08                uart_char_to_line_feed
 .bss.uart_instance
                0x20002c0c        0x4 CMakeFiles/pico-rom-em.dir/home/menadue/pico/pico-sdk/src/rp2_common/pico_stdio_uart/stdio_uart.c.o
 .bss.usbd_serial_str