Archive member included to satisfy reference by file (symbol)

/usr/lib/gcc/arm-none-eabi/15.2.0/thumb/v6-m/nofp/libgcc.a(_dvmd_tls.o)
                              CMakeFiles/pico-rom-em.dir/home/menadue/pico/pico-sdk/src/rp2_common/pico_divider/divider_hardware.S.o (__aeabi_idiv0)
/usr/lib/gcc/arm-none-eabi/15.2.0/../../../../arm-none-eabi/lib/thumb/v6-m/nofp/libg.a(libc_a-atexit.o)
                              /usr/lib/gcc/arm-none-eabi/15.2.0/../../../../arm-none-eabi/lib/thumb/v6-m/nofp/crt0.o (atexit)
/usr/lib/gcc/arm-none-eabi/15.2.0/../../../../arm-none-eabi/lib/thumb/v6-m/nofp/libg.a(libc_a-calloc.o)
                              CMakeFiles/pico-rom-em.dir/home/menadue/pico/pico-sdk/src/rp2_common/pico_malloc/malloc.c.o (calloc)
/usr/lib/gcc/arm-none-eabi/15.2.0/../../../../arm-none-eabi/lib/thumb/v6-m/nofp/libg.a(libc_a-callocr.o)
                              /usr/lib/gcc/arm-none-eabi/15.2.0/../../../../arm-none-eabi/lib/thumb/v6-m/nofp/libg.a(libc_a-calloc.o) (_calloc_r)
/usr/lib/gcc/arm-none-eabi/15.2.0/../../../../arm-none-eabi/lib/thumb/v6-m/nofp/libg.a(libc_a-malloc.o)
                              CMakeFiles/pico-rom-em.dir/home/menadue/pico/pico-sdk/src/rp2_common/pico_malloc/malloc.c.o (malloc)
/usr/lib/gcc/arm-none-eabi/15.2.0/../../../../arm-none-eabi/lib/thumb/v6-m/nofp/libg.a(libc_a-mallocr.o)
                              /usr/lib/gcc/arm-none-eabi/15.2.0/../../../../arm-none-eabi/lib/thumb/v6-m/nofp/libg.a(libc_a-callocr.o) (_malloc_r)
/usr/lib/gcc/arm-none-eabi/15.2.0/../../../../arm-none-eabi/lib/thumb/v6-m/nofp/libg.a(libc_a-mlock.o)
                              /usr/lib/gcc/arm-none-eabi/15.2.0/../../../../arm-none-eabi/lib/thumb/v6-m/nofp/libg.a(libc_a-mallocr.o) (__malloc_lock)
/usr/lib/gcc/arm-none-eabi/15.2.0/../../../../arm-none-eabi/lib/thumb/v6-m/nofp/libg.a(libc_a-realloc.o)
                              CMakeFiles/pico-rom-em.dir/home/menadue/pico/pico-sdk/src/rp2_common/pico_malloc/malloc.c.o (realloc)
/usr/lib/gcc/arm-none-eabi/15.2.0/../../../../arm-none-eabi/lib/thumb/v6-m/nofp/libg.a(libc_a-reallocr.o)
                              /usr/lib/gcc/arm-none-eabi/15.2.0/../../../../arm-none-eabi/lib/thumb/v6-m/nofp/libg.a(libc_a-realloc.o) (_realloc_r)
/usr/lib/gcc/arm-none-eabi/15.2.0/../../../../arm-none-eabi/lib/thumb/v6-m/nofp/libg.a(libc_a-ctype_.o)
                              CMakeFiles/pico-rom-em.dir/pico-rom-em.c.o (_ctype_)
/usr/lib/gcc/arm-none-eabi/15.2.0/../../../../arm-none-eabi/lib/thumb/v6-m/nofp/libg.a(libc_a-memcmp.o)
                              CMakeFiles/pico-rom-em.dir/home/menadue/pico/pico-sdk/src/rp2_common/pico_atomic/atomic.c.o (memcmp)
/usr/lib/gcc/arm-none-eabi/15.2.0/../../../../arm-none-eabi/lib/thumb/v6-m/nofp/libg.a(libc_a-memmove.o)
                              /usr/lib/gcc/arm-none-eabi/15.2.0/../../../../arm-none-eabi/lib/thumb/v6-m/nofp/libg.a(libc_a-reallocr.o) (memmove)
/usr/lib/gcc/arm-none-eabi/15.2.0/../../../../arm-none-eabi/lib/thumb/v6-m/nofp/libg.a(libc_a-strcat.o)
                              CMakeFiles/pico-rom-em.dir/pico-rom-em.c.o (strcat)
/usr/lib/gcc/arm-none-eabi/15.2.0/../../../../arm-none-eabi/lib/thumb/v6-m/nofp/libg.a(libc_a-lcltime_r.o)
                              CMakeFiles/pico-rom-em.dir/home/menadue/pico/pico-sdk/src/common/pico_util/datetime.c.o (localtime_r)
/usr/lib/gcc/arm-none-eabi/15.2.0/../../../../arm-none-eabi/lib/thumb/v6-m/nofp/libg.a(libc_a-mktime.o)
                              CMakeFiles/pico-rom-em.dir/home/menadue/pico/pico-sdk/src/common/pico_util/datetime.c.o (mktime)
/usr/lib/gcc/arm-none-eabi/15.2.0/../../../../arm-none-eabi/lib/thumb/v6-m/nofp/libg.a(libc_a-month_lengths.o)
                              /usr/lib/gcc/arm-none-eabi/15.2.0/../../../../arm-none-eabi/lib/thumb/v6-m/nofp/libg.a(libc_a-lcltime_r.o) (__month_lengths)
/usr/lib/gcc/arm-none-eabi/15.2.0/../../../../arm-none-eabi/lib/thumb/v6-m/nofp/libg.a(libc_a-tzcalc_limits.o)
                              /usr/lib/gcc/arm-none-eabi/15.2.0/../../../../arm-none-eabi/lib/thumb/v6-m/nofp/libg.a(libc_a-lcltime_r.o) (__tzcalc_limits)
/usr/lib/gcc/arm-none-eabi/15.2.0/../../../../arm-none-eabi/lib/thumb/v6-m/nofp/libg.a(libc_a-tzlock.o)
                              /usr/lib/gcc/arm-none-eabi/15.2.0/../../../../arm-none-eabi/lib/thumb/v6-m/nofp/libg.a(libc_a-lcltime_r.o) (__tz_lock)
/usr/lib/gcc/arm-none-eabi/15.2.0/../../../../arm-none-eabi/lib/thumb/v6-m/nofp/libg.a(libc_a-tzset.o)
                              /usr/lib/gcc/arm-none-eabi/15.2.0/../../../../arm-none-eabi/lib/thumb/v6-m/nofp/libg.a(libc_a-lcltime_r.o) (_tzset_unlocked)
/usr/lib/gcc/arm-none-eabi/15.2.0/../../../../arm-none-eabi/lib/thumb/v6-m/nofp/libg.a(libc_a-tzset_r.o)
                              /usr/lib/gcc/arm-none-eabi/15.2.0/../../../../arm-none-eabi/lib/thumb/v6-m/nofp/libg.a(libc_a-tzset.o) (_tzset_unlocked_r)
/usr/lib/gcc/arm-none-eabi/15.2.0/../../../../arm-none-eabi/lib/thumb/v6-m/nofp/libg.a(libc_a-tzvars.o)
[...]
Memory Configuration

Name             Origin             Length             Attributes
FLASH            0x10000000         0x00200000         xr
RAM              0x20000000         0x00040000         xrw
SCRATCH_X        0x20040000         0x00001000         xrw
SCRATCH_Y        0x20041000         0x00001000         xrw
*default*        0x00000000         0xffffffff

Linker script and memory map

LOAD /usr/lib/gcc/arm-none-eabi/15.2.0/thumb/v6-m/nofp/crti.o
LOAD /usr/lib/gcc/arm-none-eabi/15.2.0/thumb/v6-m/nofp/crtbegin.o
LOAD /usr/lib/gcc/arm-none-eabi/15.2.0/../../../../arm-none-eabi/lib/thumb/v6-m/nofp/crt0.o

.flash_begin    0x10000000        0x0
                0x10000000                        __flash_binary_start = .

.boot2          0x10000000      0x100
                0x10000000                        __boot2_start__ = .
 *(.boot2)
 .boot2         0x10000000      0x100 pico-sdk/src/rp2040/boot_stage2/CMakeFiles/bs2_default_library.dir/bs2_default_padded_checksummed.S.o
                0x10000100                        __boot2_end__ = .
                0x00000001                        ASSERT (((__boot2_end__ - __boot2_start__) == 0x100), ERROR: Pico second stage bootloader must be 256 bytes in size)

.text           0x10000100     0x7a30
                0x10000100                        __logical_binary_start = .
 *(.vectors)
 .vectors       0x10000100       0xd4 CMakeFiles/pico-rom-em.dir/home/menadue/pico/pico-sdk/src/rp2_common/pico_crt0/crt0.S.o
                0x10000100                __vectors
                0x10000100                __VECTOR_TABLE
                0x100001c0                isr_invalid
                0x100001c0                __default_isrs_start
                0x100001c2                isr_nmi
                0x100001c4                isr_hardfault
                0x100001c6                isr_svcall
                0x100001c8                isr_pendsv
                0x100001ca                isr_systick
                0x100001cc                isr_irq30
                0x100001cc                __unhandled_user_irq
                0x100001cc                isr_irq13
                0x100001cc                isr_irq27
                0x100001cc                isr_irq31
                0x100001cc                isr_irq5
                0x100001cc                isr_irq11
                0x100001cc                isr_irq23
                0x100001cc                isr_irq18
                0x100001cc                isr_irq28
                0x100001cc                isr_irq19
                0x100001cc                isr_irq0
                0x100001cc                isr_irq6
                0x100001cc                isr_irq22
                0x100001cc                isr_irq17
                0x100001cc                isr_irq14
                0x100001cc                isr_irq2
                0x100001cc                isr_irq10
                0x100001cc                isr_irq8
                0x100001cc                isr_irq24
                0x100001cc                isr_irq1
                0x100001cc                isr_irq7
                0x100001cc                isr_irq21
                0x100001cc                isr_irq20
                0x100001cc                isr_irq15
                0x100001cc                isr_irq25
                0x100001cc                isr_irq4
                0x100001cc                isr_irq16
                0x100001cc                isr_irq29
                0x100001cc                isr_irq26
                0x100001cc                __default_isrs_end
                0x100001cc                isr_irq3
                0x100001cc                isr_irq12
                0x100001cc                isr_irq9
                0x100001d2                unhandled_user_irq_num_in_r0
 *(.binary_info_header)
 .binary_info_header
                0x100001d4       0x14 CMakeFiles/pico-rom-em.dir/home/menadue/pico/pico-sdk/src/rp2_common/pico_crt0/crt0.S.o
                0x100001e8                        __binary_info_header_end = .
 *(.embedded_block)
                0x100001e8                        __embedded_block_end = .
 *(.reset)
 .reset         0x100001e8       0x9c CMakeFiles/pico-rom-em.dir/home/menadue/pico/pico-sdk/src/rp2_common/pico_crt0/crt0.S.o
                0x100001e8                _entry_point
 *(.init)
 .init          0x10000284        0x4 /usr/lib/gcc/arm-none-eabi/15.2.0/thumb/v6-m/nofp/crti.o
                0x10000284                _init
 *(EXCLUDE_FILE(*libm.a: *libc.a:*lib_a-mem*.o *libgcc.a:) .text*)
 .text          0x10000288       0x98 /usr/lib/gcc/arm-none-eabi/15.2.0/thumb/v6-m/nofp/crtbegin.o
 .text.cli_trace_addresses
                0x10000320       0x18 CMakeFiles/pico-rom-em.dir/pico-rom-em.c.o
                0x10000320                cli_trace_addresses
 .text.rom_emulate
                0x10000338       0x64 CMakeFiles/pico-rom-em.dir/pico-rom-em.c.o
                0x10000338                rom_emulate
 .text.cli_information
                0x1000039c       0x10 CMakeFiles/pico-rom-em.dir/pico-rom-em.c.o
                0x1000039c                cli_information
 .text.cli_digit
                0x100003ac       0x18 CMakeFiles/pico-rom-em.dir/pico-rom-em.c.o
                0x100003ac                cli_digit
 .text.cli_dump_trace
                0x100003c4       0x8c CMakeFiles/pico-rom-em.dir/pico-rom-em.c.o
                0x100003c4                cli_dump_trace
 .text.serial_help
                0x10000450      0x158 CMakeFiles/pico-rom-em.dir/pico-rom-em.c.o
                0x10000450                serial_help
 .text.cli_boot_mass
                0x100005a8        0xc CMakeFiles/pico-rom-em.dir/pico-rom-em.c.o
                0x100005a8                cli_boot_mass
 .text.cli_dump_ram
                0x100005b4       0xec CMakeFiles/pico-rom-em.dir/pico-rom-em.c.o
                0x100005b4                cli_dump_ram
 .text.cli_enter_parameter
                0x100006a0       0x84 CMakeFiles/pico-rom-em.dir/pico-rom-em.c.o
                0x100006a0                cli_enter_parameter
 .text.startup.main
                0x10000724      0x20c CMakeFiles/pico-rom-em.dir/pico-rom-em.c.o
                0x10000724                main
 .text.gpio_set_function
                0x10000930       0x30 CMakeFiles/pico-rom-em.dir/home/menadue/pico/pico-sdk/src/rp2_common/hardware_gpio/gpio.c.o
                0x10000930                gpio_set_function
 .text.gpio_init
                0x10000960       0x3c CMakeFiles/pico-rom-em.dir/home/menadue/pico/pico-sdk/src/rp2_common/hardware_gpio/gpio.c.o
                0x10000960                gpio_init
 .text.rp2040_chip_version
                0x1000099c        0xc CMakeFiles/pico-rom-em.dir/home/menadue/pico/pico-sdk/src/rp2040/pico_platform/platform.c.o
                0x1000099c                rp2040_chip_version
 .text.panic    0x100009a8       0x30 CMakeFiles/pico-rom-em.dir/home/menadue/pico/pico-sdk/src/rp2_common/pico_platform_panic/panic.c.o
                0x100009a8                panic
 .text.hw_claim_or_assert
                0x100009d8       0x50 CMakeFiles/pico-rom-em.dir/home/menadue/pico/pico-sdk/src/common/hardware_claim/claim.c.o
                0x100009d8                hw_claim_or_assert
 .text.hw_claim_unused_from_range
                0x10000a28       0x88 CMakeFiles/pico-rom-em.dir/home/menadue/pico/pico-sdk/src/common/hardware_claim/claim.c.o
                0x10000a28                hw_claim_unused_from_range
 .text.next_striped_spin_lock_num
                0x10000ab0       0x18 CMakeFiles/pico-rom-em.dir/home/menadue/pico/pico-sdk/src/rp2_common/hardware_sync/sync.c.o
                0x10000ab0                next_striped_spin_lock_num
 .text.spin_lock_claim_unused
                0x10000ac8       0x20 CMakeFiles/pico-rom-em.dir/home/menadue/pico/pico-sdk/src/rp2_common/hardware_sync/sync.c.o
                0x10000ac8                spin_lock_claim_unused
 .text.spin_locks_reset
                0x10000ae8       0x1c CMakeFiles/pico-rom-em.dir/home/menadue/pico/pico-sdk/src/rp2_common/hardware_sync_spin_lock/sync_spin_lock.c.o
                0x10000ae8                spin_locks_reset
 .text.runtime_init_per_core_irq_priorities
                0x10000b04       0x48 CMakeFiles/pico-rom-em.dir/home/menadue/pico/pico-sdk/src/rp2_common/hardware_irq/irq.c.o
                0x10000b04                runtime_init_per_core_irq_priorities
 .text.irq_set_enabled
                0x10000b4c       0x24 CMakeFiles/pico-rom-em.dir/home/menadue/pico/pico-sdk/src/rp2_common/hardware_irq/irq.c.o
                0x10000b4c                irq_set_enabled
 .text.irq_is_enabled
                0x10000b70       0x18 CMakeFiles/pico-rom-em.dir/home/menadue/pico/pico-sdk/src/rp2_common/hardware_irq/irq.c.o
                0x10000b70                irq_is_enabled
 .text.irq_set_mask_enabled
                0x10000b88       0x1c CMakeFiles/pico-rom-em.dir/home/menadue/pico/pico-sdk/src/rp2_common/hardware_irq/irq.c.o
                0x10000b88                irq_set_mask_enabled
 .text.irq_set_pending
                0x10000ba4       0x10 CMakeFiles/pico-rom-em.dir/home/menadue/pico/pico-sdk/src/rp2_common/hardware_irq/irq.c.o
                0x10000ba4                irq_set_pending
 .text.irq_has_shared_handler
                0x10000bb4       0x20 CMakeFiles/pico-rom-em.dir/home/menadue/pico/pico-sdk/src/rp2_common/hardware_irq/irq.c.o
                0x10000bb4                irq_has_shared_handler
 .text.irq_set_exclusive_handler
                0x10000bd4       0x54 CMakeFiles/pico-rom-em.dir/home/menadue/pico/pico-sdk/src/rp2_common/hardware_irq/irq.c.o
                0x10000bd4                irq_set_exclusive_handler
 .text.irq_add_shared_handler
                0x10000c28      0x1cc CMakeFiles/pico-rom-em.dir/home/menadue/pico/pico-sdk/src/rp2_common/hardware_irq/irq.c.o
                0x10000c28                irq_add_shared_handler
 .text.irq_remove_handler
                0x10000df4      0x1c8 CMakeFiles/pico-rom-em.dir/home/menadue/pico/pico-sdk/src/rp2_common/hardware_irq/irq.c.o
                0x10000df4                irq_remove_handler
 .text.irq_add_tail_to_free_list
                0x10000fbc       0xb4 CMakeFiles/pico-rom-em.dir/home/menadue/pico/pico-sdk/src/rp2_common/hardware_irq/irq.c.o
                0x10000fbc                irq_add_tail_to_free_list
 .text.user_irq_claim_unused
                0x10001070       0x28 CMakeFiles/pico-rom-em.dir/home/menadue/pico/pico-sdk/src/rp2_common/hardware_irq/irq.c.o
                0x10001070                user_irq_claim_unused
 .text.lock_init
                0x10001098       0x10 CMakeFiles/pico-rom-em.dir/home/menadue/pico/pico-sdk/src/common/pico_sync/lock_core.c.o
                0x10001098                lock_init
 .text.runtime_init_mutex
                0x100010a8       0x50 CMakeFiles/pico-rom-em.dir/home/menadue/pico/pico-sdk/src/common/pico_sync/mutex.c.o
                0x100010a8                runtime_init_mutex
 .text.mutex_init
                0x100010f8       0x1c CMakeFiles/pico-rom-em.dir/home/menadue/pico/pico-sdk/src/common/pico_sync/mutex.c.o
                0x100010f8                mutex_init
 .text.critical_section_init
                0x10001114       0x1c CMakeFiles/pico-rom-em.dir/home/menadue/pico/pico-sdk/src/common/pico_sync/critical_section.c.o
                0x10001114                critical_section_init
 .text.critical_section_init_with_lock_num
                0x10001130       0x14 CMakeFiles/pico-rom-em.dir/home/menadue/pico/pico-sdk/src/common/pico_sync/critical_section.c.o
                0x10001130                critical_section_init_with_lock_num
 .text.sleep_until_callback
                0x10001144       0x30 CMakeFiles/pico-rom-em.dir/home/menadue/pico/pico-sdk/src/common/pico_time/time.c.o
 .text.alarm_pool_irq_handler
                0x10001174      0x2f4 CMakeFiles/pico-rom-em.dir/home/menadue/pico/pico-sdk/src/common/pico_time/time.c.o
 .text.runtime_init_default_alarm_pool
                0x10001468       0xd8 CMakeFiles/pico-rom-em.dir/home/menadue/pico/pico-sdk/src/common/pico_time/time.c.o
                0x10001468                runtime_init_default_alarm_pool
 .text.alarm_pool_get_default
                0x10001540        0x8 CMakeFiles/pico-rom-em.dir/home/menadue/pico/pico-sdk/src/common/pico_time/time.c.o
                0x10001540                alarm_pool_get_default
 .text.alarm_pool_add_alarm_at
                0x10001548       0xcc CMakeFiles/pico-rom-em.dir/home/menadue/pico/pico-sdk/src/common/pico_time/time.c.o
                0x10001548                alarm_pool_add_alarm_at
 .text.alarm_pool_add_alarm_at_force_in_context
                0x10001614       0xbc CMakeFiles/pico-rom-em.dir/home/menadue/pico/pico-sdk/src/common/pico_time/time.c.o
                0x10001614                alarm_pool_add_alarm_at_force_in_context
 .text.alarm_pool_cancel_alarm
                0x100016d0       0x74 CMakeFiles/pico-rom-em.dir/home/menadue/pico/pico-sdk/src/common/pico_time/time.c.o
                0x100016d0                alarm_pool_cancel_alarm
 .text.alarm_pool_core_num
                0x10001744        0x4 CMakeFiles/pico-rom-em.dir/home/menadue/pico/pico-sdk/src/common/pico_time/time.c.o
                0x10001744                alarm_pool_core_num
 .text.best_effort_wfe_or_timeout
                0x10001748      0x100 CMakeFiles/pico-rom-em.dir/home/menadue/pico/pico-sdk/src/common/pico_time/time.c.o
                0x10001748                best_effort_wfe_or_timeout
 .text.timer_hardware_alarm_claim
                0x10001848       0x14 CMakeFiles/pico-rom-em.dir/home/menadue/pico/pico-sdk/src/rp2_common/hardware_timer/timer.c.o
                0x10001848                timer_hardware_alarm_claim
 .text.timer_time_us_64
                0x1000185c       0x10 CMakeFiles/pico-rom-em.dir/home/menadue/pico/pico-sdk/src/rp2_common/hardware_timer/timer.c.o
                0x1000185c                timer_time_us_64
 .text.time_us_64
                0x1000186c       0x14 CMakeFiles/pico-rom-em.dir/home/menadue/pico/pico-sdk/src/rp2_common/hardware_timer/timer.c.o
                0x1000186c                time_us_64
 .text.busy_wait_us
                0x10001880       0x6c CMakeFiles/pico-rom-em.dir/home/menadue/pico/pico-sdk/src/rp2_common/hardware_timer/timer.c.o
                0x10001880                busy_wait_us
 .text.uart_init
                0x100018ec      0x11c CMakeFiles/pico-rom-em.dir/home/menadue/pico/pico-sdk/src/rp2_common/hardware_uart/uart.c.o
                0x100018ec                uart_init
 .text.clock_configure_int_divider
                0x10001a08       0xec CMakeFiles/pico-rom-em.dir/home/menadue/pico/pico-sdk/src/rp2_common/hardware_clocks/clocks.c.o
                0x10001a08                clock_configure_int_divider
 .text.clock_configure_undivided
                0x10001af4       0xe0 CMakeFiles/pico-rom-em.dir/home/menadue/pico/pico-sdk/src/rp2_common/hardware_clocks/clocks.c.o
                0x10001af4                clock_configure_undivided
 .text.clock_get_hz
                0x10001bd4        0xc CMakeFiles/pico-rom-em.dir/home/menadue/pico/pico-sdk/src/rp2_common/hardware_clocks/clocks.c.o
                0x10001bd4                clock_get_hz
 .text.set_sys_clock_pll
                0x10001be0      0x1b4 CMakeFiles/pico-rom-em.dir/home/menadue/pico/pico-sdk/src/rp2_common/hardware_clocks/clocks.c.o
                0x10001be0                set_sys_clock_pll
 .text.check_sys_clock_khz
                0x10001d94      0x288 CMakeFiles/pico-rom-em.dir/home/menadue/pico/pico-sdk/src/rp2_common/hardware_clocks/clocks.c.o
                0x10001d94                check_sys_clock_khz
 .text.pll_init
                0x1000201c       0xb0 CMakeFiles/pico-rom-em.dir/home/menadue/pico/pico-sdk/src/rp2_common/hardware_pll/pll.c.o
                0x1000201c                pll_init
 .text.watchdog_reboot
                0x100020cc       0x9c CMakeFiles/pico-rom-em.dir/home/menadue/pico/pico-sdk/src/rp2_common/hardware_watchdog/watchdog.c.o
                0x100020cc                watchdog_reboot
 .text.tick_start
                0x10002168       0x10 CMakeFiles/pico-rom-em.dir/home/menadue/pico/pico-sdk/src/rp2_common/hardware_ticks/ticks.c.o
                0x10002168                tick_start
 .text.rom_func_lookup
                0x10002178       0x10 CMakeFiles/pico-rom-em.dir/home/menadue/pico/pico-sdk/src/rp2_common/pico_bootrom/bootrom.c.o
                0x10002178                rom_func_lookup
 .text.rom_data_lookup
                0x10002188       0x10 CMakeFiles/pico-rom-em.dir/home/menadue/pico/pico-sdk/src/rp2_common/pico_bootrom/bootrom.c.o
                0x10002188                rom_data_lookup
 .text.rom_funcs_lookup
                0x10002198       0x44 CMakeFiles/pico-rom-em.dir/home/menadue/pico/pico-sdk/src/rp2_common/pico_bootrom/bootrom.c.o
                0x10002198                rom_funcs_lookup
 .text.rom_reset_usb_boot
                0x100021dc       0x1c CMakeFiles/pico-rom-em.dir/home/menadue/pico/pico-sdk/src/rp2_common/pico_bootrom/bootrom.c.o
                0x100021dc                rom_reset_usb_boot
 .text.rom_reset_usb_boot_extra
                0x100021f8       0x24 CMakeFiles/pico-rom-em.dir/home/menadue/pico/pico-sdk/src/rp2_common/pico_bootrom/bootrom.c.o
                0x100021f8                rom_reset_usb_boot_extra
 .text.xosc_init
                0x1000221c       0x28 CMakeFiles/pico-rom-em.dir/home/menadue/pico/pico-sdk/src/rp2_common/hardware_xosc/xosc.c.o
                0x1000221c                xosc_init
 .text.first_per_core_initializer
                0x10002244        0x4 CMakeFiles/pico-rom-em.dir/home/menadue/pico/pico-sdk/src/rp2_common/pico_runtime/runtime.c.o
 .text.hard_assertion_failure
                0x10002248        0xc CMakeFiles/pico-rom-em.dir/home/menadue/pico/pico-sdk/src/rp2_common/pico_runtime/runtime.c.o
                0x10002248                hard_assertion_failure
 .text.runtime_run_initializers
                0x10002254       0x28 CMakeFiles/pico-rom-em.dir/home/menadue/pico/pico-sdk/src/rp2_common/pico_runtime/runtime.c.o
                0x10002254                runtime_run_initializers
 .text.runtime_run_per_core_initializers
                0x1000227c       0x28 CMakeFiles/pico-rom-em.dir/home/menadue/pico/pico-sdk/src/rp2_common/pico_runtime/runtime.c.o
                0x1000227c                runtime_run_per_core_initializers
 .text.runtime_init_early_resets
                0x100022a4       0x2c CMakeFiles/pico-rom-em.dir/home/menadue/pico/pico-sdk/src/rp2_common/pico_runtime_init/runtime_init.c.o
                0x100022a4                runtime_init_early_resets
 .text.runtime_init_usb_power_down
                0x100022d0       0x1c CMakeFiles/pico-rom-em.dir/home/menadue/pico/pico-sdk/src/rp2_common/pico_runtime_init/runtime_init.c.o
                0x100022d0                runtime_init_usb_power_down
 .text.runtime_init_post_clock_resets
                0x100022ec       0x20 CMakeFiles/pico-rom-em.dir/home/menadue/pico/pico-sdk/src/rp2_common/pico_runtime_init/runtime_init.c.o
                0x100022ec                runtime_init_post_clock_resets
 .text.runtime_init_rp2040_gpio_ie_disable
                0x1000230c       0x14 CMakeFiles/pico-rom-em.dir/home/menadue/pico/pico-sdk/src/rp2_common/pico_runtime_init/runtime_init.c.o
                0x1000230c                runtime_init_rp2040_gpio_ie_disable
 .text.runtime_init_spin_locks_reset
                0x10002320        0x8 CMakeFiles/pico-rom-em.dir/home/menadue/pico/pico-sdk/src/rp2_common/pico_runtime_init/runtime_init.c.o
                0x10002320                runtime_init_spin_locks_reset
 .text.runtime_init_install_ram_vector_table
                0x10002328       0x1c CMakeFiles/pico-rom-em.dir/home/menadue/pico/pico-sdk/src/rp2_common/pico_runtime_init/runtime_init.c.o
                0x10002328                runtime_init_install_ram_vector_table
 .text.runtime_init_clocks
                0x10002344       0xd8 CMakeFiles/pico-rom-em.dir/home/menadue/pico/pico-sdk/src/rp2_common/pico_runtime_init/runtime_init_clocks.c.o
                0x10002344                runtime_init_clocks
 .text          0x1000241c       0x10 CMakeFiles/pico-rom-em.dir/home/menadue/pico/pico-sdk/src/rp2_common/pico_bit_ops/bit_ops_aeabi.S.o
 .text.__wrap___aeabi_idiv
                0x1000242c       0x50 CMakeFiles/pico-rom-em.dir/home/menadue/pico/pico-sdk/src/rp2_common/pico_divider/divider_hardware.S.o
                0x1000242c                __wrap___aeabi_idivmod
                0x1000242c                divmod_s32s32
                0x1000242c                div_s32s32
                0x1000242c                __wrap___aeabi_idiv
                0x10002434                divmod_s32s32_unsafe
                0x10002460                divmod_s32s32_savestate
 .text.__wrap___aeabi_uidiv
                0x1000247c       0x4c CMakeFiles/pico-rom-em.dir/home/menadue/pico/pico-sdk/src/rp2_common/pico_divider/divider_hardware.S.o
                0x1000247c                __wrap___aeabi_uidiv
                0x1000247c                __wrap___aeabi_uidivmod
                0x1000247c                div_u32u32
                0x1000247c                divmod_u32u32
                0x10002484                divmod_u32u32_unsafe
                0x100024ac                divmod_u32u32_savestate
 .text.__wrap___aeabi_ldiv
                0x100024c8      0x424 CMakeFiles/pico-rom-em.dir/home/menadue/pico/pico-sdk/src/rp2_common/pico_divider/divider_hardware.S.o
                0x100024c8                div_s64s64
                0x100024c8                divmod_s64s64
                0x100024c8                __wrap___aeabi_ldivmod
                0x100024f8                div_u64u64
                0x100024f8                divmod_u64u64
                0x100024f8                __wrap___aeabi_uldivmod
                0x10002508                divmod_u64u64_savestate
                0x10002528                divmod_s64s64_unsafe
                0x100025b0                divmod_u64u64_unsafe
 .text.__wrap___aeabi_darithmetic
                0x100028ec       0x80 CMakeFiles/pico-rom-em.dir/home/menadue/pico/pico-sdk/src/rp2_common/pico_double/double_aeabi_rp2040.S.o
                0x100028ec                __wrap___aeabi_drsub
                0x100028f2                __wrap___aeabi_dsub
                0x10002904                __wrap___aeabi_dadd
                0x10002916                __wrap___aeabi_ddiv
                0x10002952                __wrap___aeabi_dmul
 .text.__wrap___aeabi_cdcmple
                0x1000296c       0x6c CMakeFiles/pico-rom-em.dir/home/menadue/pico/pico-sdk/src/rp2_common/pico_double/double_aeabi_rp2040.S.o
                0x1000296c                __wrap___aeabi_cdrcmple
                0x1000297c                __wrap___aeabi_cdcmple
                0x1000297c                __wrap___aeabi_cdcmpeq
 .text.__wrap___aeabi_dcmplt
                0x100029d8        0xc CMakeFiles/pico-rom-em.dir/home/menadue/pico/pico-sdk/src/rp2_common/pico_double/double_aeabi_rp2040.S.o
                0x100029d8                __wrap___aeabi_dcmplt
 .text.__wrap___aeabi_dcmple
                0x100029e4       0x10 CMakeFiles/pico-rom-em.dir/home/menadue/pico/pico-sdk/src/rp2_common/pico_double/double_aeabi_rp2040.S.o
                0x100029e4                __wrap___aeabi_dcmple
 .text.__wrap___aeabi_dcmpge
                0x100029f4       0x10 CMakeFiles/pico-rom-em.dir/home/menadue/pico/pico-sdk/src/rp2_common/pico_double/double_aeabi_rp2040.S.o
                0x100029f4                __wrap___aeabi_dcmpge
 .text.__wrap___aeabi_dcmpgt
                0x10002a04        0xa CMakeFiles/pico-rom-em.dir/home/menadue/pico/pico-sdk/src/rp2_common/pico_double/double_aeabi_rp2040.S.o
                0x10002a04                __wrap___aeabi_dcmpgt
 .text.__wrap___aeabi_dcmpun
                0x10002a0e       0x18 CMakeFiles/pico-rom-em.dir/home/menadue/pico/pico-sdk/src/rp2_common/pico_double/double_aeabi_rp2040.S.o
                0x10002a0e                __wrap___aeabi_dcmpun
 *fill*         0x10002a26        0x2 
 .text.__wrap___aeabi_i2d
                0x10002a28       0x38 CMakeFiles/pico-rom-em.dir/home/menadue/pico/pico-sdk/src/rp2_common/pico_double/double_aeabi_rp2040.S.o
                0x10002a28                __wrap___aeabi_ui2d
                0x10002a28                uint2double
                0x10002a30                __wrap___aeabi_i2d
                0x10002a30                int2double
 .text.__wrap___aeabi_d2iz
                0x10002a60       0x48 CMakeFiles/pico-rom-em.dir/home/menadue/pico/pico-sdk/src/rp2_common/pico_double/double_aeabi_rp2040.S.o
                0x10002a60                __wrap___aeabi_d2iz
                0x10002a60                double2int_z
 .text.__wrap___aeabi_d2uiz
                0x10002aa8       0x18 CMakeFiles/pico-rom-em.dir/home/menadue/pico/pico-sdk/src/rp2_common/pico_double/double_aeabi_rp2040.S.o
                0x10002aa8                double2uint_z
                0x10002aa8                double2uint
                0x10002aa8                __wrap___aeabi_d2uiz
 .text.__aeabi_double_init
                0x10002ac0       0xa4 CMakeFiles/pico-rom-em.dir/home/menadue/pico/pico-sdk/src/rp2_common/pico_double/double_init_rom_rp2040.c.o
                0x10002ac0                __aeabi_double_init
 .text.double_table_shim_on_use_helper
                0x10002b64       0x2c CMakeFiles/pico-rom-em.dir/home/menadue/pico/pico-sdk/src/rp2_common/pico_double/double_v1_rom_shim_rp2040.S.o
                0x10002b64                double_table_shim_on_use_helper
 .text.__wrap___aeabi_dsub
                0x10002b90       0x10 CMakeFiles/pico-rom-em.dir/home/menadue/pico/pico-sdk/src/rp2_common/pico_double/double_v1_rom_shim_rp2040.S.o
                0x10002b90                drsub_shim
                0x10002b96                dsub_shim
 .text.dadd_shim
                0x10002ba0      0x15c CMakeFiles/pico-rom-em.dir/home/menadue/pico/pico-sdk/src/rp2_common/pico_double/double_v1_rom_shim_rp2040.S.o
                0x10002ba0                dadd_shim
 .text.dmul_shim
                0x10002cfc      0x15c CMakeFiles/pico-rom-em.dir/home/menadue/pico/pico-sdk/src/rp2_common/pico_double/double_v1_rom_shim_rp2040.S.o
                0x10002cfc                dmul_shim
 .text.ddiv_shim
                0x10002e58      0x1b0 CMakeFiles/pico-rom-em.dir/home/menadue/pico/pico-sdk/src/rp2_common/pico_double/double_v1_rom_shim_rp2040.S.o
                0x10002e58                ddiv_shim
 .text.double2uint_shim
                0x10003008        0xe CMakeFiles/pico-rom-em.dir/home/menadue/pico/pico-sdk/src/rp2_common/pico_double/double_v1_rom_shim_rp2040.S.o
                0x10003008                double2uint_shim
                0x1000300a                double2ufix_shim
 *fill*         0x10003016        0x2 
 .text.double2uint64_shim
                0x10003018       0x70 CMakeFiles/pico-rom-em.dir/home/menadue/pico/pico-sdk/src/rp2_common/pico_double/double_v1_rom_shim_rp2040.S.o
                0x10003018                double2uint64_shim
                0x1000301a                double2ufix64_shim
                0x1000303a                d2fix_a
 .text.dunpacks
                0x10003088       0x3c CMakeFiles/pico-rom-em.dir/home/menadue/pico/pico-sdk/src/rp2_common/pico_double/double_v1_rom_shim_rp2040.S.o
                0x10003088                dunpacks
 .text.__aeabi_lmul
                0x100030c4       0x32 CMakeFiles/pico-rom-em.dir/home/menadue/pico/pico-sdk/src/rp2_common/pico_int64_ops/pico_int64_ops_aeabi.S.o
                0x100030c4                __wrap___aeabi_lmul
 *fill*         0x100030f6        0x2 
 .text.__aeabi_float_init
                0x100030f8       0x68 CMakeFiles/pico-rom-em.dir/home/menadue/pico/pico-sdk/src/rp2_common/pico_float/float_init_rom_rp2040.c.o
                0x100030f8                __aeabi_float_init
 .text.float_table_shim_on_use_helper
                0x10003160       0x2c CMakeFiles/pico-rom-em.dir/home/menadue/pico/pico-sdk/src/rp2_common/pico_float/float_v1_rom_shim_rp2040.S.o
                0x10003160                float_table_shim_on_use_helper
 .text          0x1000318c       0x10 CMakeFiles/pico-rom-em.dir/home/menadue/pico/pico-sdk/src/rp2_common/pico_mem_ops/mem_ops_aeabi.S.o
                0x1000318c                __aeabi_mem_init
 .text.memset   0x1000319c        0xc CMakeFiles/pico-rom-em.dir/home/menadue/pico/pico-sdk/src/rp2_common/pico_mem_ops/mem_ops_aeabi.S.o
                0x1000319c                __wrap_memset
 .text.memcpy   0x100031a8        0xc CMakeFiles/pico-rom-em.dir/home/menadue/pico/pico-sdk/src/rp2_common/pico_mem_ops/mem_ops_aeabi.S.o
                0x100031a8                __wrap___aeabi_memcpy
                0x100031a8                __wrap_memcpy
 .text._out_buffer
                0x100031b4        0x8 CMakeFiles/pico-rom-em.dir/home/menadue/pico/pico-sdk/src/rp2_common/pico_printf/printf.c.o
 .text._out_null
                0x100031bc        0x4 CMakeFiles/pico-rom-em.dir/home/menadue/pico/pico-sdk/src/rp2_common/pico_printf/printf.c.o
 .text._out_rev
                0x100031c0       0xa8 CMakeFiles/pico-rom-em.dir/home/menadue/pico/pico-sdk/src/rp2_common/pico_printf/printf.c.o
 .text._ntoa_format
                0x10003268      0x1d8 CMakeFiles/pico-rom-em.dir/home/menadue/pico/pico-sdk/src/rp2_common/pico_printf/printf.c.o
 .text._out_char
                0x10003440       0x10 CMakeFiles/pico-rom-em.dir/home/menadue/pico/pico-sdk/src/rp2_common/pico_printf/printf.c.o
 .text._out_fct
                0x10003450       0x10 CMakeFiles/pico-rom-em.dir/home/menadue/pico/pico-sdk/src/rp2_common/pico_printf/printf.c.o
 .text._ftoa    0x10003460      0x474 CMakeFiles/pico-rom-em.dir/home/menadue/pico/pico-sdk/src/rp2_common/pico_printf/printf.c.o
 .text._etoa    0x100038d4      0x560 CMakeFiles/pico-rom-em.dir/home/menadue/pico/pico-sdk/src/rp2_common/pico_printf/printf.c.o
 .text._vsnprintf
                0x10003e34      0xab8 CMakeFiles/pico-rom-em.dir/home/menadue/pico/pico-sdk/src/rp2_common/pico_printf/printf.c.o
 .text.__wrap_sprintf
                0x100048ec       0x28 CMakeFiles/pico-rom-em.dir/home/menadue/pico/pico-sdk/src/rp2_common/pico_printf/printf.c.o
                0x100048ec                __wrap_sprintf
 .text.vfctprintf
                0x10004914       0x20 CMakeFiles/pico-rom-em.dir/home/menadue/pico/pico-sdk/src/rp2_common/pico_printf/printf.c.o
                0x10004914                vfctprintf
 .text.weak_raw_vprintf
                0x10004934       0x30 CMakeFiles/pico-rom-em.dir/home/menadue/pico/pico-sdk/src/rp2_common/pico_printf/printf.c.o
                0x10004934                weak_raw_vprintf
 .text._exit    0x10004964        0x4 CMakeFiles/pico-rom-em.dir/home/menadue/pico/pico-sdk/src/rp2_common/pico_clib_interface/newlib_interface.c.o
                0x10004964                _exit
 .text.exit     0x10004968        0x8 CMakeFiles/pico-rom-em.dir/home/menadue/pico/pico-sdk/src/rp2_common/pico_clib_interface/newlib_interface.c.o
                0x10004968                exit
 .text.runtime_init
                0x10004970       0x2c CMakeFiles/pico-rom-em.dir/home/menadue/pico/pico-sdk/src/rp2_common/pico_clib_interface/newlib_interface.c.o
                0x10004970                runtime_init
 .text.stdio_out_chars_no_crlf
                0x1000499c       0x10 CMakeFiles/pico-rom-em.dir/home/menadue/pico/pico-sdk/src/rp2_common/pico_stdio/stdio.c.o
 .text.stdio_out_chars_crlf
                0x100049ac       0x90 CMakeFiles/pico-rom-em.dir/home/menadue/pico/pico-sdk/src/rp2_common/pico_stdio/stdio.c.o
 .text.stdio_buffered_printer
                0x10004a3c       0x64 CMakeFiles/pico-rom-em.dir/home/menadue/pico/pico-sdk/src/rp2_common/pico_stdio/stdio.c.o
 .text.stdio_put_string
                0x10004aa0       0xf4 CMakeFiles/pico-rom-em.dir/home/menadue/pico/pico-sdk/src/rp2_common/pico_stdio/stdio.c.o
                0x10004aa0                stdio_put_string
 .text.stdio_set_driver_enabled
                0x10004b94       0x30 CMakeFiles/pico-rom-em.dir/home/menadue/pico/pico-sdk/src/rp2_common/pico_stdio/stdio.c.o
                0x10004b94                stdio_set_driver_enabled
 .text.stdio_flush
                0x10004bc4       0x28 CMakeFiles/pico-rom-em.dir/home/menadue/pico/pico-sdk/src/rp2_common/pico_stdio/stdio.c.o
                0x10004bc4                stdio_flush
 .text.stdio_init_all
                0x10004bec       0x10 CMakeFiles/pico-rom-em.dir/home/menadue/pico/pico-sdk/src/rp2_common/pico_stdio/stdio.c.o
                0x10004bec                stdio_init_all
 .text.stdio_getchar_timeout_us
                0x10004bfc       0x98 CMakeFiles/pico-rom-em.dir/home/menadue/pico/pico-sdk/src/rp2_common/pico_stdio/stdio.c.o
                0x10004bfc                stdio_getchar_timeout_us
 .text.__wrap_putchar
                0x10004c94       0x94 CMakeFiles/pico-rom-em.dir/home/menadue/pico/pico-sdk/src/rp2_common/pico_stdio/stdio.c.o
                0x10004c94                stdio_putchar
                0x10004c94                __wrap_putchar
 .text.__wrap_puts
                0x10004d28       0x3c CMakeFiles/pico-rom-em.dir/home/menadue/pico/pico-sdk/src/rp2_common/pico_stdio/stdio.c.o
                0x10004d28                __wrap_puts
                0x10004d28                stdio_puts
 .text.__wrap_vprintf
                0x10004d64       0xc8 CMakeFiles/pico-rom-em.dir/home/menadue/pico/pico-sdk/src/rp2_common/pico_stdio/stdio.c.o
                0x10004d64                __wrap_vprintf
                0x10004d64                stdio_vprintf
 .text.__wrap_printf
                0x10004e2c       0x18 CMakeFiles/pico-rom-em.dir/home/menadue/pico/pico-sdk/src/rp2_common/pico_stdio/stdio.c.o
                0x10004e2c                stdio_printf
                0x10004e2c                __wrap_printf
 .text.stdio_uart_out_chars
                0x10004e44       0x4c CMakeFiles/pico-rom-em.dir/home/menadue/pico/pico-sdk/src/rp2_common/pico_stdio_uart/stdio_uart.c.o
 .text.stdio_uart_in_chars
                0x10004e90       0x8c CMakeFiles/pico-rom-em.dir/home/menadue/pico/pico-sdk/src/rp2_common/pico_stdio_uart/stdio_uart.c.o
                0x10004e90                stdio_uart_in_chars
 .text.on_uart_rx
                0x10004f1c       0x28 CMakeFiles/pico-rom-em.dir/home/menadue/pico/pico-sdk/src/rp2_common/pico_stdio_uart/stdio_uart.c.o
 .text.stdio_uart_out_flush
                0x10004f44       0x14 CMakeFiles/pico-rom-em.dir/home/menadue/pico/pico-sdk/src/rp2_common/pico_stdio_uart/stdio_uart.c.o
 .text.stdio_uart_set_chars_available_callback
                0x10004f58       0x84 CMakeFiles/pico-rom-em.dir/home/menadue/pico/pico-sdk/src/rp2_common/pico_stdio_uart/stdio_uart.c.o
 .text.stdio_uart_init
                0x10004fdc       0x50 CMakeFiles/pico-rom-em.dir/home/menadue/pico/pico-sdk/src/rp2_common/pico_stdio_uart/stdio_uart.c.o
                0x10004fdc                stdio_uart_init
 .text.resetd_init
                0x1000502c        0x4 CMakeFiles/pico-rom-em.dir/home/menadue/pico/pico-sdk/src/rp2_common/pico_stdio_usb/reset_interface.c.o
 .text.resetd_reset
                0x10005030        0xc CMakeFiles/pico-rom-em.dir/home/menadue/pico/pico-sdk/src/rp2_common/pico_stdio_usb/reset_interface.c.o
 .text.resetd_open
                0x1000503c       0x28 CMakeFiles/pico-rom-em.dir/home/menadue/pico/pico-sdk/src/rp2_common/pico_stdio_usb/reset_interface.c.o
 .text.resetd_xfer_cb
                0x10005064        0x4 CMakeFiles/pico-rom-em.dir/home/menadue/pico/pico-sdk/src/rp2_common/pico_stdio_usb/reset_interface.c.o
 .text.resetd_control_xfer_cb
                0x10005068       0x54 CMakeFiles/pico-rom-em.dir/home/menadue/pico/pico-sdk/src/rp2_common/pico_stdio_usb/reset_interface.c.o
 .text.tud_descriptor_bos_cb
                0x100050bc        0x8 CMakeFiles/pico-rom-em.dir/home/menadue/pico/pico-sdk/src/rp2_common/pico_stdio_usb/reset_interface.c.o
                0x100050bc                tud_descriptor_bos_cb
 .text.tud_vendor_control_xfer_cb
                0x100050c4       0x38 CMakeFiles/pico-rom-em.dir/home/menadue/pico/pico-sdk/src/rp2_common/pico_stdio_usb/reset_interface.c.o
                0x100050c4                tud_vendor_control_xfer_cb
 .text.usbd_app_driver_get_cb
                0x100050fc        0xc CMakeFiles/pico-rom-em.dir/home/menadue/pico/pico-sdk/src/rp2_common/pico_stdio_usb/reset_interface.c.o
                0x100050fc                usbd_app_driver_get_cb
 .text.tud_cdc_line_coding_cb
                0x10005108       0x2c CMakeFiles/pico-rom-em.dir/home/menadue/pico/pico-sdk/src/rp2_common/pico_stdio_usb/reset_interface.c.o
                0x10005108                tud_cdc_line_coding_cb
 .text.stdio_usb_set_chars_available_callback
                0x10005134       0x14 CMakeFiles/pico-rom-em.dir/home/menadue/pico/pico-sdk/src/rp2_common/pico_stdio_usb/stdio_usb.c.o
                0x10005134                stdio_usb_set_chars_available_callback
 .text.usb_irq  0x10005148       0x10 CMakeFiles/pico-rom-em.dir/home/menadue/pico/pico-sdk/src/rp2_common/pico_stdio_usb/stdio_usb.c.o
 .text.timer_task
                0x10005158       0x64 CMakeFiles/pico-rom-em.dir/home/menadue/pico/pico-sdk/src/rp2_common/pico_stdio_usb/stdio_usb.c.o
 .text.stdio_usb_in_chars
                0x100051bc       0x8c CMakeFiles/pico-rom-em.dir/home/menadue/pico/pico-sdk/src/rp2_common/pico_stdio_usb/stdio_usb.c.o
                0x100051bc                stdio_usb_in_chars
 .text.stdio_usb_out_flush
                0x10005248       0x4c CMakeFiles/pico-rom-em.dir/home/menadue/pico/pico-sdk/src/rp2_common/pico_stdio_usb/stdio_usb.c.o
 .text.stdio_usb_out_chars
                0x10005294       0xf8 CMakeFiles/pico-rom-em.dir/home/menadue/pico/pico-sdk/src/rp2_common/pico_stdio_usb/stdio_usb.c.o
 .text.low_priority_worker_irq
                0x1000538c       0xc4 CMakeFiles/pico-rom-em.dir/home/menadue/pico/pico-sdk/src/rp2_common/pico_stdio_usb/stdio_usb.c.o
 .text.stdio_usb_init
                0x10005450       0xe0 CMakeFiles/pico-rom-em.dir/home/menadue/pico/pico-sdk/src/rp2_common/pico_stdio_usb/stdio_usb.c.o
                0x10005450                stdio_usb_init
 .text.tud_descriptor_device_cb
                0x10005530        0x8 CMakeFiles/pico-rom-em.dir/home/menadue/pico/pico-sdk/src/rp2_common/pico_stdio_usb/stdio_usb_descriptors.c.o
                0x10005530                tud_descriptor_device_cb
 .text.tud_descriptor_configuration_cb
                0x10005538        0x8 CMakeFiles/pico-rom-em.dir/home/menadue/pico/pico-sdk/src/rp2_common/pico_stdio_usb/stdio_usb_descriptors.c.o
                0x10005538                tud_descriptor_configuration_cb
 .text.tud_descriptor_string_cb
                0x10005540       0x70 CMakeFiles/pico-rom-em.dir/home/menadue/pico/pico-sdk/src/rp2_common/pico_stdio_usb/stdio_usb_descriptors.c.o
                0x10005540                tud_descriptor_string_cb
 .text.startup._retrieve_unique_id_on_boot
                0x100055b0       0x10 CMakeFiles/pico-rom-em.dir/home/menadue/pico/pico-sdk/src/rp2_common/pico_unique_id/unique_id.c.o
 .text.pico_get_unique_board_id_string
                0x100055c0      0x1e0 CMakeFiles/pico-rom-em.dir/home/menadue/pico/pico-sdk/src/rp2_common/pico_unique_id/unique_id.c.o
                0x100055c0                pico_get_unique_board_id_string
 .text.flash_get_unique_id
                0x100057a0       0x3c CMakeFiles/pico-rom-em.dir/home/menadue/pico/pico-sdk/src/rp2_common/hardware_flash/flash.c.o
                0x100057a0                flash_get_unique_id
 .text.dcd_init
                0x100057dc       0x8c CMakeFiles/pico-rom-em.dir/home/menadue/pico/pico-sdk/lib/tinyusb/src/portable/raspberrypi/rp2040/dcd_rp2040.c.o
                0x100057dc                dcd_init
 .text.dcd_int_enable
                0x10005868        0xc CMakeFiles/pico-rom-em.dir/home/menadue/pico/pico-sdk/lib/tinyusb/src/portable/raspberrypi/rp2040/dcd_rp2040.c.o
                0x10005868                dcd_int_enable
 .text.dcd_set_address
                0x10005874       0x14 CMakeFiles/pico-rom-em.dir/home/menadue/pico/pico-sdk/lib/tinyusb/src/portable/raspberrypi/rp2040/dcd_rp2040.c.o
                0x10005874                dcd_set_address
 .text.dcd_sof_enable
                0x10005888       0x1c CMakeFiles/pico-rom-em.dir/home/menadue/pico/pico-sdk/lib/tinyusb/src/portable/raspberrypi/rp2040/dcd_rp2040.c.o
                0x10005888                dcd_sof_enable
 .text.dcd_edpt0_status_complete
                0x100058a4       0x1c CMakeFiles/pico-rom-em.dir/home/menadue/pico/pico-sdk/lib/tinyusb/src/portable/raspberrypi/rp2040/dcd_rp2040.c.o
                0x100058a4                dcd_edpt0_status_complete
 .text.dcd_edpt_open
                0x100058c0      0x108 CMakeFiles/pico-rom-em.dir/home/menadue/pico/pico-sdk/lib/tinyusb/src/portable/raspberrypi/rp2040/dcd_rp2040.c.o
                0x100058c0                dcd_edpt_open
 .text.dcd_edpt_close_all
                0x100059c8        0x8 CMakeFiles/pico-rom-em.dir/home/menadue/pico/pico-sdk/lib/tinyusb/src/portable/raspberrypi/rp2040/dcd_rp2040.c.o
                0x100059c8                dcd_edpt_close_all
 .text.dcd_edpt_xfer
                0x100059d0       0x24 CMakeFiles/pico-rom-em.dir/home/menadue/pico/pico-sdk/lib/tinyusb/src/portable/raspberrypi/rp2040/dcd_rp2040.c.o
                0x100059d0                dcd_edpt_xfer
 .text.dcd_edpt_stall
                0x100059f4       0x3c CMakeFiles/pico-rom-em.dir/home/menadue/pico/pico-sdk/lib/tinyusb/src/portable/raspberrypi/rp2040/dcd_rp2040.c.o
                0x100059f4                dcd_edpt_stall
 .text.dcd_edpt_clear_stall
                0x10005a30       0x30 CMakeFiles/pico-rom-em.dir/home/menadue/pico/pico-sdk/lib/tinyusb/src/portable/raspberrypi/rp2040/dcd_rp2040.c.o
                0x10005a30                dcd_edpt_clear_stall
 .text.rp2040_usb_init
                0x10005a60       0x40 CMakeFiles/pico-rom-em.dir/home/menadue/pico/pico-sdk/lib/tinyusb/src/portable/raspberrypi/rp2040/rp2040_usb.c.o
                0x10005a60                rp2040_usb_init
 .text.hw_endpoint_xfer_start
                0x10005aa0       0x40 CMakeFiles/pico-rom-em.dir/home/menadue/pico/pico-sdk/lib/tinyusb/src/portable/raspberrypi/rp2040/rp2040_usb.c.o
                0x10005aa0                hw_endpoint_xfer_start
 .text.tud_event_hook_cb
                0x10005ae0        0x4 CMakeFiles/pico-rom-em.dir/home/menadue/pico/pico-sdk/lib/tinyusb/src/device/usbd.c.o
                0x10005ae0                tud_event_hook_cb
 .text.tud_sof_cb
                0x10005ae4        0x4 CMakeFiles/pico-rom-em.dir/home/menadue/pico/pico-sdk/lib/tinyusb/src/device/usbd.c.o
                0x10005ae4                tud_sof_cb
 .text.tud_descriptor_device_qualifier_cb
                0x10005ae8        0x4 CMakeFiles/pico-rom-em.dir/home/menadue/pico/pico-sdk/lib/tinyusb/src/device/usbd.c.o
                0x10005ae8                tud_descriptor_device_qualifier_cb
 .text.tud_descriptor_other_speed_configuration_cb
                0x10005aec        0x4 CMakeFiles/pico-rom-em.dir/home/menadue/pico/pico-sdk/lib/tinyusb/src/device/usbd.c.o
                0x10005aec                tud_descriptor_other_speed_configuration_cb
 .text.tud_mount_cb
                0x10005af0        0x4 CMakeFiles/pico-rom-em.dir/home/menadue/pico/pico-sdk/lib/tinyusb/src/device/usbd.c.o
                0x10005af0                tud_mount_cb
 .text.tud_umount_cb
                0x10005af4        0x4 CMakeFiles/pico-rom-em.dir/home/menadue/pico/pico-sdk/lib/tinyusb/src/device/usbd.c.o
                0x10005af4                tud_umount_cb
 .text.tud_suspend_cb
                0x10005af8        0x4 CMakeFiles/pico-rom-em.dir/home/menadue/pico/pico-sdk/lib/tinyusb/src/device/usbd.c.o
                0x10005af8                tud_suspend_cb
 .text.tud_resume_cb
                0x10005afc        0x4 CMakeFiles/pico-rom-em.dir/home/menadue/pico/pico-sdk/lib/tinyusb/src/device/usbd.c.o
                0x10005afc                tud_resume_cb
 .text.tud_mounted
                0x10005b00       0x10 CMakeFiles/pico-rom-em.dir/home/menadue/pico/pico-sdk/lib/tinyusb/src/device/usbd.c.o
                0x10005b00                tud_mounted
 .text.tud_suspended
                0x10005b10       0x10 CMakeFiles/pico-rom-em.dir/home/menadue/pico/pico-sdk/lib/tinyusb/src/device/usbd.c.o
                0x10005b10                tud_suspended
 .text.tud_init
                0x10005b20       0xe0 CMakeFiles/pico-rom-em.dir/home/menadue/pico/pico-sdk/lib/tinyusb/src/device/usbd.c.o
                0x10005b20                tud_init
 .text.tud_task_ext
                0x10005c00      0x7fc CMakeFiles/pico-rom-em.dir/home/menadue/pico/pico-sdk/lib/tinyusb/src/device/usbd.c.o
                0x10005c00                tud_task_ext
 .text.usbd_open_edpt_pair
                0x100063fc       0x98 CMakeFiles/pico-rom-em.dir/home/menadue/pico/pico-sdk/lib/tinyusb/src/device/usbd.c.o
                0x100063fc                usbd_open_edpt_pair
 .text.usbd_edpt_open
                0x10006494       0x34 CMakeFiles/pico-rom-em.dir/home/menadue/pico/pico-sdk/lib/tinyusb/src/device/usbd.c.o
                0x10006494                usbd_edpt_open
 .text.usbd_edpt_claim
                0x100064c8       0x28 CMakeFiles/pico-rom-em.dir/home/menadue/pico/pico-sdk/lib/tinyusb/src/device/usbd.c.o
                0x100064c8                usbd_edpt_claim
 .text.usbd_edpt_release
                0x100064f0       0x28 CMakeFiles/pico-rom-em.dir/home/menadue/pico/pico-sdk/lib/tinyusb/src/device/usbd.c.o
                0x100064f0                usbd_edpt_release
 .text.usbd_edpt_xfer
                0x10006518       0x50 CMakeFiles/pico-rom-em.dir/home/menadue/pico/pico-sdk/lib/tinyusb/src/device/usbd.c.o
                0x10006518                usbd_edpt_xfer
 .text.tud_control_status
                0x10006568       0x2c CMakeFiles/pico-rom-em.dir/home/menadue/pico/pico-sdk/lib/tinyusb/src/device/usbd_control.c.o
                0x10006568                tud_control_status
 .text.tud_control_xfer
                0x10006594       0xa0 CMakeFiles/pico-rom-em.dir/home/menadue/pico/pico-sdk/lib/tinyusb/src/device/usbd_control.c.o
                0x10006594                tud_control_xfer
 .text.usbd_control_reset
                0x10006634       0x14 CMakeFiles/pico-rom-em.dir/home/menadue/pico/pico-sdk/lib/tinyusb/src/device/usbd_control.c.o
                0x10006634                usbd_control_reset
 .text.usbd_control_set_complete_callback
                0x10006648        0xc CMakeFiles/pico-rom-em.dir/home/menadue/pico/pico-sdk/lib/tinyusb/src/device/usbd_control.c.o
                0x10006648                usbd_control_set_complete_callback
 .text.usbd_control_set_request
                0x10006654       0x1c CMakeFiles/pico-rom-em.dir/home/menadue/pico/pico-sdk/lib/tinyusb/src/device/usbd_control.c.o
                0x10006654                usbd_control_set_request
 .text.usbd_control_xfer_cb
                0x10006670       0xe8 CMakeFiles/pico-rom-em.dir/home/menadue/pico/pico-sdk/lib/tinyusb/src/device/usbd_control.c.o
                0x10006670                usbd_control_xfer_cb
 .text._prep_out_transaction.isra.0
                0x10006758       0x5c CMakeFiles/pico-rom-em.dir/home/menadue/pico/pico-sdk/lib/tinyusb/src/class/cdc/cdc_device.c.o
 .text.tud_cdc_n_connected
                0x100067b4       0x34 CMakeFiles/pico-rom-em.dir/home/menadue/pico/pico-sdk/lib/tinyusb/src/class/cdc/cdc_device.c.o
                0x100067b4                tud_cdc_n_connected
 .text.tud_cdc_n_available
                0x100067e8       0x1c CMakeFiles/pico-rom-em.dir/home/menadue/pico/pico-sdk/lib/tinyusb/src/class/cdc/cdc_device.c.o
                0x100067e8                tud_cdc_n_available
 .text.tud_cdc_n_read
                0x10006804       0x9c CMakeFiles/pico-rom-em.dir/home/menadue/pico/pico-sdk/lib/tinyusb/src/class/cdc/cdc_device.c.o
                0x10006804                tud_cdc_n_read
 .text.tud_cdc_n_write_flush
                0x100068a0       0x7c CMakeFiles/pico-rom-em.dir/home/menadue/pico/pico-sdk/lib/tinyusb/src/class/cdc/cdc_device.c.o
                0x100068a0                tud_cdc_n_write_flush
 .text.tud_cdc_n_write
                0x1000691c       0x44 CMakeFiles/pico-rom-em.dir/home/menadue/pico/pico-sdk/lib/tinyusb/src/class/cdc/cdc_device.c.o
                0x1000691c                tud_cdc_n_write
 .text.tud_cdc_n_write_available
                0x10006960       0x1c CMakeFiles/pico-rom-em.dir/home/menadue/pico/pico-sdk/lib/tinyusb/src/class/cdc/cdc_device.c.o
                0x10006960                tud_cdc_n_write_available
 .text.cdcd_init
                0x1000697c       0x74 CMakeFiles/pico-rom-em.dir/home/menadue/pico/pico-sdk/lib/tinyusb/src/class/cdc/cdc_device.c.o
                0x1000697c                cdcd_init
 .text.cdcd_deinit
                0x100069f0       0x30 CMakeFiles/pico-rom-em.dir/home/menadue/pico/pico-sdk/lib/tinyusb/src/class/cdc/cdc_device.c.o
                0x100069f0                cdcd_deinit
 .text.cdcd_reset
                0x10006a20       0x48 CMakeFiles/pico-rom-em.dir/home/menadue/pico/pico-sdk/lib/tinyusb/src/class/cdc/cdc_device.c.o
                0x10006a20                cdcd_reset
 .text.cdcd_open
                0x10006a68       0xb4 CMakeFiles/pico-rom-em.dir/home/menadue/pico/pico-sdk/lib/tinyusb/src/class/cdc/cdc_device.c.o
                0x10006a68                cdcd_open
 .text.cdcd_control_xfer_cb
                0x10006b1c       0xec CMakeFiles/pico-rom-em.dir/home/menadue/pico/pico-sdk/lib/tinyusb/src/class/cdc/cdc_device.c.o
                0x10006b1c                cdcd_control_xfer_cb
 .text.cdcd_xfer_cb
                0x10006c08       0xf8 CMakeFiles/pico-rom-em.dir/home/menadue/pico/pico-sdk/lib/tinyusb/src/class/cdc/cdc_device.c.o
                0x10006c08                cdcd_xfer_cb
 .text.vendord_init
                0x10006d00       0x5c CMakeFiles/pico-rom-em.dir/home/menadue/pico/pico-sdk/lib/tinyusb/src/class/vendor/vendor_device.c.o
                0x10006d00                vendord_init
 .text.vendord_deinit
                0x10006d5c       0x1c CMakeFiles/pico-rom-em.dir/home/menadue/pico/pico-sdk/lib/tinyusb/src/class/vendor/vendor_device.c.o
                0x10006d5c                vendord_deinit
 .text.vendord_reset
                0x10006d78       0x20 CMakeFiles/pico-rom-em.dir/home/menadue/pico/pico-sdk/lib/tinyusb/src/class/vendor/vendor_device.c.o
                0x10006d78                vendord_reset
 .text.vendord_open
                0x10006d98      0x10c CMakeFiles/pico-rom-em.dir/home/menadue/pico/pico-sdk/lib/tinyusb/src/class/vendor/vendor_device.c.o
                0x10006d98                vendord_open
 .text.vendord_xfer_cb
                0x10006ea4       0xa0 CMakeFiles/pico-rom-em.dir/home/menadue/pico/pico-sdk/lib/tinyusb/src/class/vendor/vendor_device.c.o
                0x10006ea4                vendord_xfer_cb
 .text.tusb_init
                0x10006f44        0xc CMakeFiles/pico-rom-em.dir/home/menadue/pico/pico-sdk/lib/tinyusb/src/tusb.c.o
                0x10006f44                tusb_init
 .text.tu_edpt_claim
                0x10006f50       0x50 CMakeFiles/pico-rom-em.dir/home/menadue/pico/pico-sdk/lib/tinyusb/src/tusb.c.o
                0x10006f50                tu_edpt_claim
 .text.tu_edpt_release
                0x10006fa0       0x38 CMakeFiles/pico-rom-em.dir/home/menadue/pico/pico-sdk/lib/tinyusb/src/tusb.c.o
                0x10006fa0                tu_edpt_release
 .text.tu_edpt_validate
                0x10006fd8       0x74 CMakeFiles/pico-rom-em.dir/home/menadue/pico/pico-sdk/lib/tinyusb/src/tusb.c.o
                0x10006fd8                tu_edpt_validate
 .text.tu_edpt_bind_driver
                0x1000704c       0x34 CMakeFiles/pico-rom-em.dir/home/menadue/pico/pico-sdk/lib/tinyusb/src/tusb.c.o
                0x1000704c                tu_edpt_bind_driver
 .text.tu_edpt_stream_init
                0x10007080       0x68 CMakeFiles/pico-rom-em.dir/home/menadue/pico/pico-sdk/lib/tinyusb/src/tusb.c.o
                0x10007080                tu_edpt_stream_init
 .text.tu_edpt_stream_deinit
                0x100070e8        0x4 CMakeFiles/pico-rom-em.dir/home/menadue/pico/pico-sdk/lib/tinyusb/src/tusb.c.o
                0x100070e8                tu_edpt_stream_deinit
 .text.tu_edpt_stream_write_zlp_if_needed
                0x100070ec       0x64 CMakeFiles/pico-rom-em.dir/home/menadue/pico/pico-sdk/lib/tinyusb/src/tusb.c.o
                0x100070ec                tu_edpt_stream_write_zlp_if_needed
 .text.tu_edpt_stream_write_xfer
                0x10007150       0x6c CMakeFiles/pico-rom-em.dir/home/menadue/pico/pico-sdk/lib/tinyusb/src/tusb.c.o
                0x10007150                tu_edpt_stream_write_xfer
 .text.tu_edpt_stream_read_xfer
                0x100071bc       0xd8 CMakeFiles/pico-rom-em.dir/home/menadue/pico/pico-sdk/lib/tinyusb/src/tusb.c.o
                0x100071bc                tu_edpt_stream_read_xfer
 .text.tu_fifo_config
                0x10007294       0x6c CMakeFiles/pico-rom-em.dir/home/menadue/pico/pico-sdk/lib/tinyusb/src/common/tusb_fifo.c.o
                0x10007294                tu_fifo_config
 .text.tu_fifo_count
                0x10007300       0x2c CMakeFiles/pico-rom-em.dir/home/menadue/pico/pico-sdk/lib/tinyusb/src/common/tusb_fifo.c.o
                0x10007300                tu_fifo_count
 .text.tu_fifo_empty
                0x1000732c       0x10 CMakeFiles/pico-rom-em.dir/home/menadue/pico/pico-sdk/lib/tinyusb/src/common/tusb_fifo.c.o
                0x1000732c                tu_fifo_empty
 .text.tu_fifo_remaining
                0x1000733c       0x2c CMakeFiles/pico-rom-em.dir/home/menadue/pico/pico-sdk/lib/tinyusb/src/common/tusb_fifo.c.o
                0x1000733c                tu_fifo_remaining
 .text.tu_fifo_read
                0x10007368       0x9c CMakeFiles/pico-rom-em.dir/home/menadue/pico/pico-sdk/lib/tinyusb/src/common/tusb_fifo.c.o
                0x10007368                tu_fifo_read
 .text.tu_fifo_read_n
                0x10007404       0xec CMakeFiles/pico-rom-em.dir/home/menadue/pico/pico-sdk/lib/tinyusb/src/common/tusb_fifo.c.o
                0x10007404                tu_fifo_read_n
 .text.tu_fifo_write
                0x100074f0       0xa4 CMakeFiles/pico-rom-em.dir/home/menadue/pico/pico-sdk/lib/tinyusb/src/common/tusb_fifo.c.o
                0x100074f0                tu_fifo_write
 .text.tu_fifo_write_n
                0x10007594      0x168 CMakeFiles/pico-rom-em.dir/home/menadue/pico/pico-sdk/lib/tinyusb/src/common/tusb_fifo.c.o
                0x10007594                tu_fifo_write_n
 .text.tu_fifo_clear
                0x100076fc       0x40 CMakeFiles/pico-rom-em.dir/home/menadue/pico/pico-sdk/lib/tinyusb/src/common/tusb_fifo.c.o
                0x100076fc                tu_fifo_clear
 .text.tu_fifo_set_overwritable
                0x1000773c       0x48 CMakeFiles/pico-rom-em.dir/home/menadue/pico/pico-sdk/lib/tinyusb/src/common/tusb_fifo.c.o
                0x1000773c                tu_fifo_set_overwritable
 .text.core1_trampoline
                0x10007784        0x4 CMakeFiles/pico-rom-em.dir/home/menadue/pico/pico-sdk/src/rp2_common/pico_multicore/multicore.c.o
 .text.core1_wrapper
                0x10007788        0xc CMakeFiles/pico-rom-em.dir/home/menadue/pico/pico-sdk/src/rp2_common/pico_multicore/multicore.c.o
                0x10007788                core1_wrapper
 .text.multicore_launch_core1_raw
                0x10007794       0x88 CMakeFiles/pico-rom-em.dir/home/menadue/pico/pico-sdk/src/rp2_common/pico_multicore/multicore.c.o
                0x10007794                multicore_launch_core1_raw
 .text.multicore_launch_core1
                0x1000781c       0x5c CMakeFiles/pico-rom-em.dir/home/menadue/pico/pico-sdk/src/rp2_common/pico_multicore/multicore.c.o
                0x1000781c                multicore_launch_core1
 .text.atexit   0x10007878       0x10 /usr/lib/gcc/arm-none-eabi/15.2.0/../../../../arm-none-eabi/lib/thumb/v6-m/nofp/libg.a(libc_a-atexit.o)
                0x10007878                atexit
 .text.strcat   0x10007888       0x4c /usr/lib/gcc/arm-none-eabi/15.2.0/../../../../arm-none-eabi/lib/thumb/v6-m/nofp/libg.a(libc_a-strcat.o)
                0x10007888                strcat
 .text.__libc_fini_array
                0x100078d4       0x28 /usr/lib/gcc/arm-none-eabi/15.2.0/../../../../arm-none-eabi/lib/thumb/v6-m/nofp/libg.a(libc_a-fini.o)
                0x100078d4                __libc_fini_array
 .text.__retarget_lock_acquire_recursive
                0x100078fc        0x4 /usr/lib/gcc/arm-none-eabi/15.2.0/../../../../arm-none-eabi/lib/thumb/v6-m/nofp/libg.a(libc_a-lock.o)
                0x100078fc                __retarget_lock_acquire_recursive
 .text.__retarget_lock_release_recursive
                0x10007900        0x4 /usr/lib/gcc/arm-none-eabi/15.2.0/../../../../arm-none-eabi/lib/thumb/v6-m/nofp/libg.a(libc_a-lock.o)
                0x10007900                __retarget_lock_release_recursive
 .text.strcpy   0x10007904       0x10 /usr/lib/gcc/arm-none-eabi/15.2.0/../../../../arm-none-eabi/lib/thumb/v6-m/nofp/libg.a(libc_a-strcpy.o)
                0x10007904                strcpy
 .text.strlen   0x10007914       0x60 /usr/lib/gcc/arm-none-eabi/15.2.0/../../../../arm-none-eabi/lib/thumb/v6-m/nofp/libg.a(libc_a-strlen-stub.o)
                0x10007914                strlen
 .text.__register_exitproc
                0x10007974       0x94 /usr/lib/gcc/arm-none-eabi/15.2.0/../../../../arm-none-eabi/lib/thumb/v6-m/nofp/libg.a(libc_a-__atexit.o)
                0x10007974                __register_exitproc
 .text.startup.register_fini
                0x10007a08       0x18 /usr/lib/gcc/arm-none-eabi/15.2.0/../../../../arm-none-eabi/lib/thumb/v6-m/nofp/libg.a(libc_a-__call_atexit.o)
 *(.fini)
 .fini          0x10007a20        0x4 /usr/lib/gcc/arm-none-eabi/15.2.0/thumb/v6-m/nofp/crti.o
                0x10007a20                _fini
 *fill*         0x10007a24        0x4 
 .fini.__stub   0x10007a28       0xc0 linker stubs
 *crtbegin.o(.ctors)
 *crtbegin?.o(.ctors)
 *(EXCLUDE_FILE(*crtend.o *crtend?.o) .ctors)
 *(SORT_BY_NAME(.ctors.*))
 *(.ctors)
 *crtbegin.o(.dtors)
 *crtbegin?.o(.dtors)
 *(EXCLUDE_FILE(*crtend.o *crtend?.o) .dtors)
 *(SORT_BY_NAME(.dtors.*))
 *(.dtors)
                0x10007ae8                        . = ALIGN (0x4)
                0x10007ae8                        PROVIDE (__preinit_array_start = .)
 *(SORT_BY_NAME(.preinit_array.*))
 .preinit_array.00100
                0x10007ae8        0x4 CMakeFiles/pico-rom-em.dir/home/menadue/pico/pico-sdk/src/rp2_common/pico_runtime_init/runtime_init.c.o
                0x10007ae8                __pre_init_runtime_init_early_resets
 .preinit_array.00101
                0x10007aec        0x4 CMakeFiles/pico-rom-em.dir/home/menadue/pico/pico-sdk/src/rp2_common/pico_runtime_init/runtime_init.c.o
                0x10007aec                __pre_init_runtime_init_usb_power_down
 .preinit_array.00275
                0x10007af0        0x4 CMakeFiles/pico-rom-em.dir/home/menadue/pico/pico-sdk/src/rp2_common/pico_bit_ops/bit_ops_aeabi.S.o
 .preinit_array.00300
                0x10007af4        0x4 CMakeFiles/pico-rom-em.dir/home/menadue/pico/pico-sdk/src/rp2_common/pico_mem_ops/mem_ops_aeabi.S.o
 .preinit_array.00350
                0x10007af8        0x4 CMakeFiles/pico-rom-em.dir/home/menadue/pico/pico-sdk/src/rp2_common/pico_double/double_aeabi_rp2040.S.o
 .preinit_array.00350
                0x10007afc        0x4 CMakeFiles/pico-rom-em.dir/home/menadue/pico/pico-sdk/src/rp2_common/pico_float/float_aeabi_rp2040.S.o
 .preinit_array.00500
                0x10007b00        0x4 CMakeFiles/pico-rom-em.dir/home/menadue/pico/pico-sdk/src/rp2_common/pico_runtime_init/runtime_init.c.o
                0x10007b00                __pre_init_runtime_init_clocks
 .preinit_array.00600
                0x10007b04        0x4 CMakeFiles/pico-rom-em.dir/home/menadue/pico/pico-sdk/src/rp2_common/pico_runtime_init/runtime_init.c.o
                0x10007b04                __pre_init_runtime_init_post_clock_resets
 .preinit_array.00700
                0x10007b08        0x4 CMakeFiles/pico-rom-em.dir/home/menadue/pico/pico-sdk/src/rp2_common/pico_runtime_init/runtime_init.c.o
                0x10007b08                __pre_init_runtime_init_rp2040_gpio_ie_disable
 .preinit_array.01000
                0x10007b0c        0x4 CMakeFiles/pico-rom-em.dir/home/menadue/pico/pico-sdk/src/rp2_common/pico_runtime_init/runtime_init.c.o
                0x10007b0c                __pre_init_runtime_init_spin_locks_reset
 .preinit_array.01100
                0x10007b10        0x4 CMakeFiles/pico-rom-em.dir/home/menadue/pico/pico-sdk/src/common/pico_sync/mutex.c.o
                0x10007b10                __pre_init_runtime_init_mutex
 .preinit_array.10080
                0x10007b14        0x4 CMakeFiles/pico-rom-em.dir/home/menadue/pico/pico-sdk/src/rp2_common/pico_runtime_init/runtime_init.c.o
                0x10007b14                __pre_init_runtime_init_install_ram_vector_table
 .preinit_array.11000
                0x10007b18        0x4 CMakeFiles/pico-rom-em.dir/home/menadue/pico/pico-sdk/src/common/pico_time/time.c.o
                0x10007b18                __pre_init_runtime_init_default_alarm_pool
 .preinit_array.YYYYY
                0x10007b1c        0x4 CMakeFiles/pico-rom-em.dir/home/menadue/pico/pico-sdk/src/rp2_common/pico_runtime/runtime.c.o
                0x10007b1c                __pre_init_first_per_core_initializer
 .preinit_array.ZZZZZ.01200
                0x10007b20        0x4 CMakeFiles/pico-rom-em.dir/home/menadue/pico/pico-sdk/src/rp2_common/hardware_irq/irq.c.o
                0x10007b20                __pre_init_runtime_init_per_core_irq_priorities
 *(.preinit_array)
                0x10007b24                        PROVIDE (__preinit_array_end = .)
                0x10007b24                        . = ALIGN (0x4)
                0x10007b24                        PROVIDE (__init_array_start = .)
 *(SORT_BY_NAME(.init_array.*))
 .init_array.00000
                0x10007b24        0x4 /usr/lib/gcc/arm-none-eabi/15.2.0/../../../../arm-none-eabi/lib/thumb/v6-m/nofp/libg.a(libc_a-__call_atexit.o)
 *(.init_array)
 .init_array    0x10007b28        0x4 /usr/lib/gcc/arm-none-eabi/15.2.0/thumb/v6-m/nofp/crtbegin.o
 .init_array    0x10007b2c        0x4 CMakeFiles/pico-rom-em.dir/home/menadue/pico/pico-sdk/src/rp2_common/pico_unique_id/unique_id.c.o
                0x10007b30                        PROVIDE (__init_array_end = .)
                0x10007b30                        . = ALIGN (0x4)
                0x10007b30                        PROVIDE (__fini_array_start = .)
 *(SORT_BY_NAME(.fini_array.*))
 *(.fini_array)
                0x10007b30                        PROVIDE (__fini_array_end = .)
 *(.eh_frame*)
 .eh_frame      0x10007b30        0x0 /usr/lib/gcc/arm-none-eabi/15.2.0/thumb/v6-m/nofp/crtbegin.o
                0x10007b30                        . = ALIGN (0x4)

.glue_7         0x10007b30        0x0
 .glue_7        0x10007b30        0x0 linker stubs

.glue_7t        0x10007b30        0x0
 .glue_7t       0x10007b30        0x0 linker stubs

.vfp11_veneer   0x10007b30        0x0
 .vfp11_veneer  0x10007b30        0x0 linker stubs

.v4_bx          0x10007b30        0x0
 .v4_bx         0x10007b30        0x0 linker stubs

.iplt           0x10007b30        0x0
 .iplt          0x10007b30        0x0 /usr/lib/gcc/arm-none-eabi/15.2.0/thumb/v6-m/nofp/crtbegin.o

.rodata         0x10007b30      0xa44
 *(EXCLUDE_FILE(*libm.a: *libc.a:*lib_a-mem*.o *libgcc.a:) .rodata*)
 .rodata.cli_information.str1.4
                0x10007b30      0x414 CMakeFiles/pico-rom-em.dir/pico-rom-em.c.o
                                  0xd (size before relaxing)
 .rodata.cli_digit.str1.4
                0x10007f44        0x0 CMakeFiles/pico-rom-em.dir/pico-rom-em.c.o
                                  0x4 (size before relaxing)
 .rodata.cli_dump_trace.str1.4
                0x10007f44        0x0 CMakeFiles/pico-rom-em.dir/pico-rom-em.c.o
                                 0x42 (size before relaxing)
 .rodata.serial_help.str1.4
                0x10007f44        0x0 CMakeFiles/pico-rom-em.dir/pico-rom-em.c.o
                                 0x28 (size before relaxing)
 .rodata.cli_dump_ram.str1.4
                0x10007f44        0x0 CMakeFiles/pico-rom-em.dir/pico-rom-em.c.o
                                 0x1b (size before relaxing)
 .rodata.cli_enter_parameter.str1.4
                0x10007f44        0x0 CMakeFiles/pico-rom-em.dir/pico-rom-em.c.o
                                 0x59 (size before relaxing)
 .rodata.main.str1.4
                0x10007f44        0x0 CMakeFiles/pico-rom-em.dir/pico-rom-em.c.o
                                 0xfd (size before relaxing)
 .rodata.str1.4
                0x10007f44        0x0 CMakeFiles/pico-rom-em.dir/pico-rom-em.c.o
                                 0x77 (size before relaxing)
 .rodata.data_pins
                0x10007f44       0x20 CMakeFiles/pico-rom-em.dir/pico-rom-em.c.o
                0x10007f44                data_pins
 .rodata.address_pins
                0x10007f64       0x40 CMakeFiles/pico-rom-em.dir/pico-rom-em.c.o
                0x10007f64                address_pins
 .rodata.panic.str1.4
                0x10007fa4        0x0 CMakeFiles/pico-rom-em.dir/home/menadue/pico/pico-sdk/src/rp2_common/pico_platform_panic/panic.c.o
                                 0x12 (size before relaxing)
 .rodata.spin_lock_claim_unused.str1.4
                0x10007fa4        0x0 CMakeFiles/pico-rom-em.dir/home/menadue/pico/pico-sdk/src/rp2_common/hardware_sync/sync.c.o
                                 0x1b (size before relaxing)
 .rodata.user_irq_claim_unused.str1.4
                0x10007fa4        0x0 CMakeFiles/pico-rom-em.dir/home/menadue/pico/pico-sdk/src/rp2_common/hardware_irq/irq.c.o
                                 0x1b (size before relaxing)
 .rodata.timer_hardware_alarm_claim.str1.4
                0x10007fa4        0x0 CMakeFiles/pico-rom-em.dir/home/menadue/pico/pico-sdk/src/rp2_common/hardware_timer/timer.c.o
                                 0x22 (size before relaxing)
 .rodata.hard_assertion_failure.str1.4
                0x10007fa4        0x0 CMakeFiles/pico-rom-em.dir/home/menadue/pico/pico-sdk/src/rp2_common/pico_runtime/runtime.c.o
                                  0xc (size before relaxing)
 .rodata.str1.4
                0x10007fa4        0x0 CMakeFiles/pico-rom-em.dir/home/menadue/pico/pico-sdk/src/rp2_common/pico_standard_binary_info/standard_binary_info.c.o
                                 0x44 (size before relaxing)
 .rodata.__bi_84
                0x10007fa4        0xc CMakeFiles/pico-rom-em.dir/home/menadue/pico/pico-sdk/src/rp2_common/pico_standard_binary_info/standard_binary_info.c.o
 .rodata.__bi_78
                0x10007fb0        0xc CMakeFiles/pico-rom-em.dir/home/menadue/pico/pico-sdk/src/rp2_common/pico_standard_binary_info/standard_binary_info.c.o
 .rodata.__bi_60
                0x10007fbc        0xc CMakeFiles/pico-rom-em.dir/home/menadue/pico/pico-sdk/src/rp2_common/pico_standard_binary_info/standard_binary_info.c.o
 .rodata.__bi_54
                0x10007fc8        0xc CMakeFiles/pico-rom-em.dir/home/menadue/pico/pico-sdk/src/rp2_common/pico_standard_binary_info/standard_binary_info.c.o
 .rodata.__bi_48
                0x10007fd4        0xc CMakeFiles/pico-rom-em.dir/home/menadue/pico/pico-sdk/src/rp2_common/pico_standard_binary_info/standard_binary_info.c.o
 .rodata.__bi_42
                0x10007fe0        0xc CMakeFiles/pico-rom-em.dir/home/menadue/pico/pico-sdk/src/rp2_common/pico_standard_binary_info/standard_binary_info.c.o
 .rodata.__bi_34
                0x10007fec        0xc CMakeFiles/pico-rom-em.dir/home/menadue/pico/pico-sdk/src/rp2_common/pico_standard_binary_info/standard_binary_info.c.o
 .rodata.__bi_26
                0x10007ff8        0xc CMakeFiles/pico-rom-em.dir/home/menadue/pico/pico-sdk/src/rp2_common/pico_standard_binary_info/standard_binary_info.c.o
 .rodata._ftoa.str1.4
                0x10008004        0x0 CMakeFiles/pico-rom-em.dir/home/menadue/pico/pico-sdk/src/rp2_common/pico_printf/printf.c.o
                                 0x15 (size before relaxing)
 .rodata._vsnprintf
                0x10008004      0x19c CMakeFiles/pico-rom-em.dir/home/menadue/pico/pico-sdk/src/rp2_common/pico_printf/printf.c.o
 .rodata.pow10.0
                0x100081a0       0x50 CMakeFiles/pico-rom-em.dir/home/menadue/pico/pico-sdk/src/rp2_common/pico_printf/printf.c.o
 .rodata.crlf_str.0
                0x100081f0        0x2 CMakeFiles/pico-rom-em.dir/home/menadue/pico/pico-sdk/src/rp2_common/pico_stdio/stdio.c.o
 .rodata.str1.4
                0x100081f2        0x0 CMakeFiles/pico-rom-em.dir/home/menadue/pico/pico-sdk/src/rp2_common/pico_stdio_uart/stdio_uart.c.o
                                 0x2c (size before relaxing)
 *fill*         0x100081f2        0x2 
 .rodata.__bi_45.4
                0x100081f4        0xc CMakeFiles/pico-rom-em.dir/home/menadue/pico/pico-sdk/src/rp2_common/pico_stdio_uart/stdio_uart.c.o
 .rodata.__bi_49.5
                0x10008200        0x8 CMakeFiles/pico-rom-em.dir/home/menadue/pico/pico-sdk/src/rp2_common/pico_stdio_uart/stdio_uart.c.o
 .rodata.__bi_50.6
                0x10008208        0x8 CMakeFiles/pico-rom-em.dir/home/menadue/pico/pico-sdk/src/rp2_common/pico_stdio_uart/stdio_uart.c.o
 .rodata._resetd_driver
                0x10008210       0x20 CMakeFiles/pico-rom-em.dir/home/menadue/pico/pico-sdk/src/rp2_common/pico_stdio_usb/reset_interface.c.o
 .rodata.desc_ms_os_20
                0x10008230       0xa6 CMakeFiles/pico-rom-em.dir/home/menadue/pico/pico-sdk/src/rp2_common/pico_stdio_usb/reset_interface.c.o
 *fill*         0x100082d6        0x2 
 .rodata.desc_bos
                0x100082d8       0x21 CMakeFiles/pico-rom-em.dir/home/menadue/pico/pico-sdk/src/rp2_common/pico_stdio_usb/reset_interface.c.o
                0x100082d8                desc_bos
 .rodata.str1.4
                0x100082f9        0x0 CMakeFiles/pico-rom-em.dir/home/menadue/pico/pico-sdk/src/rp2_common/pico_stdio_usb/stdio_usb.c.o
                                 0x13 (size before relaxing)
 *fill*         0x100082f9        0x3 
 .rodata.__bi_197.0
                0x100082fc        0xc CMakeFiles/pico-rom-em.dir/home/menadue/pico/pico-sdk/src/rp2_common/pico_stdio_usb/stdio_usb.c.o
 .rodata.str1.4
                0x10008308        0x0 CMakeFiles/pico-rom-em.dir/home/menadue/pico/pico-sdk/src/rp2_common/pico_stdio_usb/stdio_usb_descriptors.c.o
                                 0x2a (size before relaxing)
 .rodata.usbd_desc_str
                0x10008308       0x18 CMakeFiles/pico-rom-em.dir/home/menadue/pico/pico-sdk/src/rp2_common/pico_stdio_usb/stdio_usb_descriptors.c.o
 .rodata.usbd_desc_cfg
                0x10008320       0x54 CMakeFiles/pico-rom-em.dir/home/menadue/pico/pico-sdk/src/rp2_common/pico_stdio_usb/stdio_usb_descriptors.c.o
 .rodata.usbd_desc_device
                0x10008374       0x12 CMakeFiles/pico-rom-em.dir/home/menadue/pico/pico-sdk/src/rp2_common/pico_stdio_usb/stdio_usb_descriptors.c.o
 .rodata.str1.4
                0x10008386        0x0 CMakeFiles/pico-rom-em.dir/home/menadue/pico/pico-sdk/lib/tinyusb/src/portable/raspberrypi/rp2040/dcd_rp2040.c.o
                                 0x14 (size before relaxing)
 .rodata.str1.4
                0x10008386        0x0 CMakeFiles/pico-rom-em.dir/home/menadue/pico/pico-sdk/lib/tinyusb/src/portable/raspberrypi/rp2040/rp2040_usb.c.o
                                 0x48 (size before relaxing)
 *fill*         0x10008386        0x2 
 .rodata.tud_task_ext
                0x10008388       0x8c CMakeFiles/pico-rom-em.dir/home/menadue/pico/pico-sdk/lib/tinyusb/src/device/usbd.c.o
 .rodata        0x10008414       0x1c CMakeFiles/pico-rom-em.dir/home/menadue/pico/pico-sdk/lib/tinyusb/src/device/usbd.c.o
 .rodata._usbd_driver
                0x10008430       0x40 CMakeFiles/pico-rom-em.dir/home/menadue/pico/pico-sdk/lib/tinyusb/src/device/usbd.c.o
 .rodata._ctype_
                0x10008470      0x101 /usr/lib/gcc/arm-none-eabi/15.2.0/../../../../arm-none-eabi/lib/thumb/v6-m/nofp/libg.a(libc_a-ctype_.o)
                0x10008470                _ctype_
                0x10008574                        . = ALIGN (0x4)
 *fill*         0x10008571        0x3 
 *(SORT_BY_ALIGNMENT(SORT_BY_NAME(.flashdata*)))
                0x10008574                        . = ALIGN (0x4)

.ARM.extab
 *(.ARM.extab* .gnu.linkonce.armextab.*)
                0x10008574                        __exidx_start = .

.ARM.exidx
 *(.ARM.exidx* .gnu.linkonce.armexidx.*)
                0x10008574                        __exidx_end = .
                0x10008574                        . = ALIGN (0x4)
                0x10008574                        __binary_info_start = .

.binary_info    0x10008574       0x30
 *(.binary_info.keep.*)
 .binary_info.keep.__bi_ptr84
                0x10008574        0x4 CMakeFiles/pico-rom-em.dir/home/menadue/pico/pico-sdk/src/rp2_common/pico_standard_binary_info/standard_binary_info.c.o
 .binary_info.keep.__bi_ptr78
                0x10008578        0x4 CMakeFiles/pico-rom-em.dir/home/menadue/pico/pico-sdk/src/rp2_common/pico_standard_binary_info/standard_binary_info.c.o
 .binary_info.keep.__bi_ptr60
                0x1000857c        0x4 CMakeFiles/pico-rom-em.dir/home/menadue/pico/pico-sdk/src/rp2_common/pico_standard_binary_info/standard_binary_info.c.o
 .binary_info.keep.__bi_ptr54
                0x10008580        0x4 CMakeFiles/pico-rom-em.dir/home/menadue/pico/pico-sdk/src/rp2_common/pico_standard_binary_info/standard_binary_info.c.o
 .binary_info.keep.__bi_ptr48
                0x10008584        0x4 CMakeFiles/pico-rom-em.dir/home/menadue/pico/pico-sdk/src/rp2_common/pico_standard_binary_info/standard_binary_info.c.o
 .binary_info.keep.__bi_ptr42
                0x10008588        0x4 CMakeFiles/pico-rom-em.dir/home/menadue/pico/pico-sdk/src/rp2_common/pico_standard_binary_info/standard_binary_info.c.o
 .binary_info.keep.__bi_ptr34
                0x1000858c        0x4 CMakeFiles/pico-rom-em.dir/home/menadue/pico/pico-sdk/src/rp2_common/pico_standard_binary_info/standard_binary_info.c.o
 .binary_info.keep.__bi_ptr26
                0x10008590        0x4 CMakeFiles/pico-rom-em.dir/home/menadue/pico/pico-sdk/src/rp2_common/pico_standard_binary_info/standard_binary_info.c.o
 *(.binary_info.*)
 .binary_info.__bi_ptr50
                0x10008594        0x4 CMakeFiles/pico-rom-em.dir/home/menadue/pico/pico-sdk/src/rp2_common/pico_stdio_uart/stdio_uart.c.o
 .binary_info.__bi_ptr49
                0x10008598        0x4 CMakeFiles/pico-rom-em.dir/home/menadue/pico/pico-sdk/src/rp2_common/pico_stdio_uart/stdio_uart.c.o
 .binary_info.__bi_ptr45
                0x1000859c        0x4 CMakeFiles/pico-rom-em.dir/home/menadue/pico/pico-sdk/src/rp2_common/pico_stdio_uart/stdio_uart.c.o
 .binary_info.__bi_ptr197
                0x100085a0        0x4 CMakeFiles/pico-rom-em.dir/home/menadue/pico/pico-sdk/src/rp2_common/pico_stdio_usb/stdio_usb.c.o
                0x100085a4                        __binary_info_end = .

.rel.dyn        0x100085a4        0x0
 .rel.iplt      0x100085a4        0x0 /usr/lib/gcc/arm-none-eabi/15.2.0/thumb/v6-m/nofp/crtbegin.o
                0x100085a4                        . = ALIGN (0x4)

.ram_vector_table
                0x20000000       0xc0
 *(.ram_vector_table)
 .ram_vector_table
                0x20000000       0xc0 CMakeFiles/pico-rom-em.dir/home/menadue/pico/pico-sdk/src/rp2_common/pico_runtime_init/runtime_init.c.o
                0x20000000                ram_vector_table

.uninitialized_data
                0x200000c0        0x0
                0x200000c0                        . = ALIGN (0x4)
 *(.uninitialized_data*)

.data           0x200000c0     0x1884 load address 0x100085a4
                0x200000c0                        __data_start__ = .
 *(vtable)
 *(.time_critical*)
 .time_critical.mutex_try_enter
                0x200000c0       0x40 CMakeFiles/pico-rom-em.dir/home/menadue/pico/pico-sdk/src/common/pico_sync/mutex.c.o
                0x200000c0                mutex_try_enter
 .time_critical.mutex_try_enter_block_until
                0x20000100       0x98 CMakeFiles/pico-rom-em.dir/home/menadue/pico/pico-sdk/src/common/pico_sync/mutex.c.o
                0x20000100                mutex_try_enter_block_until
 .time_critical.mutex_enter_timeout_ms
                0x20000198       0x8c CMakeFiles/pico-rom-em.dir/home/menadue/pico/pico-sdk/src/common/pico_sync/mutex.c.o
                0x20000198                mutex_enter_timeout_ms
 .time_critical.mutex_exit
                0x20000224       0x28 CMakeFiles/pico-rom-em.dir/home/menadue/pico/pico-sdk/src/common/pico_sync/mutex.c.o
                0x20000224                mutex_exit
 .time_critical.flash_init_boot2_copyout
                0x2000024c       0x30 CMakeFiles/pico-rom-em.dir/home/menadue/pico/pico-sdk/src/rp2_common/hardware_flash/flash.c.o
 .time_critical.flash_enable_xip_via_boot2
                0x2000027c        0xc CMakeFiles/pico-rom-em.dir/home/menadue/pico/pico-sdk/src/rp2_common/hardware_flash/flash.c.o
 .time_critical.flash_cs_force
                0x20000288       0x38 CMakeFiles/pico-rom-em.dir/home/menadue/pico/pico-sdk/src/rp2_common/hardware_flash/flash.c.o
 .time_critical.flash_do_cmd
                0x200002c0      0x114 CMakeFiles/pico-rom-em.dir/home/menadue/pico/pico-sdk/src/rp2_common/hardware_flash/flash.c.o
                0x200002c0                flash_do_cmd
 .time_critical.reset_non_control_endpoints
                0x200003d4       0x68 CMakeFiles/pico-rom-em.dir/home/menadue/pico/pico-sdk/lib/tinyusb/src/portable/raspberrypi/rp2040/dcd_rp2040.c.o
 .time_critical.hw_handle_buff_status
                0x2000043c       0xa0 CMakeFiles/pico-rom-em.dir/home/menadue/pico/pico-sdk/lib/tinyusb/src/portable/raspberrypi/rp2040/dcd_rp2040.c.o
 .time_critical.dcd_rp2040_irq
                0x200004dc      0x568 CMakeFiles/pico-rom-em.dir/home/menadue/pico/pico-sdk/lib/tinyusb/src/portable/raspberrypi/rp2040/dcd_rp2040.c.o
 .time_critical.prepare_ep_buffer
                0x20000a44       0xc4 CMakeFiles/pico-rom-em.dir/home/menadue/pico/pico-sdk/lib/tinyusb/src/portable/raspberrypi/rp2040/rp2040_usb.c.o
 .time_critical.sync_ep_buffer
                0x20000b08       0xa0 CMakeFiles/pico-rom-em.dir/home/menadue/pico/pico-sdk/lib/tinyusb/src/portable/raspberrypi/rp2040/rp2040_usb.c.o
 .time_critical._hw_endpoint_xfer_sync
                0x20000ba8       0x28 CMakeFiles/pico-rom-em.dir/home/menadue/pico/pico-sdk/lib/tinyusb/src/portable/raspberrypi/rp2040/rp2040_usb.c.o
 .time_critical.e15_is_bulkin_ep
                0x20000bd0       0x28 CMakeFiles/pico-rom-em.dir/home/menadue/pico/pico-sdk/lib/tinyusb/src/portable/raspberrypi/rp2040/rp2040_usb.c.o
 .time_critical.e15_is_critical_frame_period
                0x20000bf8       0x30 CMakeFiles/pico-rom-em.dir/home/menadue/pico/pico-sdk/lib/tinyusb/src/portable/raspberrypi/rp2040/rp2040_usb.c.o
 .time_critical.hw_endpoint_reset_transfer
                0x20000c28        0xc CMakeFiles/pico-rom-em.dir/home/menadue/pico/pico-sdk/lib/tinyusb/src/portable/raspberrypi/rp2040/rp2040_usb.c.o
                0x20000c28                hw_endpoint_reset_transfer
 .time_critical._hw_endpoint_buffer_control_update32
                0x20000c34       0x50 CMakeFiles/pico-rom-em.dir/home/menadue/pico/pico-sdk/lib/tinyusb/src/portable/raspberrypi/rp2040/rp2040_usb.c.o
                0x20000c34                _hw_endpoint_buffer_control_update32
 .time_critical.hw_endpoint_start_next_buffer
                0x20000c84       0x68 CMakeFiles/pico-rom-em.dir/home/menadue/pico/pico-sdk/lib/tinyusb/src/portable/raspberrypi/rp2040/rp2040_usb.c.o
                0x20000c84                hw_endpoint_start_next_buffer
 .time_critical.hw_endpoint_xfer_continue
                0x20000cec       0x40 CMakeFiles/pico-rom-em.dir/home/menadue/pico/pico-sdk/lib/tinyusb/src/portable/raspberrypi/rp2040/rp2040_usb.c.o
                0x20000cec                hw_endpoint_xfer_continue
 .time_critical.tinyusb
                0x20000d2c      0x1d8 CMakeFiles/pico-rom-em.dir/home/menadue/pico/pico-sdk/lib/tinyusb/src/device/usbd.c.o
                0x20000d2c                dcd_event_handler
 *(.text*)
 .text          0x20000f04        0x4 /usr/lib/gcc/arm-none-eabi/15.2.0/thumb/v6-m/nofp/libgcc.a(_dvmd_tls.o)
                0x20000f04                __aeabi_ldiv0
                0x20000f04                __aeabi_idiv0
 .text.__stub   0x20000f08       0x80 linker stubs
                0x20000f88                        . = ALIGN (0x4)
 *(.rodata*)
                0x20000f88                        . = ALIGN (0x4)
 *(.data*)
 .data.serial_cmds
                0x20000f88       0xcc CMakeFiles/pico-rom-em.dir/pico-rom-em.c.o
                0x20000f88                serial_cmds
 .data.rom_data
                0x20001054      0x800 CMakeFiles/pico-rom-em.dir/pico-rom-em.c.o
                0x20001054                rom_data
 .data.striped_spin_lock_num
                0x20001854        0x1 CMakeFiles/pico-rom-em.dir/home/menadue/pico/pico-sdk/src/rp2_common/hardware_sync/sync.c.o
 *fill*         0x20001855        0x3 
 .data          0x20001858       0x48 CMakeFiles/pico-rom-em.dir/home/menadue/pico/pico-sdk/src/rp2_common/hardware_irq/irq_handler_chain.S.o
                0x20001858                irq_handler_chain_slots
                0x20001888                irq_handler_chain_first_slot
                0x20001892                irq_handler_chain_remove_tail
 .data.default_alarm_pool
                0x200018a0       0x18 CMakeFiles/pico-rom-em.dir/home/menadue/pico/pico-sdk/src/common/pico_time/time.c.o
 *fill*         0x200018b8        0x8 
 .data.aeabi_bits_funcs
                0x200018c0       0x10 CMakeFiles/pico-rom-em.dir/home/menadue/pico/pico-sdk/src/rp2_common/pico_bit_ops/bit_ops_aeabi.S.o
                0x200018c0                aeabi_bits_funcs
                0x200018d0                aeabi_bits_funcs_end
 .data.aeabi_mem_funcs
                0x200018d0       0x10 CMakeFiles/pico-rom-em.dir/home/menadue/pico/pico-sdk/src/rp2_common/pico_mem_ops/mem_ops_aeabi.S.o
                0x200018d0                aeabi_mem_funcs
                0x200018e0                aeabi_mem_funcs_end
 .data.stdio_uart
                0x200018e0       0x18 CMakeFiles/pico-rom-em.dir/home/menadue/pico/pico-sdk/src/rp2_common/pico_stdio_uart/stdio_uart.c.o
                0x200018e0                stdio_uart
 .data.stdio_usb
                0x200018f8       0x18 CMakeFiles/pico-rom-em.dir/home/menadue/pico/pico-sdk/src/rp2_common/pico_stdio_usb/stdio_usb.c.o
                0x200018f8                stdio_usb
 .data._usbd_qdef
                0x20001910       0x1c CMakeFiles/pico-rom-em.dir/home/menadue/pico/pico-sdk/lib/tinyusb/src/device/usbd.c.o
                0x20001910                _usbd_qdef
 .data._usbd_rhport
                0x2000192c        0x1 CMakeFiles/pico-rom-em.dir/home/menadue/pico/pico-sdk/lib/tinyusb/src/device/usbd.c.o
 *fill*         0x2000192d        0x3 
 .data.__atexit_recursive_mutex
                0x20001930        0x4 /usr/lib/gcc/arm-none-eabi/15.2.0/../../../../arm-none-eabi/lib/thumb/v6-m/nofp/libg.a(libc_a-__call_atexit.o)
                0x20001930                __atexit_recursive_mutex
                0x20001934                        . = ALIGN (0x4)
 *(.after_data.*)
                0x20001934                        . = ALIGN (0x4)
                0x20001934                        PROVIDE (__mutex_array_start = .)
 *(SORT_BY_NAME(.mutex_array.*))
 *(.mutex_array)
 .mutex_array   0x20001934        0x8 CMakeFiles/pico-rom-em.dir/home/menadue/pico/pico-sdk/src/rp2_common/pico_malloc/malloc.c.o
 .mutex_array   0x2000193c        0x8 CMakeFiles/pico-rom-em.dir/home/menadue/pico/pico-sdk/src/rp2_common/pico_stdio/stdio.c.o
                0x20001944                        PROVIDE (__mutex_array_end = .)
                0x20001944                        . = ALIGN (0x4)
 *(.jcr)
                0x20001944                        . = ALIGN (0x4)

.tm_clone_table
                0x20001944        0x0 load address 0x10009e28
 .tm_clone_table
                0x20001944        0x0 /usr/lib/gcc/arm-none-eabi/15.2.0/thumb/v6-m/nofp/crtbegin.o
 .tm_clone_table
                0x20001944        0x0 /usr/lib/gcc/arm-none-eabi/15.2.0/thumb/v6-m/nofp/crtend.o

.igot.plt       0x20001944        0x0 load address 0x10009e28
 .igot.plt      0x20001944        0x0 /usr/lib/gcc/arm-none-eabi/15.2.0/thumb/v6-m/nofp/crtbegin.o

.tdata          0x20001944        0x0 load address 0x10009e28
                0x20001944                        . = ALIGN (0x4)
 *(.tdata .tdata.* .gnu.linkonce.td.*)
                0x20001944                        __tdata_end = .
                0x20001944                        PROVIDE (__data_end__ = .)
                0x100085a4                        __etext = LOADADDR (.data)

.tbss           0x20001944        0x0 load address 0x10009e28
                0x20001944                        . = ALIGN (0x4)
                0x20001944                        __bss_start__ = .
                0x20001944                        __tls_base = .
 *(.tbss .tbss.* .gnu.linkonce.tb.*)
 *(.tcommon)
                0x20001944                        __tls_end = .

.bss            0x20001948     0x12e4 load address 0x10009e28
                0x20001948                        . = ALIGN (0x4)
                0x20001948                        __tbss_end = .
 *(SORT_BY_ALIGNMENT(SORT_BY_NAME(.bss*)))
 .bss._cdcd_itf
                0x20001948      0x148 CMakeFiles/pico-rom-em.dir/home/menadue/pico/pico-sdk/lib/tinyusb/src/class/cdc/cdc_device.c.o
 .bss.default_alarm_pool_entries
                0x20001a90      0x180 CMakeFiles/pico-rom-em.dir/home/menadue/pico/pico-sdk/src/common/pico_time/time.c.o
 .bss.last_avail_time.1
                0x20001c10        0x8 CMakeFiles/pico-rom-em.dir/home/menadue/pico/pico-sdk/src/rp2_common/pico_stdio_usb/stdio_usb.c.o
 .bss.sd_table  0x20001c18      0x100 CMakeFiles/pico-rom-em.dir/home/menadue/pico/pico-sdk/src/rp2_common/pico_double/double_init_rom_rp2040.c.o
                0x20001c18                sd_table
 .bss.sf_table  0x20001d18      0x100 CMakeFiles/pico-rom-em.dir/home/menadue/pico/pico-sdk/src/rp2_common/pico_float/float_init_rom_rp2040.c.o
                0x20001d18                sf_table
 .bss           0x20001e18       0x1c /usr/lib/gcc/arm-none-eabi/15.2.0/thumb/v6-m/nofp/crtbegin.o
 .bss.__atexit  0x20001e34        0x4 /usr/lib/gcc/arm-none-eabi/15.2.0/../../../../arm-none-eabi/lib/thumb/v6-m/nofp/libg.a(libc_a-__call_atexit.o)
                0x20001e34                __atexit
 .bss.__atexit0
                0x20001e38      0x190 /usr/lib/gcc/arm-none-eabi/15.2.0/../../../../arm-none-eabi/lib/thumb/v6-m/nofp/libg.a(libc_a-__atexit.o)
                0x20001e38                __atexit0
 .bss.__lock___atexit_recursive_mutex
                0x20001fc8        0x1 /usr/lib/gcc/arm-none-eabi/15.2.0/../../../../arm-none-eabi/lib/thumb/v6-m/nofp/libg.a(libc_a-lock.o)
                0x20001fc8                __lock___atexit_recursive_mutex
 *fill*         0x20001fc9        0x3 
 .bss._app_driver
                0x20001fcc        0x4 CMakeFiles/pico-rom-em.dir/home/menadue/pico/pico-sdk/lib/tinyusb/src/device/usbd.c.o
 .bss._cdcd_fifo_cfg
                0x20001fd0        0x1 CMakeFiles/pico-rom-em.dir/home/menadue/pico/pico-sdk/lib/tinyusb/src/class/cdc/cdc_device.c.o
 *fill*         0x20001fd1        0x3 
 .bss._ctrl_xfer
                0x20001fd4       0x14 CMakeFiles/pico-rom-em.dir/home/menadue/pico/pico-sdk/lib/tinyusb/src/device/usbd_control.c.o
 .bss._ubsd_mutexdef
                0x20001fe8        0x8 CMakeFiles/pico-rom-em.dir/home/menadue/pico/pico-sdk/lib/tinyusb/src/device/usbd.c.o
 .bss._usbd_ctrl_buf
                0x20001ff0       0x40 CMakeFiles/pico-rom-em.dir/home/menadue/pico/pico-sdk/lib/tinyusb/src/device/usbd_control.c.o
 .bss._usbd_dev
                0x20002030       0x54 CMakeFiles/pico-rom-em.dir/home/menadue/pico/pico-sdk/lib/tinyusb/src/device/usbd.c.o
 .bss._usbd_mutex
                0x20002084        0x4 CMakeFiles/pico-rom-em.dir/home/menadue/pico/pico-sdk/lib/tinyusb/src/device/usbd.c.o
 .bss._usbd_q   0x20002088        0x4 CMakeFiles/pico-rom-em.dir/home/menadue/pico/pico-sdk/lib/tinyusb/src/device/usbd.c.o
 .bss._usbd_qdef_buf
                0x2000208c       0xc0 CMakeFiles/pico-rom-em.dir/home/menadue/pico/pico-sdk/lib/tinyusb/src/device/usbd.c.o
                0x2000208c                _usbd_qdef_buf
 .bss._vendord_itf
                0x2000214c      0x2cc CMakeFiles/pico-rom-em.dir/home/menadue/pico/pico-sdk/lib/tinyusb/src/class/vendor/vendor_device.c.o
 .bss.boot2_copyout
                0x20002418      0x100 CMakeFiles/pico-rom-em.dir/home/menadue/pico/pico-sdk/src/rp2_common/hardware_flash/flash.c.o
 .bss.chars_available_callback
                0x20002518        0x4 CMakeFiles/pico-rom-em.dir/home/menadue/pico/pico-sdk/src/rp2_common/pico_stdio_uart/stdio_uart.c.o
 .bss.chars_available_callback
                0x2000251c        0x4 CMakeFiles/pico-rom-em.dir/home/menadue/pico/pico-sdk/src/rp2_common/pico_stdio_usb/stdio_usb.c.o
 .bss.chars_available_param
                0x20002520        0x4 CMakeFiles/pico-rom-em.dir/home/menadue/pico/pico-sdk/src/rp2_common/pico_stdio_uart/stdio_uart.c.o
 .bss.chars_available_param
                0x20002524        0x4 CMakeFiles/pico-rom-em.dir/home/menadue/pico/pico-sdk/src/rp2_common/pico_stdio_usb/stdio_usb.c.o
 .bss.claimed   0x20002528        0x4 CMakeFiles/pico-rom-em.dir/home/menadue/pico/pico-sdk/src/rp2_common/hardware_sync/sync.c.o
 .bss.claimed   0x2000252c        0x1 CMakeFiles/pico-rom-em.dir/home/menadue/pico/pico-sdk/src/rp2_common/hardware_timer/timer.c.o
 *fill*         0x2000252d        0x3 
 .bss.configured_freq
                0x20002530       0x28 CMakeFiles/pico-rom-em.dir/home/menadue/pico/pico-sdk/src/rp2_common/hardware_clocks/clocks.c.o
 .bss.desc_str.0
                0x20002558       0x28 CMakeFiles/pico-rom-em.dir/home/menadue/pico/pico-sdk/src/rp2_common/pico_stdio_usb/stdio_usb_descriptors.c.o
 .bss.drivers   0x20002580        0x4 CMakeFiles/pico-rom-em.dir/home/menadue/pico/pico-sdk/src/rp2_common/pico_stdio/stdio.c.o
 .bss.e15_last_sof
                0x20002584        0x4 CMakeFiles/pico-rom-em.dir/home/menadue/pico/pico-sdk/lib/tinyusb/src/portable/raspberrypi/rp2040/rp2040_usb.c.o
                0x20002584                e15_last_sof
 .bss.filter    0x20002588        0x4 CMakeFiles/pico-rom-em.dir/home/menadue/pico/pico-sdk/src/rp2_common/pico_stdio/stdio.c.o
 .bss.hw_endpoints
                0x2000258c      0x400 CMakeFiles/pico-rom-em.dir/home/menadue/pico/pico-sdk/lib/tinyusb/src/portable/raspberrypi/rp2040/dcd_rp2040.c.o
 .bss.keypress  0x2000298c        0x4 CMakeFiles/pico-rom-em.dir/pico-rom-em.c.o
                0x2000298c                keypress
 .bss.lazy_vsnprintf
                0x20002990        0x4 CMakeFiles/pico-rom-em.dir/home/menadue/pico/pico-sdk/src/rp2_common/pico_printf/printf.c.o
 .bss.load_value
                0x20002994        0x4 CMakeFiles/pico-rom-em.dir/home/menadue/pico/pico-sdk/src/rp2_common/hardware_watchdog/watchdog.c.o
 .bss.next_buffer_ptr
                0x20002998        0x4 CMakeFiles/pico-rom-em.dir/home/menadue/pico/pico-sdk/lib/tinyusb/src/portable/raspberrypi/rp2040/dcd_rp2040.c.o
 .bss.number_ce_assert
                0x2000299c        0x4 CMakeFiles/pico-rom-em.dir/pico-rom-em.c.o
                0x2000299c                number_ce_assert
 .bss.one_shot_timer_crit_sec
                0x200029a0        0x8 CMakeFiles/pico-rom-em.dir/home/menadue/pico/pico-sdk/src/rp2_common/pico_stdio_usb/stdio_usb.c.o
 .bss.parameter
                0x200029a8        0x4 CMakeFiles/pico-rom-em.dir/pico-rom-em.c.o
                0x200029a8                parameter
 .bss.pools     0x200029ac       0x10 CMakeFiles/pico-rom-em.dir/home/menadue/pico/pico-sdk/src/common/pico_time/time.c.o
 .bss.retrieved_id
                0x200029bc        0x8 CMakeFiles/pico-rom-em.dir/home/menadue/pico/pico-sdk/src/rp2_common/pico_unique_id/unique_id.c.o
 .bss.sf_clz_func
                0x200029c4        0x4 CMakeFiles/pico-rom-em.dir/home/menadue/pico/pico-sdk/src/rp2_common/pico_double/double_init_rom_rp2040.c.o
                0x200029c4                sf_clz_func
 .bss.sleep_notifier
                0x200029c8        0x4 CMakeFiles/pico-rom-em.dir/home/menadue/pico/pico-sdk/src/common/pico_time/time.c.o
 .bss.stdio_usb_mutex
                0x200029cc        0x8 CMakeFiles/pico-rom-em.dir/home/menadue/pico/pico-sdk/src/rp2_common/pico_stdio_usb/stdio_usb.c.o
 .bss.text_parameter
                0x200029d4       0x29 CMakeFiles/pico-rom-em.dir/pico-rom-em.c.o
                0x200029d4                text_parameter
 *fill*         0x200029fd        0x3 
 .bss.trace_addr
                0x20002a00      0x100 CMakeFiles/pico-rom-em.dir/pico-rom-em.c.o
                0x20002a00                trace_addr
 .bss.trace_i   0x20002b00        0x4 CMakeFiles/pico-rom-em.dir/pico-rom-em.c.o
                0x20002b00                trace_i
 .bss.trace_running
                0x20002b04        0x4 CMakeFiles/pico-rom-em.dir/pico-rom-em.c.o
                0x20002b04                trace_running
 .bss.trace_type
                0x20002b08       0x80 CMakeFiles/pico-rom-em.dir/pico-rom-em.c.o
                0x20002b08                trace_type
 .bss.trace_value
                0x20002b88       0x80 CMakeFiles/pico-rom-em.dir/pico-rom-em.c.o
                0x20002b88                trace_value
 .bss.uart_char_to_line_feed
                0x20002c08        0x4 CMakeFiles/pico-rom-em.dir/home/menadue/pico/pico-sdk/src/rp2_common/hardware_uart/uart.c.o
                0x20002c08                uart_char_to_line_feed
 .bss.uart_instance
                0x20002c0c        0x4 CMakeFiles/pico-rom-em.dir/home/menadue/pico/pico-sdk/src/rp2_common/pico_stdio_uart/stdio_uart.c.o
 .bss.usbd_serial_str