Archive member included to satisfy reference by file (symbol)

/usr/lib/gcc/arm-none-eabi/9.2.1/thumb/v6-m/nofp/libgcc.a(_dvmd_tls.o)
                              CMakeFiles/pak-gadget.dir/tree/downloaded_tools/pico/pico-sdk/src/rp2_common/pico_divider/divider.S.obj (__aeabi_idiv0)
/usr/lib/gcc/arm-none-eabi/9.2.1/../../../arm-none-eabi/lib/thumb/v6-m/nofp/libg.a(lib_a-atexit.o)
                              /usr/lib/gcc/arm-none-eabi/9.2.1/../../../arm-none-eabi/lib/thumb/v6-m/nofp/crt0.o (atexit)
/usr/lib/gcc/arm-none-eabi/9.2.1/../../../arm-none-eabi/lib/thumb/v6-m/nofp/libg.a(lib_a-calloc.o)
                              CMakeFiles/pak-gadget.dir/tree/downloaded_tools/pico/pico-sdk/src/rp2_common/pico_malloc/pico_malloc.c.obj (calloc)
/usr/lib/gcc/arm-none-eabi/9.2.1/../../../arm-none-eabi/lib/thumb/v6-m/nofp/libg.a(lib_a-callocr.o)
                              /usr/lib/gcc/arm-none-eabi/9.2.1/../../../arm-none-eabi/lib/thumb/v6-m/nofp/libg.a(lib_a-calloc.o) (_calloc_r)
/usr/lib/gcc/arm-none-eabi/9.2.1/../../../arm-none-eabi/lib/thumb/v6-m/nofp/libg.a(lib_a-ctype_.o)
                              CMakeFiles/pak-gadget.dir/tree/downloaded_tools/pico/pico-sdk/lib/tinyusb/src/tusb.c.obj (_ctype_)
/usr/lib/gcc/arm-none-eabi/9.2.1/../../../arm-none-eabi/lib/thumb/v6-m/nofp/libg.a(lib_a-fini.o)
                              /usr/lib/gcc/arm-none-eabi/9.2.1/../../../arm-none-eabi/lib/thumb/v6-m/nofp/crt0.o (__libc_fini_array)
/usr/lib/gcc/arm-none-eabi/9.2.1/../../../arm-none-eabi/lib/thumb/v6-m/nofp/libg.a(lib_a-impure.o)
                              /usr/lib/gcc/arm-none-eabi/9.2.1/../../../arm-none-eabi/lib/thumb/v6-m/nofp/libg.a(lib_a-calloc.o) (_impure_ptr)
/usr/lib/gcc/arm-none-eabi/9.2.1/../../../arm-none-eabi/lib/thumb/v6-m/nofp/libg.a(lib_a-init.o)
                              /usr/lib/gcc/arm-none-eabi/9.2.1/../../../arm-none-eabi/lib/thumb/v6-m/nofp/crt0.o (__libc_init_array)
/usr/lib/gcc/arm-none-eabi/9.2.1/../../../arm-none-eabi/lib/thumb/v6-m/nofp/libg.a(lib_a-isprint.o)
                              CMakeFiles/pak-gadget.dir/pak-gadget.c.obj (isprint)
/usr/lib/gcc/arm-none-eabi/9.2.1/../../../arm-none-eabi/lib/thumb/v6-m/nofp/libg.a(lib_a-malloc.o)
                              CMakeFiles/pak-gadget.dir/tree/downloaded_tools/pico/pico-sdk/src/rp2_common/pico_malloc/pico_malloc.c.obj (malloc)
/usr/lib/gcc/arm-none-eabi/9.2.1/../../../arm-none-eabi/lib/thumb/v6-m/nofp/libg.a(lib_a-mallocr.o)
                              /usr/lib/gcc/arm-none-eabi/9.2.1/../../../arm-none-eabi/lib/thumb/v6-m/nofp/libg.a(lib_a-callocr.o) (_malloc_r)
/usr/lib/gcc/arm-none-eabi/9.2.1/../../../arm-none-eabi/lib/thumb/v6-m/nofp/libg.a(lib_a-mlock.o)
                              /usr/lib/gcc/arm-none-eabi/9.2.1/../../../arm-none-eabi/lib/thumb/v6-m/nofp/libg.a(lib_a-mallocr.o) (__malloc_lock)
/usr/lib/gcc/arm-none-eabi/9.2.1/../../../arm-none-eabi/lib/thumb/v6-m/nofp/libg.a(lib_a-sbrkr.o)
                              /usr/lib/gcc/arm-none-eabi/9.2.1/../../../arm-none-eabi/lib/thumb/v6-m/nofp/libg.a(lib_a-mallocr.o) (_sbrk_r)
/usr/lib/gcc/arm-none-eabi/9.2.1/../../../arm-none-eabi/lib/thumb/v6-m/nofp/libg.a(lib_a-strlen-stub.o)
                              CMakeFiles/pak-gadget.dir/pak-gadget.c.obj (strlen)
/usr/lib/gcc/arm-none-eabi/9.2.1/../../../arm-none-eabi/lib/thumb/v6-m/nofp/libg.a(lib_a-__atexit.o)
                              /usr/lib/gcc/arm-none-eabi/9.2.1/../../../arm-none-eabi/lib/thumb/v6-m/nofp/libg.a(lib_a-atexit.o) (__register_exitproc)
/usr/lib/gcc/arm-none-eabi/9.2.1/../../../arm-none-eabi/lib/thumb/v6-m/nofp/libg.a(lib_a-freer.o)
                              /usr/lib/gcc/arm-none-eabi/9.2.1/../../../arm-none-eabi/lib/thumb/v6-m/nofp/libg.a(lib_a-malloc.o) (_free_r)
/usr/lib/gcc/arm-none-eabi/9.2.1/../../../arm-none-eabi/lib/thumb/v6-m/nofp/libg.a(lib_a-reent.o)
                              /usr/lib/gcc/arm-none-eabi/9.2.1/../../../arm-none-eabi/lib/thumb/v6-m/nofp/libg.a(lib_a-sbrkr.o) (errno)

Allocating common symbols
Common symbol       size              file

sf_table            0x100             CMakeFiles/pak-gadget.dir/tree/downloaded_tools/pico/pico-sdk/src/rp2_common/pico_float/float_init_rom.c.obj
errno               0x4               /usr/lib/gcc/arm-none-eabi/9.2.1/../../../arm-none-eabi/lib/thumb/v6-m/nofp/libg.a(lib_a-reent.o)
byteval             0x1               CMakeFiles/pak-gadget.dir/pak-gadget.c.obj
_usbd_qdef_buf      0xc0              CMakeFiles/pak-gadget.dir/tree/downloaded_tools/pico/pico-sdk/lib/tinyusb/src/device/usbd.c.obj
sf_clz_func         0x4               CMakeFiles/pak-gadget.dir/tree/downloaded_tools/pico/pico-sdk/src/rp2_common/pico_float/float_init_rom.c.obj
scaled_line         0x64              CMakeFiles/pak-gadget.dir/pak-gadget.c.obj
check_crc_count     0x4               CMakeFiles/pak-gadget.dir/tree/downloaded_tools/pico/pico-extras/src/rp2_common/pico_sd_card/sd_card.c.obj
[...]
Memory Configuration

Name             Origin             Length             Attributes
FLASH            0x0000000010000000 0x0000000000200000 xr
RAM              0x0000000020000000 0x0000000000040000 xrw
SCRATCH_X        0x0000000020040000 0x0000000000001000 xrw
SCRATCH_Y        0x0000000020041000 0x0000000000001000 xrw
*default*        0x0000000000000000 0xffffffffffffffff

Linker script and memory map

LOAD /usr/lib/gcc/arm-none-eabi/9.2.1/thumb/v6-m/nofp/crti.o
LOAD /usr/lib/gcc/arm-none-eabi/9.2.1/thumb/v6-m/nofp/crtbegin.o
LOAD /usr/lib/gcc/arm-none-eabi/9.2.1/../../../arm-none-eabi/lib/thumb/v6-m/nofp/crt0.o

.flash_begin    0x0000000010000000        0x0
                0x0000000010000000                __flash_binary_start = .

.boot2          0x0000000010000000      0x100
                0x0000000010000000                __boot2_start__ = .
 *(.boot2)
 .boot2         0x0000000010000000      0x100 /tmp/ccRBL0l6.o
                0x0000000010000100                __boot2_end__ = .
                0x0000000000000001                ASSERT (((__boot2_end__ - __boot2_start__) == 0x100), ERROR: Pico second stage bootloader must be 256 bytes in size)

.text           0x0000000010000100     0x74d0
                0x0000000010000100                __logical_binary_start = .
 *(.vectors)
 .vectors       0x0000000010000100       0xd4 CMakeFiles/pak-gadget.dir/tree/downloaded_tools/pico/pico-sdk/src/rp2_common/pico_standard_link/crt0.S.obj
                0x0000000010000100                __vectors
                0x0000000010000100                __VECTOR_TABLE
                0x00000000100001c0                isr_invalid
                0x00000000100001c0                __default_isrs_start
                0x00000000100001c2                isr_nmi
                0x00000000100001c4                isr_hardfault
                0x00000000100001c6                isr_svcall
                0x00000000100001c8                isr_pendsv
                0x00000000100001ca                isr_systick
                0x00000000100001cc                isr_irq30
                0x00000000100001cc                __unhandled_user_irq
                0x00000000100001cc                isr_irq13
                0x00000000100001cc                isr_irq27
                0x00000000100001cc                isr_irq31
                0x00000000100001cc                isr_irq5
                0x00000000100001cc                isr_irq11
                0x00000000100001cc                isr_irq23
                0x00000000100001cc                isr_irq18
                0x00000000100001cc                isr_irq28
                0x00000000100001cc                isr_irq19
                0x00000000100001cc                isr_irq0
                0x00000000100001cc                isr_irq6
                0x00000000100001cc                isr_irq22
                0x00000000100001cc                isr_irq17
                0x00000000100001cc                isr_irq14
                0x00000000100001cc                isr_irq2
                0x00000000100001cc                isr_irq10
                0x00000000100001cc                isr_irq8
                0x00000000100001cc                isr_irq24
                0x00000000100001cc                isr_irq1
                0x00000000100001cc                isr_irq7
                0x00000000100001cc                isr_irq21
                0x00000000100001cc                isr_irq20
                0x00000000100001cc                isr_irq15
                0x00000000100001cc                isr_irq25
                0x00000000100001cc                isr_irq4
                0x00000000100001cc                isr_irq16
                0x00000000100001cc                isr_irq29
                0x00000000100001cc                isr_irq26
                0x00000000100001cc                __default_isrs_end
                0x00000000100001cc                isr_irq3
                0x00000000100001cc                isr_irq12
                0x00000000100001cc                isr_irq9
                0x00000000100001d2                unhandled_user_irq_num_in_r0
 *(.binary_info_header)
 .binary_info_header
                0x00000000100001d4       0x14 CMakeFiles/pak-gadget.dir/tree/downloaded_tools/pico/pico-sdk/src/rp2_common/pico_standard_link/crt0.S.obj
                0x00000000100001e8                __binary_info_header_end = .
 *(.reset)
 .reset         0x00000000100001e8       0xa8 CMakeFiles/pak-gadget.dir/tree/downloaded_tools/pico/pico-sdk/src/rp2_common/pico_standard_link/crt0.S.obj
                0x00000000100001e8                _entry_point
                0x0000000010000266                __get_current_exception
 .reset         0x0000000010000290       0x30 CMakeFiles/pak-gadget.dir/tree/downloaded_tools/pico/pico-sdk/src/rp2_common/pico_standard_link/binary_info.c.obj
 *(.init)
 .init          0x00000000100002c0        0x4 /usr/lib/gcc/arm-none-eabi/9.2.1/thumb/v6-m/nofp/crti.o
                0x00000000100002c0                _init
 *(EXCLUDE_FILE(*libm.a: *libc.a:*lib_a-mem*.o *libgcc.a:) .text*)
 .text          0x00000000100002c4       0x98 /usr/lib/gcc/arm-none-eabi/9.2.1/thumb/v6-m/nofp/crtbegin.o
 .text.i2c_release
                0x000000001000035c       0x12 CMakeFiles/pak-gadget.dir/pak-gadget.c.obj
                0x000000001000035c                i2c_release
 .text.i2c_delay
                0x000000001000036e        0xc CMakeFiles/pak-gadget.dir/pak-gadget.c.obj
                0x000000001000036e                i2c_delay
 .text.i2c_sda_low
                0x000000001000037a        0xe CMakeFiles/pak-gadget.dir/pak-gadget.c.obj
                0x000000001000037a                i2c_sda_low
 .text.i2c_sda_high
                0x0000000010000388        0xc CMakeFiles/pak-gadget.dir/pak-gadget.c.obj
                0x0000000010000388                i2c_sda_high
 .text.i2c_scl_low
                0x0000000010000394        0xe CMakeFiles/pak-gadget.dir/pak-gadget.c.obj
                0x0000000010000394                i2c_scl_low
 .text.i2c_scl_high
                0x00000000100003a2        0xc CMakeFiles/pak-gadget.dir/pak-gadget.c.obj
                0x00000000100003a2                i2c_scl_high
 .text.i2c_read_sda
                0x00000000100003ae        0xe CMakeFiles/pak-gadget.dir/pak-gadget.c.obj
                0x00000000100003ae                i2c_read_sda
 .text.i2c_start
                0x00000000100003bc       0x1c CMakeFiles/pak-gadget.dir/pak-gadget.c.obj
                0x00000000100003bc                i2c_start
 .text.i2c_stop
                0x00000000100003d8       0x1c CMakeFiles/pak-gadget.dir/pak-gadget.c.obj
                0x00000000100003d8                i2c_stop
 .text.i2c_send_byte
                0x00000000100003f4       0x7e CMakeFiles/pak-gadget.dir/pak-gadget.c.obj
                0x00000000100003f4                i2c_send_byte
 .text.i2c_init
                0x0000000010000472       0x10 CMakeFiles/pak-gadget.dir/pak-gadget.c.obj
                0x0000000010000472                i2c_init
 .text.oled_send_cmd
                0x0000000010000482       0x70 CMakeFiles/pak-gadget.dir/pak-gadget.c.obj
                0x0000000010000482                oled_send_cmd
 .text.oled_set_xy
                0x00000000100004f2       0x54 CMakeFiles/pak-gadget.dir/pak-gadget.c.obj
                0x00000000100004f2                oled_set_xy
 .text.oled_gap
                0x0000000010000546       0x18 CMakeFiles/pak-gadget.dir/pak-gadget.c.obj
                0x0000000010000546                oled_gap
 *fill*         0x000000001000055e        0x2 
 .text.oled_display_string
                0x0000000010000560       0x50 CMakeFiles/pak-gadget.dir/pak-gadget.c.obj
                0x0000000010000560                oled_display_string
 .text.oled_clear_display
                0x00000000100005b0       0x38 CMakeFiles/pak-gadget.dir/pak-gadget.c.obj
                0x00000000100005b0                oled_clear_display
 .text.oled_setup
                0x00000000100005e8       0x48 CMakeFiles/pak-gadget.dir/pak-gadget.c.obj
                0x00000000100005e8                oled_setup
 .text.main     0x0000000010000630       0x70 CMakeFiles/pak-gadget.dir/pak-gadget.c.obj
                0x0000000010000630                main
 .text.gpio_set_function
                0x00000000100006a0       0x30 CMakeFiles/pak-gadget.dir/tree/downloaded_tools/pico/pico-sdk/src/rp2_common/hardware_gpio/gpio.c.obj
                0x00000000100006a0                gpio_set_function
 .text.gpio_init
                0x00000000100006d0       0x16 CMakeFiles/pak-gadget.dir/tree/downloaded_tools/pico/pico-sdk/src/rp2_common/hardware_gpio/gpio.c.obj
                0x00000000100006d0                gpio_init
 *fill*         0x00000000100006e6        0x2 
 .text.hw_claim_lock
                0x00000000100006e8       0x18 CMakeFiles/pak-gadget.dir/tree/downloaded_tools/pico/pico-sdk/src/rp2_common/hardware_claim/claim.c.obj
                0x00000000100006e8                hw_claim_lock
 .text.hw_claim_unlock
                0x0000000010000700       0x14 CMakeFiles/pak-gadget.dir/tree/downloaded_tools/pico/pico-sdk/src/rp2_common/hardware_claim/claim.c.obj
                0x0000000010000700                hw_claim_unlock
 .text.hw_claim_or_assert
                0x0000000010000714       0x32 CMakeFiles/pak-gadget.dir/tree/downloaded_tools/pico/pico-sdk/src/rp2_common/hardware_claim/claim.c.obj
                0x0000000010000714                hw_claim_or_assert
 .text.hw_claim_unused_from_range
                0x0000000010000746       0x50 CMakeFiles/pak-gadget.dir/tree/downloaded_tools/pico/pico-sdk/src/rp2_common/hardware_claim/claim.c.obj
                0x0000000010000746                hw_claim_unused_from_range
 *fill*         0x0000000010000796        0x2 
 .text.running_on_fpga
                0x0000000010000798       0x14 CMakeFiles/pak-gadget.dir/tree/downloaded_tools/pico/pico-sdk/src/rp2_common/pico_platform/platform.c.obj
                0x0000000010000798                running_on_fpga
 .text.spin_locks_reset
                0x00000000100007ac       0x20 CMakeFiles/pak-gadget.dir/tree/downloaded_tools/pico/pico-sdk/src/rp2_common/hardware_sync/sync.c.obj
                0x00000000100007ac                spin_locks_reset
 .text.next_striped_spin_lock_num
                0x00000000100007cc       0x1c CMakeFiles/pak-gadget.dir/tree/downloaded_tools/pico/pico-sdk/src/rp2_common/hardware_sync/sync.c.obj
                0x00000000100007cc                next_striped_spin_lock_num
 .text.spin_lock_claim_unused
                0x00000000100007e8       0x20 CMakeFiles/pak-gadget.dir/tree/downloaded_tools/pico/pico-sdk/src/rp2_common/hardware_sync/sync.c.obj
                0x00000000100007e8                spin_lock_claim_unused
 .text.uart_set_baudrate
                0x0000000010000808       0x5c CMakeFiles/pak-gadget.dir/tree/downloaded_tools/pico/pico-sdk/src/rp2_common/hardware_uart/uart.c.obj
                0x0000000010000808                uart_set_baudrate
 .text.uart_set_translate_crlf
                0x0000000010000864       0x28 CMakeFiles/pak-gadget.dir/tree/downloaded_tools/pico/pico-sdk/src/rp2_common/hardware_uart/uart.c.obj
                0x0000000010000864                uart_set_translate_crlf
 .text.uart_init
                0x000000001000088c       0x80 CMakeFiles/pak-gadget.dir/tree/downloaded_tools/pico/pico-sdk/src/rp2_common/hardware_uart/uart.c.obj
                0x000000001000088c                uart_init
 .text.alarm_pool_post_alloc_init
                0x000000001000090c       0x40 CMakeFiles/pak-gadget.dir/tree/downloaded_tools/pico/pico-sdk/src/common/pico_time/time.c.obj
 .text.sleep_until_callback
                0x000000001000094c       0x30 CMakeFiles/pak-gadget.dir/tree/downloaded_tools/pico/pico-sdk/src/common/pico_time/time.c.obj
 .text.timer_pool_entry_comparator
                0x000000001000097c       0x7c CMakeFiles/pak-gadget.dir/tree/downloaded_tools/pico/pico-sdk/src/common/pico_time/time.c.obj
                0x000000001000097c                timer_pool_entry_comparator
 .text.ph_add_child_node
                0x00000000100009f8       0xa4 CMakeFiles/pak-gadget.dir/tree/downloaded_tools/pico/pico-sdk/src/common/pico_time/time.c.obj
 .text.ph_merge_nodes
                0x0000000010000a9c       0x3e CMakeFiles/pak-gadget.dir/tree/downloaded_tools/pico/pico-sdk/src/common/pico_time/time.c.obj
 *fill*         0x0000000010000ada        0x2 
 .text.add_alarm_under_lock
                0x0000000010000adc      0x174 CMakeFiles/pak-gadget.dir/tree/downloaded_tools/pico/pico-sdk/src/common/pico_time/time.c.obj
 .text.alarm_pool_alarm_callback
                0x0000000010000c50      0x32c CMakeFiles/pak-gadget.dir/tree/downloaded_tools/pico/pico-sdk/src/common/pico_time/time.c.obj
 .text.alarm_pool_init_default
                0x0000000010000f7c       0x38 CMakeFiles/pak-gadget.dir/tree/downloaded_tools/pico/pico-sdk/src/common/pico_time/time.c.obj
                0x0000000010000f7c                alarm_pool_init_default
 .text.alarm_pool_get_default
                0x0000000010000fb4       0x2c CMakeFiles/pak-gadget.dir/tree/downloaded_tools/pico/pico-sdk/src/common/pico_time/time.c.obj
                0x0000000010000fb4                alarm_pool_get_default
 .text.alarm_pool_add_alarm_at
                0x0000000010000fe0      0x170 CMakeFiles/pak-gadget.dir/tree/downloaded_tools/pico/pico-sdk/src/common/pico_time/time.c.obj
                0x0000000010000fe0                alarm_pool_add_alarm_at
 .text.alarm_pool_cancel_alarm
                0x0000000010001150       0xec CMakeFiles/pak-gadget.dir/tree/downloaded_tools/pico/pico-sdk/src/common/pico_time/time.c.obj
                0x0000000010001150                alarm_pool_cancel_alarm
 .text.sleep_until
                0x000000001000123c       0xfc CMakeFiles/pak-gadget.dir/tree/downloaded_tools/pico/pico-sdk/src/common/pico_time/time.c.obj
                0x000000001000123c                sleep_until
 .text.sleep_us
                0x0000000010001338       0x58 CMakeFiles/pak-gadget.dir/tree/downloaded_tools/pico/pico-sdk/src/common/pico_time/time.c.obj
                0x0000000010001338                sleep_us
 .text.sleep_ms
                0x0000000010001390       0x14 CMakeFiles/pak-gadget.dir/tree/downloaded_tools/pico/pico-sdk/src/common/pico_time/time.c.obj
                0x0000000010001390                sleep_ms
 .text.best_effort_wfe_or_timeout
                0x00000000100013a4       0x80 CMakeFiles/pak-gadget.dir/tree/downloaded_tools/pico/pico-sdk/src/common/pico_time/time.c.obj
                0x00000000100013a4                best_effort_wfe_or_timeout
 .text.hardware_alarm_irq_handler
                0x0000000010001424       0x8c CMakeFiles/pak-gadget.dir/tree/downloaded_tools/pico/pico-sdk/src/rp2_common/hardware_timer/timer.c.obj
 .text.hardware_alarm_claim
                0x00000000100014b0       0x18 CMakeFiles/pak-gadget.dir/tree/downloaded_tools/pico/pico-sdk/src/rp2_common/hardware_timer/timer.c.obj
                0x00000000100014b0                hardware_alarm_claim
 .text.time_us_64
                0x00000000100014c8       0x18 CMakeFiles/pak-gadget.dir/tree/downloaded_tools/pico/pico-sdk/src/rp2_common/hardware_timer/timer.c.obj
                0x00000000100014c8                time_us_64
 .text.busy_wait_until
                0x00000000100014e0       0x24 CMakeFiles/pak-gadget.dir/tree/downloaded_tools/pico/pico-sdk/src/rp2_common/hardware_timer/timer.c.obj
                0x00000000100014e0                busy_wait_until
 .text.hardware_alarm_set_callback
                0x0000000010001504       0x90 CMakeFiles/pak-gadget.dir/tree/downloaded_tools/pico/pico-sdk/src/rp2_common/hardware_timer/timer.c.obj
                0x0000000010001504                hardware_alarm_set_callback
 .text.hardware_alarm_set_target
                0x0000000010001594       0xe8 CMakeFiles/pak-gadget.dir/tree/downloaded_tools/pico/pico-sdk/src/rp2_common/hardware_timer/timer.c.obj
                0x0000000010001594                hardware_alarm_set_target
 .text.hardware_alarm_cancel
                0x000000001000167c       0x40 CMakeFiles/pak-gadget.dir/tree/downloaded_tools/pico/pico-sdk/src/rp2_common/hardware_timer/timer.c.obj
                0x000000001000167c                hardware_alarm_cancel
 .text.lock_init
                0x00000000100016bc       0x10 CMakeFiles/pak-gadget.dir/tree/downloaded_tools/pico/pico-sdk/src/common/pico_sync/lock_core.c.obj
                0x00000000100016bc                lock_init
 .text.mutex_init_internal
                0x00000000100016cc       0x1e CMakeFiles/pak-gadget.dir/tree/downloaded_tools/pico/pico-sdk/src/common/pico_sync/mutex.c.obj
 .text.mutex_init
                0x00000000100016ea        0xa CMakeFiles/pak-gadget.dir/tree/downloaded_tools/pico/pico-sdk/src/common/pico_sync/mutex.c.obj
                0x00000000100016ea                mutex_init
 .text.recursive_mutex_init
                0x00000000100016f4        0xa CMakeFiles/pak-gadget.dir/tree/downloaded_tools/pico/pico-sdk/src/common/pico_sync/mutex.c.obj
                0x00000000100016f4                recursive_mutex_init
 *fill*         0x00000000100016fe        0x2 
 .text.critical_section_init_with_lock_num
                0x0000000010001700       0x14 CMakeFiles/pak-gadget.dir/tree/downloaded_tools/pico/pico-sdk/src/common/pico_sync/critical_section.c.obj
                0x0000000010001700                critical_section_init_with_lock_num
 .text.critical_section_init
                0x0000000010001714       0x14 CMakeFiles/pak-gadget.dir/tree/downloaded_tools/pico/pico-sdk/src/common/pico_sync/critical_section.c.obj
                0x0000000010001714                critical_section_init
 .text.ph_add_child_node
                0x0000000010001728       0xa4 CMakeFiles/pak-gadget.dir/tree/downloaded_tools/pico/pico-sdk/src/common/pico_util/pheap.c.obj
 .text.ph_merge_nodes
                0x00000000100017cc       0x3e CMakeFiles/pak-gadget.dir/tree/downloaded_tools/pico/pico-sdk/src/common/pico_util/pheap.c.obj
 *fill*         0x000000001000180a        0x2 
 .text.ph_clear
                0x000000001000180c       0x70 CMakeFiles/pak-gadget.dir/tree/downloaded_tools/pico/pico-sdk/src/common/pico_util/pheap.c.obj
                0x000000001000180c                ph_clear
 .text.ph_post_alloc_init
                0x000000001000187c        0xe CMakeFiles/pak-gadget.dir/tree/downloaded_tools/pico/pico-sdk/src/common/pico_util/pheap.c.obj
                0x000000001000187c                ph_post_alloc_init
 *fill*         0x000000001000188a        0x2 
 .text.ph_merge_two_pass
                0x000000001000188c       0xa8 CMakeFiles/pak-gadget.dir/tree/downloaded_tools/pico/pico-sdk/src/common/pico_util/pheap.c.obj
                0x000000001000188c                ph_merge_two_pass
 .text.ph_remove_any_head
                0x0000000010001934      0x108 CMakeFiles/pak-gadget.dir/tree/downloaded_tools/pico/pico-sdk/src/common/pico_util/pheap.c.obj
 .text.ph_remove_head
                0x0000000010001a3c       0x14 CMakeFiles/pak-gadget.dir/tree/downloaded_tools/pico/pico-sdk/src/common/pico_util/pheap.c.obj
                0x0000000010001a3c                ph_remove_head
 .text.ph_remove_and_free_node
                0x0000000010001a50       0xf8 CMakeFiles/pak-gadget.dir/tree/downloaded_tools/pico/pico-sdk/src/common/pico_util/pheap.c.obj
                0x0000000010001a50                ph_remove_and_free_node
 .text.runtime_init
                0x0000000010001b48       0xd8 CMakeFiles/pak-gadget.dir/tree/downloaded_tools/pico/pico-sdk/src/rp2_common/pico_runtime/runtime.c.obj
                0x0000000010001b48                runtime_init
 .text._exit    0x0000000010001c20        0x4 CMakeFiles/pak-gadget.dir/tree/downloaded_tools/pico/pico-sdk/src/rp2_common/pico_runtime/runtime.c.obj
                0x0000000010001c20                _exit
 .text.exit     0x0000000010001c24        0x6 CMakeFiles/pak-gadget.dir/tree/downloaded_tools/pico/pico-sdk/src/rp2_common/pico_runtime/runtime.c.obj
                0x0000000010001c24                exit
 *fill*         0x0000000010001c2a        0x2 
 .text.__assert_func
                0x0000000010001c2c       0x3c CMakeFiles/pak-gadget.dir/tree/downloaded_tools/pico/pico-sdk/src/rp2_common/pico_runtime/runtime.c.obj
                0x0000000010001c2c                __assert_func
 .text.panic    0x0000000010001c68       0x30 CMakeFiles/pak-gadget.dir/tree/downloaded_tools/pico/pico-sdk/src/rp2_common/pico_runtime/runtime.c.obj
                0x0000000010001c68                panic
 .text.clock_configure
                0x0000000010001c98      0x104 CMakeFiles/pak-gadget.dir/tree/downloaded_tools/pico/pico-sdk/src/rp2_common/hardware_clocks/clocks.c.obj
                0x0000000010001c98                clock_configure
 .text.clocks_init
                0x0000000010001d9c      0x100 CMakeFiles/pak-gadget.dir/tree/downloaded_tools/pico/pico-sdk/src/rp2_common/hardware_clocks/clocks.c.obj
                0x0000000010001d9c                clocks_init
 .text.clock_get_hz
                0x0000000010001e9c        0xc CMakeFiles/pak-gadget.dir/tree/downloaded_tools/pico/pico-sdk/src/rp2_common/hardware_clocks/clocks.c.obj
                0x0000000010001e9c                clock_get_hz
 .text.set_raw_irq_handler_and_unlock
                0x0000000010001ea8       0x28 CMakeFiles/pak-gadget.dir/tree/downloaded_tools/pico/pico-sdk/src/rp2_common/hardware_irq/irq.c.obj
 .text.make_branch
                0x0000000010001ed0       0x34 CMakeFiles/pak-gadget.dir/tree/downloaded_tools/pico/pico-sdk/src/rp2_common/hardware_irq/irq.c.obj
 .text.insert_branch_and_link
                0x0000000010001f04       0x40 CMakeFiles/pak-gadget.dir/tree/downloaded_tools/pico/pico-sdk/src/rp2_common/hardware_irq/irq.c.obj
 .text.irq_is_enabled
                0x0000000010001f44       0x18 CMakeFiles/pak-gadget.dir/tree/downloaded_tools/pico/pico-sdk/src/rp2_common/hardware_irq/irq.c.obj
                0x0000000010001f44                irq_is_enabled
 .text.irq_set_mask_enabled
                0x0000000010001f5c       0x20 CMakeFiles/pak-gadget.dir/tree/downloaded_tools/pico/pico-sdk/src/rp2_common/hardware_irq/irq.c.obj
                0x0000000010001f5c                irq_set_mask_enabled
 .text.irq_set_enabled
                0x0000000010001f7c        0xe CMakeFiles/pak-gadget.dir/tree/downloaded_tools/pico/pico-sdk/src/rp2_common/hardware_irq/irq.c.obj
                0x0000000010001f7c                irq_set_enabled
 *fill*         0x0000000010001f8a        0x2 
 .text.irq_set_pending
                0x0000000010001f8c       0x10 CMakeFiles/pak-gadget.dir/tree/downloaded_tools/pico/pico-sdk/src/rp2_common/hardware_irq/irq.c.obj
                0x0000000010001f8c                irq_set_pending
 .text.irq_get_vtable_handler
                0x0000000010001f9c       0x10 CMakeFiles/pak-gadget.dir/tree/downloaded_tools/pico/pico-sdk/src/rp2_common/hardware_irq/irq.c.obj
                0x0000000010001f9c                irq_get_vtable_handler
 .text.irq_set_exclusive_handler
                0x0000000010001fac       0x54 CMakeFiles/pak-gadget.dir/tree/downloaded_tools/pico/pico-sdk/src/rp2_common/hardware_irq/irq.c.obj
                0x0000000010001fac                irq_set_exclusive_handler
 .text.irq_remove_handler
                0x0000000010002000      0x1ac CMakeFiles/pak-gadget.dir/tree/downloaded_tools/pico/pico-sdk/src/rp2_common/hardware_irq/irq.c.obj
                0x0000000010002000                irq_remove_handler
 .text.irq_set_priority
                0x00000000100021ac       0x28 CMakeFiles/pak-gadget.dir/tree/downloaded_tools/pico/pico-sdk/src/rp2_common/hardware_irq/irq.c.obj
                0x00000000100021ac                irq_set_priority
 .text.irq_add_tail_to_free_list
                0x00000000100021d4       0xf0 CMakeFiles/pak-gadget.dir/tree/downloaded_tools/pico/pico-sdk/src/rp2_common/hardware_irq/irq.c.obj
                0x00000000100021d4                irq_add_tail_to_free_list
 .text.irq_init_priorities
                0x00000000100022c4       0x16 CMakeFiles/pak-gadget.dir/tree/downloaded_tools/pico/pico-sdk/src/rp2_common/hardware_irq/irq.c.obj
                0x00000000100022c4                irq_init_priorities
 *fill*         0x00000000100022da        0x2 
 .text.pll_init
                0x00000000100022dc      0x118 CMakeFiles/pak-gadget.dir/tree/downloaded_tools/pico/pico-sdk/src/rp2_common/hardware_pll/pll.c.obj
                0x00000000100022dc                pll_init
 .text.watchdog_start_tick
                0x00000000100023f4       0x10 CMakeFiles/pak-gadget.dir/tree/downloaded_tools/pico/pico-sdk/src/rp2_common/hardware_watchdog/watchdog.c.obj
                0x00000000100023f4                watchdog_start_tick
 .text.watchdog_update
                0x0000000010002404       0x14 CMakeFiles/pak-gadget.dir/tree/downloaded_tools/pico/pico-sdk/src/rp2_common/hardware_watchdog/watchdog.c.obj
                0x0000000010002404                watchdog_update
 .text._watchdog_enable
                0x0000000010002418       0x70 CMakeFiles/pak-gadget.dir/tree/downloaded_tools/pico/pico-sdk/src/rp2_common/hardware_watchdog/watchdog.c.obj
                0x0000000010002418                _watchdog_enable
 .text.watchdog_reboot
                0x0000000010002488       0x48 CMakeFiles/pak-gadget.dir/tree/downloaded_tools/pico/pico-sdk/src/rp2_common/hardware_watchdog/watchdog.c.obj
                0x0000000010002488                watchdog_reboot
 .text.xosc_init
                0x00000000100024d0       0x28 CMakeFiles/pak-gadget.dir/tree/downloaded_tools/pico/pico-sdk/src/rp2_common/hardware_xosc/xosc.c.obj
                0x00000000100024d0                xosc_init
 .text._out_buffer
                0x00000000100024f8        0x8 CMakeFiles/pak-gadget.dir/tree/downloaded_tools/pico/pico-sdk/src/rp2_common/pico_printf/printf.c.obj
 .text._out_null
                0x0000000010002500        0x2 CMakeFiles/pak-gadget.dir/tree/downloaded_tools/pico/pico-sdk/src/rp2_common/pico_printf/printf.c.obj
 .text._out_fct
                0x0000000010002502        0xe CMakeFiles/pak-gadget.dir/tree/downloaded_tools/pico/pico-sdk/src/rp2_common/pico_printf/printf.c.obj
 .text._atoi    0x0000000010002510       0x24 CMakeFiles/pak-gadget.dir/tree/downloaded_tools/pico/pico-sdk/src/rp2_common/pico_printf/printf.c.obj
 .text._out_rev
                0x0000000010002534       0xae CMakeFiles/pak-gadget.dir/tree/downloaded_tools/pico/pico-sdk/src/rp2_common/pico_printf/printf.c.obj
 .text._ntoa_format
                0x00000000100025e2      0x110 CMakeFiles/pak-gadget.dir/tree/downloaded_tools/pico/pico-sdk/src/rp2_common/pico_printf/printf.c.obj
 .text._ntoa_long
                0x00000000100026f2       0xbc CMakeFiles/pak-gadget.dir/tree/downloaded_tools/pico/pico-sdk/src/rp2_common/pico_printf/printf.c.obj
 .text._ntoa_long_long
                0x00000000100027ae       0xe2 CMakeFiles/pak-gadget.dir/tree/downloaded_tools/pico/pico-sdk/src/rp2_common/pico_printf/printf.c.obj
 .text._etoa    0x0000000010002890      0x40c CMakeFiles/pak-gadget.dir/tree/downloaded_tools/pico/pico-sdk/src/rp2_common/pico_printf/printf.c.obj
 .text._ftoa    0x0000000010002c9c      0x354 CMakeFiles/pak-gadget.dir/tree/downloaded_tools/pico/pico-sdk/src/rp2_common/pico_printf/printf.c.obj
 .text._vsnprintf
                0x0000000010002ff0      0x628 CMakeFiles/pak-gadget.dir/tree/downloaded_tools/pico/pico-sdk/src/rp2_common/pico_printf/printf.c.obj
 .text.__wrap_sprintf
                0x0000000010003618       0x28 CMakeFiles/pak-gadget.dir/tree/downloaded_tools/pico/pico-sdk/src/rp2_common/pico_printf/printf.c.obj
                0x0000000010003618                __wrap_sprintf
 .text.vfctprintf
                0x0000000010003640       0x20 CMakeFiles/pak-gadget.dir/tree/downloaded_tools/pico/pico-sdk/src/rp2_common/pico_printf/printf.c.obj
                0x0000000010003640                vfctprintf
 .text          0x0000000010003660       0x10 CMakeFiles/pak-gadget.dir/tree/downloaded_tools/pico/pico-sdk/src/rp2_common/pico_bit_ops/bit_ops_aeabi.S.obj
 .text.rom_func_lookup
                0x0000000010003670       0x10 CMakeFiles/pak-gadget.dir/tree/downloaded_tools/pico/pico-sdk/src/rp2_common/pico_bootrom/bootrom.c.obj
                0x0000000010003670                rom_func_lookup
 .text.rom_data_lookup
                0x0000000010003680       0x10 CMakeFiles/pak-gadget.dir/tree/downloaded_tools/pico/pico-sdk/src/rp2_common/pico_bootrom/bootrom.c.obj
                0x0000000010003680                rom_data_lookup
 .text.rom_funcs_lookup
                0x0000000010003690       0x36 CMakeFiles/pak-gadget.dir/tree/downloaded_tools/pico/pico-sdk/src/rp2_common/pico_bootrom/bootrom.c.obj
                0x0000000010003690                rom_funcs_lookup
 *fill*         0x00000000100036c6        0x2 
 .text.__wrap___aeabi_idiv
                0x00000000100036c8       0x50 CMakeFiles/pak-gadget.dir/tree/downloaded_tools/pico/pico-sdk/src/rp2_common/pico_divider/divider.S.obj
                0x00000000100036c8                __wrap___aeabi_idivmod
                0x00000000100036c8                divmod_s32s32
                0x00000000100036c8                div_s32s32
                0x00000000100036c8                __wrap___aeabi_idiv
                0x00000000100036d0                divmod_s32s32_unsafe
                0x00000000100036fc                divmod_s32s32_savestate
 .text.__wrap___aeabi_uidiv
                0x0000000010003718       0x4c CMakeFiles/pak-gadget.dir/tree/downloaded_tools/pico/pico-sdk/src/rp2_common/pico_divider/divider.S.obj
                0x0000000010003718                __wrap___aeabi_uidiv
                0x0000000010003718                __wrap___aeabi_uidivmod
                0x0000000010003718                div_u32u32
                0x0000000010003718                divmod_u32u32
                0x0000000010003720                divmod_u32u32_unsafe
                0x0000000010003748                divmod_u32u32_savestate
 .text.__wrap___aeabi_ldiv
                0x0000000010003764      0x430 CMakeFiles/pak-gadget.dir/tree/downloaded_tools/pico/pico-sdk/src/rp2_common/pico_divider/divider.S.obj
                0x0000000010003764                div_s64s64
                0x0000000010003764                divmod_s64s64
                0x0000000010003764                __wrap___aeabi_ldivmod
                0x000000001000379c                div_u64u64
                0x000000001000379c                divmod_u64u64
                0x000000001000379c                __wrap___aeabi_uldivmod
                0x00000000100037ac                divmod_u64u64_savestate
                0x00000000100037d4                divmod_s64s64_unsafe
                0x000000001000385c                divmod_u64u64_unsafe
 .text.__wrap___aeabi_darithmetic
                0x0000000010003b94       0x80 CMakeFiles/pak-gadget.dir/tree/downloaded_tools/pico/pico-sdk/src/rp2_common/pico_double/double_aeabi.S.obj
                0x0000000010003b94                __wrap___aeabi_drsub
                0x0000000010003b9a                __wrap___aeabi_dsub
                0x0000000010003bac                __wrap___aeabi_dadd
                0x0000000010003bbe                __wrap___aeabi_ddiv
                0x0000000010003bfa                __wrap___aeabi_dmul
 .text.__wrap___aeabi_cdcmple
                0x0000000010003c14       0x6c CMakeFiles/pak-gadget.dir/tree/downloaded_tools/pico/pico-sdk/src/rp2_common/pico_double/double_aeabi.S.obj
                0x0000000010003c14                __wrap___aeabi_cdrcmple
                0x0000000010003c24                __wrap___aeabi_cdcmple
                0x0000000010003c24                __wrap___aeabi_cdcmpeq
 .text.__wrap___aeabi_dcmplt
                0x0000000010003c80        0xc CMakeFiles/pak-gadget.dir/tree/downloaded_tools/pico/pico-sdk/src/rp2_common/pico_double/double_aeabi.S.obj
                0x0000000010003c80                __wrap___aeabi_dcmplt
 .text.__wrap___aeabi_dcmple
                0x0000000010003c8c       0x10 CMakeFiles/pak-gadget.dir/tree/downloaded_tools/pico/pico-sdk/src/rp2_common/pico_double/double_aeabi.S.obj
                0x0000000010003c8c                __wrap___aeabi_dcmple
 .text.__wrap___aeabi_dcmpge
                0x0000000010003c9c       0x10 CMakeFiles/pak-gadget.dir/tree/downloaded_tools/pico/pico-sdk/src/rp2_common/pico_double/double_aeabi.S.obj
                0x0000000010003c9c                __wrap___aeabi_dcmpge
 .text.__wrap___aeabi_dcmpgt
                0x0000000010003cac        0xa CMakeFiles/pak-gadget.dir/tree/downloaded_tools/pico/pico-sdk/src/rp2_common/pico_double/double_aeabi.S.obj
                0x0000000010003cac                __wrap___aeabi_dcmpgt
 .text.__wrap___aeabi_dcmpun
                0x0000000010003cb6       0x1c CMakeFiles/pak-gadget.dir/tree/downloaded_tools/pico/pico-sdk/src/rp2_common/pico_double/double_aeabi.S.obj
                0x0000000010003cb6                __wrap___aeabi_dcmpun
 *fill*         0x0000000010003cd2        0x2 
 .text.__wrap___aeabi_i2d
                0x0000000010003cd4       0x38 CMakeFiles/pak-gadget.dir/tree/downloaded_tools/pico/pico-sdk/src/rp2_common/pico_double/double_aeabi.S.obj
                0x0000000010003cd4                __wrap___aeabi_ui2d
                0x0000000010003cdc                __wrap___aeabi_i2d
 .text.__wrap___aeabi_d2iz
                0x0000000010003d0c       0x48 CMakeFiles/pak-gadget.dir/tree/downloaded_tools/pico/pico-sdk/src/rp2_common/pico_double/double_aeabi.S.obj
                0x0000000010003d0c                __wrap___aeabi_d2iz
                0x0000000010003d0c                double2int_z
 .text.__wrap___aeabi_d2uiz
                0x0000000010003d54       0x18 CMakeFiles/pak-gadget.dir/tree/downloaded_tools/pico/pico-sdk/src/rp2_common/pico_double/double_aeabi.S.obj
                0x0000000010003d54                double2uint
                0x0000000010003d54                __wrap___aeabi_d2uiz
 .text.__aeabi_double_init
                0x0000000010003d6c       0xb4 CMakeFiles/pak-gadget.dir/tree/downloaded_tools/pico/pico-sdk/src/rp2_common/pico_double/double_init_rom.c.obj
                0x0000000010003d6c                __aeabi_double_init
 .text.double_table_shim_on_use_helper
                0x0000000010003e20       0x34 CMakeFiles/pak-gadget.dir/tree/downloaded_tools/pico/pico-sdk/src/rp2_common/pico_double/double_v1_rom_shim.S.obj
                0x0000000010003e20                double_table_shim_on_use_helper
 .text.__wrap___aeabi_dsub
                0x0000000010003e54       0x10 CMakeFiles/pak-gadget.dir/tree/downloaded_tools/pico/pico-sdk/src/rp2_common/pico_double/double_v1_rom_shim.S.obj
                0x0000000010003e54                drsub_shim
                0x0000000010003e5a                dsub_shim
 .text.dadd_shim
                0x0000000010003e64      0x15c CMakeFiles/pak-gadget.dir/tree/downloaded_tools/pico/pico-sdk/src/rp2_common/pico_double/double_v1_rom_shim.S.obj
                0x0000000010003e64                dadd_shim
 .text.dmul_shim
                0x0000000010003fc0      0x15c CMakeFiles/pak-gadget.dir/tree/downloaded_tools/pico/pico-sdk/src/rp2_common/pico_double/double_v1_rom_shim.S.obj
                0x0000000010003fc0                dmul_shim
 .text.ddiv_shim
                0x000000001000411c      0x1b0 CMakeFiles/pak-gadget.dir/tree/downloaded_tools/pico/pico-sdk/src/rp2_common/pico_double/double_v1_rom_shim.S.obj
                0x000000001000411c                ddiv_shim
 .text.dcordic_rot_step
                0x00000000100042cc       0x7c CMakeFiles/pak-gadget.dir/tree/downloaded_tools/pico/pico-sdk/src/rp2_common/pico_double/double_v1_rom_shim.S.obj
                0x00000000100042cc                dcordic_rot_step
 .text.double2uint_shim
                0x0000000010004348        0xe CMakeFiles/pak-gadget.dir/tree/downloaded_tools/pico/pico-sdk/src/rp2_common/pico_double/double_v1_rom_shim.S.obj
                0x0000000010004348                double2uint_shim
                0x000000001000434a                double2ufix_shim
 *fill*         0x0000000010004356        0x2 
 .text.double2uint64_shim
                0x0000000010004358       0x6c CMakeFiles/pak-gadget.dir/tree/downloaded_tools/pico/pico-sdk/src/rp2_common/pico_double/double_v1_rom_shim.S.obj
                0x0000000010004358                double2uint64_shim
                0x000000001000435a                double2ufix64_shim
                0x0000000010004374                d2fix_a
 .text.dunpacks
                0x00000000100043c4       0x3c CMakeFiles/pak-gadget.dir/tree/downloaded_tools/pico/pico-sdk/src/rp2_common/pico_double/double_v1_rom_shim.S.obj
                0x00000000100043c4                dunpacks
 .text.__aeabi_lmul
                0x0000000010004400       0x32 CMakeFiles/pak-gadget.dir/tree/downloaded_tools/pico/pico-sdk/src/rp2_common/pico_int64_ops/pico_int64_ops_aeabi.S.obj
                0x0000000010004400                __wrap___aeabi_lmul
 *fill*         0x0000000010004432        0x2 
 .text.__aeabi_float_init
                0x0000000010004434       0xfc CMakeFiles/pak-gadget.dir/tree/downloaded_tools/pico/pico-sdk/src/rp2_common/pico_float/float_init_rom.c.obj
                0x0000000010004434                __aeabi_float_init
 .text.float_table_shim_on_use_helper
                0x0000000010004530       0x34 CMakeFiles/pak-gadget.dir/tree/downloaded_tools/pico/pico-sdk/src/rp2_common/pico_float/float_v1_rom_shim.S.obj
                0x0000000010004530                float_table_shim_on_use_helper
 .text          0x0000000010004564       0x10 CMakeFiles/pak-gadget.dir/tree/downloaded_tools/pico/pico-sdk/src/rp2_common/pico_mem_ops/mem_ops_aeabi.S.obj
                0x0000000010004564                __aeabi_mem_init
 .text.memset   0x0000000010004574        0xc CMakeFiles/pak-gadget.dir/tree/downloaded_tools/pico/pico-sdk/src/rp2_common/pico_mem_ops/mem_ops_aeabi.S.obj
                0x0000000010004574                __wrap_memset
 .text.memcpy   0x0000000010004580        0xc CMakeFiles/pak-gadget.dir/tree/downloaded_tools/pico/pico-sdk/src/rp2_common/pico_mem_ops/mem_ops_aeabi.S.obj
                0x0000000010004580                __wrap___aeabi_memcpy
                0x0000000010004580                __wrap_memcpy
 .text.stdio_out_chars_crlf
                0x000000001000458c       0x80 CMakeFiles/pak-gadget.dir/tree/downloaded_tools/pico/pico-sdk/src/rp2_common/pico_stdio/stdio.c.obj
 .text.stdio_stack_buffer_flush
                0x000000001000460c       0x44 CMakeFiles/pak-gadget.dir/tree/downloaded_tools/pico/pico-sdk/src/rp2_common/pico_stdio/stdio.c.obj
 .text.stdio_buffered_printer
                0x0000000010004650       0x20 CMakeFiles/pak-gadget.dir/tree/downloaded_tools/pico/pico-sdk/src/rp2_common/pico_stdio/stdio.c.obj
 .text.stdout_serialize_begin
                0x0000000010004670       0x30 CMakeFiles/pak-gadget.dir/tree/downloaded_tools/pico/pico-sdk/src/rp2_common/pico_stdio/stdio.c.obj
                0x0000000010004670                stdout_serialize_begin
 .text.stdout_serialize_end
                0x00000000100046a0       0x10 CMakeFiles/pak-gadget.dir/tree/downloaded_tools/pico/pico-sdk/src/rp2_common/pico_stdio/stdio.c.obj
                0x00000000100046a0                stdout_serialize_end
 .text.stdio_put_string
                0x00000000100046b0       0x84 CMakeFiles/pak-gadget.dir/tree/downloaded_tools/pico/pico-sdk/src/rp2_common/pico_stdio/stdio.c.obj
 .text.stdio_set_driver_enabled
                0x0000000010004734       0x38 CMakeFiles/pak-gadget.dir/tree/downloaded_tools/pico/pico-sdk/src/rp2_common/pico_stdio/stdio.c.obj
                0x0000000010004734                stdio_set_driver_enabled
 .text.stdio_flush
                0x000000001000476c       0x20 CMakeFiles/pak-gadget.dir/tree/downloaded_tools/pico/pico-sdk/src/rp2_common/pico_stdio/stdio.c.obj
                0x000000001000476c                stdio_flush
 .text.__wrap_puts
                0x000000001000478c       0x1c CMakeFiles/pak-gadget.dir/tree/downloaded_tools/pico/pico-sdk/src/rp2_common/pico_stdio/stdio.c.obj
                0x000000001000478c                __wrap_puts
 .text.__wrap_vprintf
                0x00000000100047a8       0x44 CMakeFiles/pak-gadget.dir/tree/downloaded_tools/pico/pico-sdk/src/rp2_common/pico_stdio/stdio.c.obj
                0x00000000100047a8                __wrap_vprintf
 .text.__wrap_printf
                0x00000000100047ec       0x18 CMakeFiles/pak-gadget.dir/tree/downloaded_tools/pico/pico-sdk/src/rp2_common/pico_stdio/stdio.c.obj
                0x00000000100047ec                __wrap_printf
 .text.stdio_init_all
                0x0000000010004804        0xc CMakeFiles/pak-gadget.dir/tree/downloaded_tools/pico/pico-sdk/src/rp2_common/pico_stdio/stdio.c.obj
                0x0000000010004804                stdio_init_all
 .text.stdio_uart_out_chars
                0x0000000010004810       0x74 CMakeFiles/pak-gadget.dir/tree/downloaded_tools/pico/pico-sdk/src/rp2_common/pico_stdio_uart/stdio_uart.c.obj
 .text.stdio_uart_in_chars
                0x0000000010004884       0x54 CMakeFiles/pak-gadget.dir/tree/downloaded_tools/pico/pico-sdk/src/rp2_common/pico_stdio_uart/stdio_uart.c.obj
                0x0000000010004884                stdio_uart_in_chars
 .text.stdio_uart_init_full
                0x00000000100048d8       0x3c CMakeFiles/pak-gadget.dir/tree/downloaded_tools/pico/pico-sdk/src/rp2_common/pico_stdio_uart/stdio_uart.c.obj
                0x00000000100048d8                stdio_uart_init_full
 .text.stdio_uart_init
                0x0000000010004914       0x28 CMakeFiles/pak-gadget.dir/tree/downloaded_tools/pico/pico-sdk/src/rp2_common/pico_stdio_uart/stdio_uart.c.obj
                0x0000000010004914                stdio_uart_init
 .text.resetd_init
                0x000000001000493c        0x2 CMakeFiles/pak-gadget.dir/tree/downloaded_tools/pico/pico-sdk/src/rp2_common/pico_stdio_usb/reset_interface.c.obj
 *fill*         0x000000001000493e        0x2 
 .text.resetd_reset
                0x0000000010004940        0xc CMakeFiles/pak-gadget.dir/tree/downloaded_tools/pico/pico-sdk/src/rp2_common/pico_stdio_usb/reset_interface.c.obj
 .text.resetd_open
                0x000000001000494c       0x34 CMakeFiles/pak-gadget.dir/tree/downloaded_tools/pico/pico-sdk/src/rp2_common/pico_stdio_usb/reset_interface.c.obj
 .text.resetd_xfer_cb
                0x0000000010004980        0x4 CMakeFiles/pak-gadget.dir/tree/downloaded_tools/pico/pico-sdk/src/rp2_common/pico_stdio_usb/reset_interface.c.obj
 .text.resetd_control_xfer_cb
                0x0000000010004984       0x6c CMakeFiles/pak-gadget.dir/tree/downloaded_tools/pico/pico-sdk/src/rp2_common/pico_stdio_usb/reset_interface.c.obj
 .text.usbd_app_driver_get_cb
                0x00000000100049f0        0xc CMakeFiles/pak-gadget.dir/tree/downloaded_tools/pico/pico-sdk/src/rp2_common/pico_stdio_usb/reset_interface.c.obj
                0x00000000100049f0                usbd_app_driver_get_cb
 .text.tud_cdc_line_coding_cb
                0x00000000100049fc       0x34 CMakeFiles/pak-gadget.dir/tree/downloaded_tools/pico/pico-sdk/src/rp2_common/pico_stdio_usb/reset_interface.c.obj
                0x00000000100049fc                tud_cdc_line_coding_cb
 .text.stdio_usb_in_chars
                0x0000000010004a30       0x70 CMakeFiles/pak-gadget.dir/tree/downloaded_tools/pico/pico-sdk/src/rp2_common/pico_stdio_usb/stdio_usb.c.obj
                0x0000000010004a30                stdio_usb_in_chars
 .text.low_priority_worker_irq
                0x0000000010004aa0       0x20 CMakeFiles/pak-gadget.dir/tree/downloaded_tools/pico/pico-sdk/src/rp2_common/pico_stdio_usb/stdio_usb.c.obj
 .text.stdio_usb_out_chars
                0x0000000010004ac0       0xd4 CMakeFiles/pak-gadget.dir/tree/downloaded_tools/pico/pico-sdk/src/rp2_common/pico_stdio_usb/stdio_usb.c.obj
 .text.timer_task
                0x0000000010004b94       0x10 CMakeFiles/pak-gadget.dir/tree/downloaded_tools/pico/pico-sdk/src/rp2_common/pico_stdio_usb/stdio_usb.c.obj
 .text.stdio_usb_init
                0x0000000010004ba4       0xb8 CMakeFiles/pak-gadget.dir/tree/downloaded_tools/pico/pico-sdk/src/rp2_common/pico_stdio_usb/stdio_usb.c.obj
                0x0000000010004ba4                stdio_usb_init
 .text.tud_descriptor_device_cb
                0x0000000010004c5c        0x8 CMakeFiles/pak-gadget.dir/tree/downloaded_tools/pico/pico-sdk/src/rp2_common/pico_stdio_usb/stdio_usb_descriptors.c.obj
                0x0000000010004c5c                tud_descriptor_device_cb
 .text.tud_descriptor_configuration_cb
                0x0000000010004c64        0x8 CMakeFiles/pak-gadget.dir/tree/downloaded_tools/pico/pico-sdk/src/rp2_common/pico_stdio_usb/stdio_usb_descriptors.c.obj
                0x0000000010004c64                tud_descriptor_configuration_cb
 .text.tud_descriptor_string_cb
                0x0000000010004c6c       0x68 CMakeFiles/pak-gadget.dir/tree/downloaded_tools/pico/pico-sdk/src/rp2_common/pico_stdio_usb/stdio_usb_descriptors.c.obj
                0x0000000010004c6c                tud_descriptor_string_cb
 .text.hw_endpoint_get_by_addr
                0x0000000010004cd4       0x18 CMakeFiles/pak-gadget.dir/tree/downloaded_tools/pico/pico-sdk/lib/tinyusb/src/portable/raspberrypi/rp2040/dcd_rp2040.c.obj
 .text.reset_ep0
                0x0000000010004cec       0x2c CMakeFiles/pak-gadget.dir/tree/downloaded_tools/pico/pico-sdk/lib/tinyusb/src/portable/raspberrypi/rp2040/dcd_rp2040.c.obj
 .text._hw_endpoint_alloc
                0x0000000010004d18       0x80 CMakeFiles/pak-gadget.dir/tree/downloaded_tools/pico/pico-sdk/lib/tinyusb/src/portable/raspberrypi/rp2040/dcd_rp2040.c.obj
 .text._hw_endpoint_init
                0x0000000010004d98       0xbc CMakeFiles/pak-gadget.dir/tree/downloaded_tools/pico/pico-sdk/lib/tinyusb/src/portable/raspberrypi/rp2040/dcd_rp2040.c.obj
 .text.hw_endpoint_init
                0x0000000010004e54       0x18 CMakeFiles/pak-gadget.dir/tree/downloaded_tools/pico/pico-sdk/lib/tinyusb/src/portable/raspberrypi/rp2040/dcd_rp2040.c.obj
 .text.hw_handle_buff_status
                0x0000000010004e6c       0xb4 CMakeFiles/pak-gadget.dir/tree/downloaded_tools/pico/pico-sdk/lib/tinyusb/src/portable/raspberrypi/rp2040/dcd_rp2040.c.obj
 .text.dcd_rp2040_irq
                0x0000000010004f20       0xa8 CMakeFiles/pak-gadget.dir/tree/downloaded_tools/pico/pico-sdk/lib/tinyusb/src/portable/raspberrypi/rp2040/dcd_rp2040.c.obj
 .text.hw_endpoint_xfer
                0x0000000010004fc8       0x18 CMakeFiles/pak-gadget.dir/tree/downloaded_tools/pico/pico-sdk/lib/tinyusb/src/portable/raspberrypi/rp2040/dcd_rp2040.c.obj
 .text.ep0_0len_status
                0x0000000010004fe0       0x14 CMakeFiles/pak-gadget.dir/tree/downloaded_tools/pico/pico-sdk/lib/tinyusb/src/portable/raspberrypi/rp2040/dcd_rp2040.c.obj
 .text._hw_endpoint_stall
                0x0000000010004ff4       0x54 CMakeFiles/pak-gadget.dir/tree/downloaded_tools/pico/pico-sdk/lib/tinyusb/src/portable/raspberrypi/rp2040/dcd_rp2040.c.obj
 .text.hw_endpoint_stall
                0x0000000010005048        0xc CMakeFiles/pak-gadget.dir/tree/downloaded_tools/pico/pico-sdk/lib/tinyusb/src/portable/raspberrypi/rp2040/dcd_rp2040.c.obj
 .text._hw_endpoint_clear_stall
                0x0000000010005054       0x34 CMakeFiles/pak-gadget.dir/tree/downloaded_tools/pico/pico-sdk/lib/tinyusb/src/portable/raspberrypi/rp2040/dcd_rp2040.c.obj
 .text.hw_endpoint_clear_stall
                0x0000000010005088        0xc CMakeFiles/pak-gadget.dir/tree/downloaded_tools/pico/pico-sdk/lib/tinyusb/src/portable/raspberrypi/rp2040/dcd_rp2040.c.obj
 .text.dcd_int_enable
                0x0000000010005094       0x2c CMakeFiles/pak-gadget.dir/tree/downloaded_tools/pico/pico-sdk/lib/tinyusb/src/portable/raspberrypi/rp2040/dcd_rp2040.c.obj
                0x0000000010005094                dcd_int_enable
 .text.dcd_set_address
                0x00000000100050c0       0x28 CMakeFiles/pak-gadget.dir/tree/downloaded_tools/pico/pico-sdk/lib/tinyusb/src/portable/raspberrypi/rp2040/dcd_rp2040.c.obj
                0x00000000100050c0                dcd_set_address
 .text.dcd_connect
                0x00000000100050e8       0x30 CMakeFiles/pak-gadget.dir/tree/downloaded_tools/pico/pico-sdk/lib/tinyusb/src/portable/raspberrypi/rp2040/dcd_rp2040.c.obj
                0x00000000100050e8                dcd_connect
 .text.dcd_init
                0x0000000010005118       0x84 CMakeFiles/pak-gadget.dir/tree/downloaded_tools/pico/pico-sdk/lib/tinyusb/src/portable/raspberrypi/rp2040/dcd_rp2040.c.obj
                0x0000000010005118                dcd_init
 .text.dcd_edpt0_status_complete
                0x000000001000519c       0x40 CMakeFiles/pak-gadget.dir/tree/downloaded_tools/pico/pico-sdk/lib/tinyusb/src/portable/raspberrypi/rp2040/dcd_rp2040.c.obj
                0x000000001000519c                dcd_edpt0_status_complete
 .text.dcd_edpt_open
                0x00000000100051dc       0x40 CMakeFiles/pak-gadget.dir/tree/downloaded_tools/pico/pico-sdk/lib/tinyusb/src/portable/raspberrypi/rp2040/dcd_rp2040.c.obj
                0x00000000100051dc                dcd_edpt_open
 .text.dcd_edpt_xfer
                0x000000001000521c       0x34 CMakeFiles/pak-gadget.dir/tree/downloaded_tools/pico/pico-sdk/lib/tinyusb/src/portable/raspberrypi/rp2040/dcd_rp2040.c.obj
                0x000000001000521c                dcd_edpt_xfer
 .text.dcd_edpt_stall
                0x0000000010005250       0x28 CMakeFiles/pak-gadget.dir/tree/downloaded_tools/pico/pico-sdk/lib/tinyusb/src/portable/raspberrypi/rp2040/dcd_rp2040.c.obj
                0x0000000010005250                dcd_edpt_stall
 .text.dcd_edpt_clear_stall
                0x0000000010005278       0x2c CMakeFiles/pak-gadget.dir/tree/downloaded_tools/pico/pico-sdk/lib/tinyusb/src/portable/raspberrypi/rp2040/dcd_rp2040.c.obj
                0x0000000010005278                dcd_edpt_clear_stall
 .text.rp2040_usb_init
                0x00000000100052a4       0x50 CMakeFiles/pak-gadget.dir/tree/downloaded_tools/pico/pico-sdk/lib/tinyusb/src/portable/raspberrypi/rp2040/rp2040_usb.c.obj
                0x00000000100052a4                rp2040_usb_init
 .text.hw_endpoint_reset_transfer
                0x00000000100052f4       0x10 CMakeFiles/pak-gadget.dir/tree/downloaded_tools/pico/pico-sdk/lib/tinyusb/src/portable/raspberrypi/rp2040/rp2040_usb.c.obj
                0x00000000100052f4                hw_endpoint_reset_transfer
 .text._hw_endpoint_buffer_control_update32
                0x0000000010005304       0x58 CMakeFiles/pak-gadget.dir/tree/downloaded_tools/pico/pico-sdk/lib/tinyusb/src/portable/raspberrypi/rp2040/rp2040_usb.c.obj
                0x0000000010005304                _hw_endpoint_buffer_control_update32
 .text._hw_endpoint_start_next_buffer
                0x000000001000535c       0x50 CMakeFiles/pak-gadget.dir/tree/downloaded_tools/pico/pico-sdk/lib/tinyusb/src/portable/raspberrypi/rp2040/rp2040_usb.c.obj
                0x000000001000535c                _hw_endpoint_start_next_buffer
 .text._hw_endpoint_xfer_start
                0x00000000100053ac       0x3e CMakeFiles/pak-gadget.dir/tree/downloaded_tools/pico/pico-sdk/lib/tinyusb/src/portable/raspberrypi/rp2040/rp2040_usb.c.obj
                0x00000000100053ac                _hw_endpoint_xfer_start
 *fill*         0x00000000100053ea        0x2 
 .text._hw_endpoint_xfer_sync
                0x00000000100053ec       0x74 CMakeFiles/pak-gadget.dir/tree/downloaded_tools/pico/pico-sdk/lib/tinyusb/src/portable/raspberrypi/rp2040/rp2040_usb.c.obj
                0x00000000100053ec                _hw_endpoint_xfer_sync
 .text._hw_endpoint_xfer_continue
                0x0000000010005460       0x60 CMakeFiles/pak-gadget.dir/tree/downloaded_tools/pico/pico-sdk/lib/tinyusb/src/portable/raspberrypi/rp2040/rp2040_usb.c.obj
                0x0000000010005460                _hw_endpoint_xfer_continue
 .text._hw_endpoint_xfer
                0x00000000100054c0       0x34 CMakeFiles/pak-gadget.dir/tree/downloaded_tools/pico/pico-sdk/lib/tinyusb/src/portable/raspberrypi/rp2040/rp2040_usb.c.obj
                0x00000000100054c0                _hw_endpoint_xfer
 .text.mark_interface_endpoint
                0x00000000100054f4       0x2a CMakeFiles/pak-gadget.dir/tree/downloaded_tools/pico/pico-sdk/lib/tinyusb/src/device/usbd.c.obj
 *fill*         0x000000001000551e        0x2 
 .text.usbd_reset
                0x0000000010005520       0x88 CMakeFiles/pak-gadget.dir/tree/downloaded_tools/pico/pico-sdk/lib/tinyusb/src/device/usbd.c.obj
 .text.invoke_class_control
                0x00000000100055a8       0x1a CMakeFiles/pak-gadget.dir/tree/downloaded_tools/pico/pico-sdk/lib/tinyusb/src/device/usbd.c.obj
 *fill*         0x00000000100055c2        0x2 
 .text.process_set_config
                0x00000000100055c4      0x1d0 CMakeFiles/pak-gadget.dir/tree/downloaded_tools/pico/pico-sdk/lib/tinyusb/src/device/usbd.c.obj
 .text.process_get_descriptor
                0x0000000010005794       0xf8 CMakeFiles/pak-gadget.dir/tree/downloaded_tools/pico/pico-sdk/lib/tinyusb/src/device/usbd.c.obj
 .text.tud_mounted
                0x000000001000588c       0x10 CMakeFiles/pak-gadget.dir/tree/downloaded_tools/pico/pico-sdk/lib/tinyusb/src/device/usbd.c.obj
                0x000000001000588c                tud_mounted
 .text.tud_suspended
                0x000000001000589c       0x10 CMakeFiles/pak-gadget.dir/tree/downloaded_tools/pico/pico-sdk/lib/tinyusb/src/device/usbd.c.obj
                0x000000001000589c                tud_suspended
 .text.tud_inited
                0x00000000100058ac        0xc CMakeFiles/pak-gadget.dir/tree/downloaded_tools/pico/pico-sdk/lib/tinyusb/src/device/usbd.c.obj
                0x00000000100058ac                tud_inited
 .text.tud_init
                0x00000000100058b8       0xcc CMakeFiles/pak-gadget.dir/tree/downloaded_tools/pico/pico-sdk/lib/tinyusb/src/device/usbd.c.obj
                0x00000000100058b8                tud_init
 .text.dcd_event_handler
                0x0000000010005984      0x174 CMakeFiles/pak-gadget.dir/tree/downloaded_tools/pico/pico-sdk/lib/tinyusb/src/device/usbd.c.obj
                0x0000000010005984                dcd_event_handler
 .text.dcd_event_bus_signal
                0x0000000010005af8       0x26 CMakeFiles/pak-gadget.dir/tree/downloaded_tools/pico/pico-sdk/lib/tinyusb/src/device/usbd.c.obj
                0x0000000010005af8                dcd_event_bus_signal
 .text.dcd_event_bus_reset
                0x0000000010005b1e       0x2a CMakeFiles/pak-gadget.dir/tree/downloaded_tools/pico/pico-sdk/lib/tinyusb/src/device/usbd.c.obj
                0x0000000010005b1e                dcd_event_bus_reset
 .text.dcd_event_setup_received
                0x0000000010005b48       0x34 CMakeFiles/pak-gadget.dir/tree/downloaded_tools/pico/pico-sdk/lib/tinyusb/src/device/usbd.c.obj
                0x0000000010005b48                dcd_event_setup_received
 .text.dcd_event_xfer_complete
                0x0000000010005b7c       0x44 CMakeFiles/pak-gadget.dir/tree/downloaded_tools/pico/pico-sdk/lib/tinyusb/src/device/usbd.c.obj
                0x0000000010005b7c                dcd_event_xfer_complete
 .text.usbd_edpt_open
                0x0000000010005bc0       0xe0 CMakeFiles/pak-gadget.dir/tree/downloaded_tools/pico/pico-sdk/lib/tinyusb/src/device/usbd.c.obj
                0x0000000010005bc0                usbd_edpt_open
 .text.usbd_open_edpt_pair
                0x0000000010005ca0       0x8c CMakeFiles/pak-gadget.dir/tree/downloaded_tools/pico/pico-sdk/lib/tinyusb/src/device/usbd.c.obj
                0x0000000010005ca0                usbd_open_edpt_pair
 .text.usbd_edpt_claim
                0x0000000010005d2c       0x8c CMakeFiles/pak-gadget.dir/tree/downloaded_tools/pico/pico-sdk/lib/tinyusb/src/device/usbd.c.obj
                0x0000000010005d2c                usbd_edpt_claim
 .text.usbd_edpt_release
                0x0000000010005db8       0x68 CMakeFiles/pak-gadget.dir/tree/downloaded_tools/pico/pico-sdk/lib/tinyusb/src/device/usbd.c.obj
                0x0000000010005db8                usbd_edpt_release
 .text.usbd_edpt_xfer
                0x0000000010005e20       0x80 CMakeFiles/pak-gadget.dir/tree/downloaded_tools/pico/pico-sdk/lib/tinyusb/src/device/usbd.c.obj
                0x0000000010005e20                usbd_edpt_xfer
 .text.usbd_edpt_stall
                0x0000000010005ea0       0x2c CMakeFiles/pak-gadget.dir/tree/downloaded_tools/pico/pico-sdk/lib/tinyusb/src/device/usbd.c.obj
                0x0000000010005ea0                usbd_edpt_stall
 .text.usbd_edpt_clear_stall
                0x0000000010005ecc       0x2c CMakeFiles/pak-gadget.dir/tree/downloaded_tools/pico/pico-sdk/lib/tinyusb/src/device/usbd.c.obj
                0x0000000010005ecc                usbd_edpt_clear_stall
 .text.usbd_edpt_stalled
                0x0000000010005ef8       0x1c CMakeFiles/pak-gadget.dir/tree/downloaded_tools/pico/pico-sdk/lib/tinyusb/src/device/usbd.c.obj
                0x0000000010005ef8                usbd_edpt_stalled
 .text.process_control_request
                0x0000000010005f14      0x380 CMakeFiles/pak-gadget.dir/tree/downloaded_tools/pico/pico-sdk/lib/tinyusb/src/device/usbd.c.obj
 .text.tud_task
                0x0000000010006294      0x204 CMakeFiles/pak-gadget.dir/tree/downloaded_tools/pico/pico-sdk/lib/tinyusb/src/device/usbd.c.obj
                0x0000000010006294                tud_task
 .text._data_stage_xact
                0x0000000010006498       0x58 CMakeFiles/pak-gadget.dir/tree/downloaded_tools/pico/pico-sdk/lib/tinyusb/src/device/usbd_control.c.obj
 .text.tud_control_status
                0x00000000100064f0       0x38 CMakeFiles/pak-gadget.dir/tree/downloaded_tools/pico/pico-sdk/lib/tinyusb/src/device/usbd_control.c.obj
                0x00000000100064f0                tud_control_status
 .text.tud_control_xfer
                0x0000000010006528       0xa8 CMakeFiles/pak-gadget.dir/tree/downloaded_tools/pico/pico-sdk/lib/tinyusb/src/device/usbd_control.c.obj
                0x0000000010006528                tud_control_xfer
 .text.usbd_control_reset
                0x00000000100065d0       0x14 CMakeFiles/pak-gadget.dir/tree/downloaded_tools/pico/pico-sdk/lib/tinyusb/src/device/usbd_control.c.obj
                0x00000000100065d0                usbd_control_reset
 .text.usbd_control_set_complete_callback
                0x00000000100065e4        0xc CMakeFiles/pak-gadget.dir/tree/downloaded_tools/pico/pico-sdk/lib/tinyusb/src/device/usbd_control.c.obj
                0x00000000100065e4                usbd_control_set_complete_callback
 .text.usbd_control_set_request
                0x00000000100065f0       0x1c CMakeFiles/pak-gadget.dir/tree/downloaded_tools/pico/pico-sdk/lib/tinyusb/src/device/usbd_control.c.obj
                0x00000000100065f0                usbd_control_set_request
 .text.usbd_control_xfer_cb
                0x000000001000660c       0xfc CMakeFiles/pak-gadget.dir/tree/downloaded_tools/pico/pico-sdk/lib/tinyusb/src/device/usbd_control.c.obj
                0x000000001000660c                usbd_control_xfer_cb
 .text._prep_out_transaction
                0x0000000010006708       0x46 CMakeFiles/pak-gadget.dir/tree/downloaded_tools/pico/pico-sdk/lib/tinyusb/src/class/cdc/cdc_device.c.obj
 *fill*         0x000000001000674e        0x2 
 .text.tud_cdc_n_connected
                0x0000000010006750       0x44 CMakeFiles/pak-gadget.dir/tree/downloaded_tools/pico/pico-sdk/lib/tinyusb/src/class/cdc/cdc_device.c.obj
                0x0000000010006750                tud_cdc_n_connected
 .text.tud_cdc_n_available
                0x0000000010006794       0x18 CMakeFiles/pak-gadget.dir/tree/downloaded_tools/pico/pico-sdk/lib/tinyusb/src/class/cdc/cdc_device.c.obj
                0x0000000010006794                tud_cdc_n_available
 .text.tud_cdc_n_read
                0x00000000100067ac       0x28 CMakeFiles/pak-gadget.dir/tree/downloaded_tools/pico/pico-sdk/lib/tinyusb/src/class/cdc/cdc_device.c.obj
                0x00000000100067ac                tud_cdc_n_read
 .text.tud_cdc_n_write_flush
                0x00000000100067d4       0xcc CMakeFiles/pak-gadget.dir/tree/downloaded_tools/pico/pico-sdk/lib/tinyusb/src/class/cdc/cdc_device.c.obj
                0x00000000100067d4                tud_cdc_n_write_flush
 .text.tud_cdc_n_write
                0x00000000100068a0       0x38 CMakeFiles/pak-gadget.dir/tree/downloaded_tools/pico/pico-sdk/lib/tinyusb/src/class/cdc/cdc_device.c.obj
                0x00000000100068a0                tud_cdc_n_write
 .text.tud_cdc_n_write_available
                0x00000000100068d8       0x1c CMakeFiles/pak-gadget.dir/tree/downloaded_tools/pico/pico-sdk/lib/tinyusb/src/class/cdc/cdc_device.c.obj
                0x00000000100068d8                tud_cdc_n_write_available
 .text.cdcd_init
                0x00000000100068f4       0xbc CMakeFiles/pak-gadget.dir/tree/downloaded_tools/pico/pico-sdk/lib/tinyusb/src/class/cdc/cdc_device.c.obj
                0x00000000100068f4                cdcd_init
 .text.cdcd_reset
                0x00000000100069b0       0x44 CMakeFiles/pak-gadget.dir/tree/downloaded_tools/pico/pico-sdk/lib/tinyusb/src/class/cdc/cdc_device.c.obj
                0x00000000100069b0                cdcd_reset
 .text.cdcd_open
                0x00000000100069f4      0x10c CMakeFiles/pak-gadget.dir/tree/downloaded_tools/pico/pico-sdk/lib/tinyusb/src/class/cdc/cdc_device.c.obj
                0x00000000100069f4                cdcd_open
 .text.cdcd_control_xfer_cb
                0x0000000010006b00      0x134 CMakeFiles/pak-gadget.dir/tree/downloaded_tools/pico/pico-sdk/lib/tinyusb/src/class/cdc/cdc_device.c.obj
                0x0000000010006b00                cdcd_control_xfer_cb
 .text.cdcd_xfer_cb
                0x0000000010006c34      0x144 CMakeFiles/pak-gadget.dir/tree/downloaded_tools/pico/pico-sdk/lib/tinyusb/src/class/cdc/cdc_device.c.obj
                0x0000000010006c34                cdcd_xfer_cb
 .text.tusb_init
                0x0000000010006d78       0x24 CMakeFiles/pak-gadget.dir/tree/downloaded_tools/pico/pico-sdk/lib/tinyusb/src/tusb.c.obj
                0x0000000010006d78                tusb_init
 .text.tusb_inited
                0x0000000010006d9c        0xe CMakeFiles/pak-gadget.dir/tree/downloaded_tools/pico/pico-sdk/lib/tinyusb/src/tusb.c.obj
                0x0000000010006d9c                tusb_inited
 .text.advance_pointer
                0x0000000010006daa       0x1e CMakeFiles/pak-gadget.dir/tree/downloaded_tools/pico/pico-sdk/lib/tinyusb/src/common/tusb_fifo.c.obj
 .text.backward_pointer
                0x0000000010006dc8       0x1a CMakeFiles/pak-gadget.dir/tree/downloaded_tools/pico/pico-sdk/lib/tinyusb/src/common/tusb_fifo.c.obj
 .text.get_relative_pointer
                0x0000000010006de2       0x10 CMakeFiles/pak-gadget.dir/tree/downloaded_tools/pico/pico-sdk/lib/tinyusb/src/common/tusb_fifo.c.obj
 .text._tu_fifo_peek
                0x0000000010006df2       0x50 CMakeFiles/pak-gadget.dir/tree/downloaded_tools/pico/pico-sdk/lib/tinyusb/src/common/tusb_fifo.c.obj
 .text._ff_pull_const_addr
                0x0000000010006e42       0x4c CMakeFiles/pak-gadget.dir/tree/downloaded_tools/pico/pico-sdk/lib/tinyusb/src/common/tusb_fifo.c.obj
 .text._ff_pull_n
                0x0000000010006e8e      0x10c CMakeFiles/pak-gadget.dir/tree/downloaded_tools/pico/pico-sdk/lib/tinyusb/src/common/tusb_fifo.c.obj
 .text._tu_fifo_peek_n
                0x0000000010006f9a       0x5e CMakeFiles/pak-gadget.dir/tree/downloaded_tools/pico/pico-sdk/lib/tinyusb/src/common/tusb_fifo.c.obj
 .text._tu_fifo_read_n
                0x0000000010006ff8       0x4e CMakeFiles/pak-gadget.dir/tree/downloaded_tools/pico/pico-sdk/lib/tinyusb/src/common/tusb_fifo.c.obj
 .text._ff_push_const_addr
                0x0000000010007046       0x40 CMakeFiles/pak-gadget.dir/tree/downloaded_tools/pico/pico-sdk/lib/tinyusb/src/common/tusb_fifo.c.obj
 .text._ff_push_n
                0x0000000010007086      0x106 CMakeFiles/pak-gadget.dir/tree/downloaded_tools/pico/pico-sdk/lib/tinyusb/src/common/tusb_fifo.c.obj
 .text._tu_fifo_write_n
                0x000000001000718c       0x9e CMakeFiles/pak-gadget.dir/tree/downloaded_tools/pico/pico-sdk/lib/tinyusb/src/common/tusb_fifo.c.obj
 .text.tu_fifo_config
                0x000000001000722a       0x72 CMakeFiles/pak-gadget.dir/tree/downloaded_tools/pico/pico-sdk/lib/tinyusb/src/common/tusb_fifo.c.obj
                0x000000001000722a                tu_fifo_config
 .text.tu_fifo_count
                0x000000001000729c       0x26 CMakeFiles/pak-gadget.dir/tree/downloaded_tools/pico/pico-sdk/lib/tinyusb/src/common/tusb_fifo.c.obj
                0x000000001000729c                tu_fifo_count
 .text.tu_fifo_empty
                0x00000000100072c2        0xe CMakeFiles/pak-gadget.dir/tree/downloaded_tools/pico/pico-sdk/lib/tinyusb/src/common/tusb_fifo.c.obj
                0x00000000100072c2                tu_fifo_empty
 .text.tu_fifo_remaining
                0x00000000100072d0       0x20 CMakeFiles/pak-gadget.dir/tree/downloaded_tools/pico/pico-sdk/lib/tinyusb/src/common/tusb_fifo.c.obj
                0x00000000100072d0                tu_fifo_remaining
 .text.tu_fifo_read
                0x00000000100072f0       0x42 CMakeFiles/pak-gadget.dir/tree/downloaded_tools/pico/pico-sdk/lib/tinyusb/src/common/tusb_fifo.c.obj
                0x00000000100072f0                tu_fifo_read
 .text.tu_fifo_read_n
                0x0000000010007332        0xa CMakeFiles/pak-gadget.dir/tree/downloaded_tools/pico/pico-sdk/lib/tinyusb/src/common/tusb_fifo.c.obj
                0x0000000010007332                tu_fifo_read_n
 .text.tu_fifo_write
                0x000000001000733c       0x6c CMakeFiles/pak-gadget.dir/tree/downloaded_tools/pico/pico-sdk/lib/tinyusb/src/common/tusb_fifo.c.obj
                0x000000001000733c                tu_fifo_write
 .text.tu_fifo_write_n
                0x00000000100073a8        0xa CMakeFiles/pak-gadget.dir/tree/downloaded_tools/pico/pico-sdk/lib/tinyusb/src/common/tusb_fifo.c.obj
                0x00000000100073a8                tu_fifo_write_n
 .text.tu_fifo_clear
                0x00000000100073b2       0x4c CMakeFiles/pak-gadget.dir/tree/downloaded_tools/pico/pico-sdk/lib/tinyusb/src/common/tusb_fifo.c.obj
                0x00000000100073b2                tu_fifo_clear
 .text.tu_fifo_set_overwritable
                0x00000000100073fe       0x3c CMakeFiles/pak-gadget.dir/tree/downloaded_tools/pico/pico-sdk/lib/tinyusb/src/common/tusb_fifo.c.obj
                0x00000000100073fe                tu_fifo_set_overwritable
 *fill*         0x000000001000743a        0x2 
 .text._retrieve_unique_id_on_boot
                0x000000001000743c       0x10 CMakeFiles/pak-gadget.dir/tree/downloaded_tools/pico/pico-sdk/src/rp2_common/pico_unique_id/unique_id.c.obj
 .text.pico_get_unique_board_id_string
                0x000000001000744c       0x60 CMakeFiles/pak-gadget.dir/tree/downloaded_tools/pico/pico-sdk/src/rp2_common/pico_unique_id/unique_id.c.obj
                0x000000001000744c                pico_get_unique_board_id_string
 .text.flash_get_unique_id
                0x00000000100074ac       0x46 CMakeFiles/pak-gadget.dir/tree/downloaded_tools/pico/pico-sdk/src/rp2_common/hardware_flash/flash.c.obj
                0x00000000100074ac                flash_get_unique_id
 *fill*         0x00000000100074f2        0x2 
 .text          0x00000000100074f4       0x68 /usr/lib/gcc/arm-none-eabi/9.2.1/../../../arm-none-eabi/lib/thumb/v6-m/nofp/libg.a(lib_a-strlen-stub.o)
                0x00000000100074f4                strlen
 *(.fini)
 .fini          0x000000001000755c        0x4 /usr/lib/gcc/arm-none-eabi/9.2.1/thumb/v6-m/nofp/crti.o
                0x000000001000755c                _fini
 .fini.__stub   0x0000000010007560       0x70 linker stubs
 *crtbegin.o(.ctors)
 *crtbegin?.o(.ctors)
 *(EXCLUDE_FILE(*crtend.o *crtend?.o) .ctors)
 *(SORT_BY_NAME(.ctors.*))
 *(.ctors)
 *crtbegin.o(.dtors)
 *crtbegin?.o(.dtors)
 *(EXCLUDE_FILE(*crtend.o *crtend?.o) .dtors)
 *(SORT_BY_NAME(.dtors.*))
 *(.dtors)
 *(.eh_frame*)
 .eh_frame      0x00000000100075d0        0x0 /usr/lib/gcc/arm-none-eabi/9.2.1/thumb/v6-m/nofp/crtbegin.o
                0x00000000100075d0                . = ALIGN (0x4)

.glue_7         0x00000000100075d0        0x0
 .glue_7        0x00000000100075d0        0x0 linker stubs

.glue_7t        0x00000000100075d0        0x0
 .glue_7t       0x00000000100075d0        0x0 linker stubs

.vfp11_veneer   0x00000000100075d0        0x0
 .vfp11_veneer  0x00000000100075d0        0x0 linker stubs

.v4_bx          0x00000000100075d0        0x0
 .v4_bx         0x00000000100075d0        0x0 linker stubs

.iplt           0x00000000100075d0        0x0
 .iplt          0x00000000100075d0        0x0 /usr/lib/gcc/arm-none-eabi/9.2.1/thumb/v6-m/nofp/crtbegin.o

.rodata         0x00000000100075d0     0x192c
 *(EXCLUDE_FILE(*libm.a: *libc.a:*lib_a-mem*.o *libgcc.a:) .rodata*)
 .rodata.main.str1.4
                0x00000000100075d0       0x2c CMakeFiles/pak-gadget.dir/pak-gadget.c.obj
 .rodata.font_5x7_letters
                0x00000000100075fc      0x1e0 CMakeFiles/pak-gadget.dir/pak-gadget.c.obj
                0x00000000100075fc                font_5x7_letters
 .rodata.init_seq2
                0x00000000100077dc       0x1e CMakeFiles/pak-gadget.dir/pak-gadget.c.obj
                0x00000000100077dc                init_seq2
 *fill*         0x00000000100077fa        0x2 
 .rodata.spin_lock_claim_unused.str1.4
                0x00000000100077fc       0x1b CMakeFiles/pak-gadget.dir/tree/downloaded_tools/pico/pico-sdk/src/rp2_common/hardware_sync/sync.c.obj
 *fill*         0x0000000010007817        0x1 
 .rodata.repeating_timer_callback.str1.4
                0x0000000010007818       0x55 CMakeFiles/pak-gadget.dir/tree/downloaded_tools/pico/pico-sdk/src/common/pico_time/time.c.obj
 *fill*         0x000000001000786d        0x3 
 .rodata.alarm_pool_dump_key.str1.4
                0x0000000010007870       0x33 CMakeFiles/pak-gadget.dir/tree/downloaded_tools/pico/pico-sdk/src/common/pico_time/time.c.obj
 *fill*         0x00000000100078a3        0x1 
 .rodata.ph_add_child_node.str1.4
                0x00000000100078a4       0x9e CMakeFiles/pak-gadget.dir/tree/downloaded_tools/pico/pico-sdk/src/common/pico_time/time.c.obj
 *fill*         0x0000000010007942        0x2 
 .rodata.add_alarm_under_lock.str1.4
                0x0000000010007944       0x28 CMakeFiles/pak-gadget.dir/tree/downloaded_tools/pico/pico-sdk/src/common/pico_time/time.c.obj
                                         0x2b (size before relaxing)
 .rodata.alarm_pool_alarm_callback.str1.4
                0x000000001000796c       0xee CMakeFiles/pak-gadget.dir/tree/downloaded_tools/pico/pico-sdk/src/common/pico_time/time.c.obj
 *fill*         0x0000000010007a5a        0x2 
 .rodata.alarm_pool_get_default.str1.4
                0x0000000010007a5c       0x21 CMakeFiles/pak-gadget.dir/tree/downloaded_tools/pico/pico-sdk/src/common/pico_time/time.c.obj
 *fill*         0x0000000010007a7d        0x3 
 .rodata.alarm_pool_cancel_alarm.str1.4
                0x0000000010007a80       0x27 CMakeFiles/pak-gadget.dir/tree/downloaded_tools/pico/pico-sdk/src/common/pico_time/time.c.obj
 *fill*         0x0000000010007aa7        0x1 
 .rodata.sleep_until.str1.4
                0x0000000010007aa8       0x4d CMakeFiles/pak-gadget.dir/tree/downloaded_tools/pico/pico-sdk/src/common/pico_time/time.c.obj
 *fill*         0x0000000010007af5        0x3 
 .rodata.__func__.5701
                0x0000000010007af8       0x15 CMakeFiles/pak-gadget.dir/tree/downloaded_tools/pico/pico-sdk/src/common/pico_time/time.c.obj
 *fill*         0x0000000010007b0d        0x3 
 .rodata.__func__.6002
                0x0000000010007b10        0xc CMakeFiles/pak-gadget.dir/tree/downloaded_tools/pico/pico-sdk/src/common/pico_time/time.c.obj
 .rodata.__func__.6009
                0x0000000010007b1c       0x12 CMakeFiles/pak-gadget.dir/tree/downloaded_tools/pico/pico-sdk/src/common/pico_time/time.c.obj
 *fill*         0x0000000010007b2e        0x2 
 .rodata.__func__.6025
                0x0000000010007b30        0xf CMakeFiles/pak-gadget.dir/tree/downloaded_tools/pico/pico-sdk/src/common/pico_time/time.c.obj
 *fill*         0x0000000010007b3f        0x1 
 .rodata.__func__.6047
                0x0000000010007b40        0xd CMakeFiles/pak-gadget.dir/tree/downloaded_tools/pico/pico-sdk/src/common/pico_time/time.c.obj
 *fill*         0x0000000010007b4d        0x3 
 .rodata.__func__.6248
                0x0000000010007b50        0xa CMakeFiles/pak-gadget.dir/tree/downloaded_tools/pico/pico-sdk/src/common/pico_time/time.c.obj
 *fill*         0x0000000010007b5a        0x2 
 .rodata.__func__.6253
                0x0000000010007b5c       0x12 CMakeFiles/pak-gadget.dir/tree/downloaded_tools/pico/pico-sdk/src/common/pico_time/time.c.obj
 *fill*         0x0000000010007b6e        0x2 
 .rodata.__func__.6268
                0x0000000010007b70       0x17 CMakeFiles/pak-gadget.dir/tree/downloaded_tools/pico/pico-sdk/src/common/pico_time/time.c.obj
 *fill*         0x0000000010007b87        0x1 
 .rodata.__func__.6279
                0x0000000010007b88       0x15 CMakeFiles/pak-gadget.dir/tree/downloaded_tools/pico/pico-sdk/src/common/pico_time/time.c.obj
 *fill*         0x0000000010007b9d        0x3 
 .rodata.__func__.6296
                0x0000000010007ba0       0x1a CMakeFiles/pak-gadget.dir/tree/downloaded_tools/pico/pico-sdk/src/common/pico_time/time.c.obj
 *fill*         0x0000000010007bba        0x2 
 .rodata.__func__.6335
                0x0000000010007bbc       0x18 CMakeFiles/pak-gadget.dir/tree/downloaded_tools/pico/pico-sdk/src/common/pico_time/time.c.obj
 .rodata.hardware_alarm_claim.str1.4
                0x0000000010007bd4       0x22 CMakeFiles/pak-gadget.dir/tree/downloaded_tools/pico/pico-sdk/src/rp2_common/hardware_timer/timer.c.obj
 *fill*         0x0000000010007bf6        0x2 
 .rodata.hardware_alarm_set_target.str1.4
                0x0000000010007bf8       0x6f CMakeFiles/pak-gadget.dir/tree/downloaded_tools/pico/pico-sdk/src/rp2_common/hardware_timer/timer.c.obj
 *fill*         0x0000000010007c67        0x1 
 .rodata.__func__.4548
                0x0000000010007c68       0x1a CMakeFiles/pak-gadget.dir/tree/downloaded_tools/pico/pico-sdk/src/rp2_common/hardware_timer/timer.c.obj
 *fill*         0x0000000010007c82        0x2 
 .rodata.str1.4
                0x0000000010007c84       0xbd CMakeFiles/pak-gadget.dir/tree/downloaded_tools/pico/pico-sdk/src/common/pico_sync/mutex.c.obj
                                        0x129 (size before relaxing)
 *fill*         0x0000000010007d41        0x3 
 .rodata.__func__.4193
                0x0000000010007d44       0x15 CMakeFiles/pak-gadget.dir/tree/downloaded_tools/pico/pico-sdk/src/common/pico_sync/mutex.c.obj
 *fill*         0x0000000010007d59        0x3 
 .rodata.__func__.4610
                0x0000000010007d5c       0x15 CMakeFiles/pak-gadget.dir/tree/downloaded_tools/pico/pico-sdk/src/common/pico_sync/mutex.c.obj
 *fill*         0x0000000010007d71        0x3 
 .rodata.__func__.4635
                0x0000000010007d74       0x18 CMakeFiles/pak-gadget.dir/tree/downloaded_tools/pico/pico-sdk/src/common/pico_sync/mutex.c.obj
 .rodata.__func__.4645
                0x0000000010007d8c        0xb CMakeFiles/pak-gadget.dir/tree/downloaded_tools/pico/pico-sdk/src/common/pico_sync/mutex.c.obj
 .rodata.ph_add_child_node.str1.4
                0x0000000010007d97       0x9e CMakeFiles/pak-gadget.dir/tree/downloaded_tools/pico/pico-sdk/src/common/pico_util/pheap.c.obj
 *fill*         0x0000000010007d97        0x1 
 .rodata.ph_remove_any_head.str1.4
                0x0000000010007d98       0x98 CMakeFiles/pak-gadget.dir/tree/downloaded_tools/pico/pico-sdk/src/common/pico_util/pheap.c.obj
 .rodata.ph_remove_and_free_node.str1.4
                0x0000000010007e30       0x26 CMakeFiles/pak-gadget.dir/tree/downloaded_tools/pico/pico-sdk/src/common/pico_util/pheap.c.obj
 *fill*         0x0000000010007e56        0x2 
 .rodata.__func__.5708
                0x0000000010007e58        0xc CMakeFiles/pak-gadget.dir/tree/downloaded_tools/pico/pico-sdk/src/common/pico_util/pheap.c.obj
 .rodata.__func__.5715
                0x0000000010007e64       0x12 CMakeFiles/pak-gadget.dir/tree/downloaded_tools/pico/pico-sdk/src/common/pico_util/pheap.c.obj
 *fill*         0x0000000010007e76        0x2 
 .rodata.__func__.5801
                0x0000000010007e78       0x13 CMakeFiles/pak-gadget.dir/tree/downloaded_tools/pico/pico-sdk/src/common/pico_util/pheap.c.obj
 *fill*         0x0000000010007e8b        0x1 
 .rodata.__func__.5819
                0x0000000010007e8c       0x18 CMakeFiles/pak-gadget.dir/tree/downloaded_tools/pico/pico-sdk/src/common/pico_util/pheap.c.obj
 .rodata.__assert_func.str1.4
                0x0000000010007ea4       0x3f CMakeFiles/pak-gadget.dir/tree/downloaded_tools/pico/pico-sdk/src/rp2_common/pico_runtime/runtime.c.obj
                                         0x43 (size before relaxing)
 *fill*         0x0000000010007ee3        0x1 
 .rodata.panic.str1.4
                0x0000000010007ee4       0x12 CMakeFiles/pak-gadget.dir/tree/downloaded_tools/pico/pico-sdk/src/rp2_common/pico_runtime/runtime.c.obj
 *fill*         0x0000000010007ef6        0x2 
 .rodata.clock_configure.str1.4
                0x0000000010007ef8       0x61 CMakeFiles/pak-gadget.dir/tree/downloaded_tools/pico/pico-sdk/src/rp2_common/hardware_clocks/clocks.c.obj
 *fill*         0x0000000010007f59        0x3 
 .rodata.__func__.4667
                0x0000000010007f5c       0x10 CMakeFiles/pak-gadget.dir/tree/downloaded_tools/pico/pico-sdk/src/rp2_common/hardware_clocks/clocks.c.obj
 .rodata.make_branch.str1.4
                0x0000000010007f6c       0x57 CMakeFiles/pak-gadget.dir/tree/downloaded_tools/pico/pico-sdk/src/rp2_common/hardware_irq/irq.c.obj
 *fill*         0x0000000010007fc3        0x1 
 .rodata.irq_set_exclusive_handler.str1.4
                0x0000000010007fc4       0x36 CMakeFiles/pak-gadget.dir/tree/downloaded_tools/pico/pico-sdk/src/rp2_common/hardware_irq/irq.c.obj
 *fill*         0x0000000010007ffa        0x2 
 .rodata.irq_add_shared_handler.str1.4
                0x0000000010007ffc       0xd9 CMakeFiles/pak-gadget.dir/tree/downloaded_tools/pico/pico-sdk/src/rp2_common/hardware_irq/irq.c.obj
 *fill*         0x00000000100080d5        0x3 
 .rodata.irq_remove_handler.str1.4
                0x00000000100080d8       0x2a CMakeFiles/pak-gadget.dir/tree/downloaded_tools/pico/pico-sdk/src/rp2_common/hardware_irq/irq.c.obj
 *fill*         0x0000000010008102        0x2 
 .rodata.irq_add_tail_to_free_list.str1.4
                0x0000000010008104       0x32 CMakeFiles/pak-gadget.dir/tree/downloaded_tools/pico/pico-sdk/src/rp2_common/hardware_irq/irq.c.obj
                                         0x3a (size before relaxing)
 *fill*         0x0000000010008136        0x2 
 .rodata.__func__.4703
                0x0000000010008138       0x1a CMakeFiles/pak-gadget.dir/tree/downloaded_tools/pico/pico-sdk/src/rp2_common/hardware_irq/irq.c.obj
 *fill*         0x0000000010008152        0x2 
 .rodata.__func__.4717
                0x0000000010008154        0xc CMakeFiles/pak-gadget.dir/tree/downloaded_tools/pico/pico-sdk/src/rp2_common/hardware_irq/irq.c.obj
 .rodata.__func__.4725
                0x0000000010008160       0x17 CMakeFiles/pak-gadget.dir/tree/downloaded_tools/pico/pico-sdk/src/rp2_common/hardware_irq/irq.c.obj
 *fill*         0x0000000010008177        0x1 
 .rodata.__func__.4729
                0x0000000010008178        0xf CMakeFiles/pak-gadget.dir/tree/downloaded_tools/pico/pico-sdk/src/rp2_common/hardware_irq/irq.c.obj
 *fill*         0x0000000010008187        0x1 
 .rodata.__func__.4768
                0x0000000010008188       0x13 CMakeFiles/pak-gadget.dir/tree/downloaded_tools/pico/pico-sdk/src/rp2_common/hardware_irq/irq.c.obj
 *fill*         0x000000001000819b        0x1 
 .rodata.__func__.4787
                0x000000001000819c       0x1a CMakeFiles/pak-gadget.dir/tree/downloaded_tools/pico/pico-sdk/src/rp2_common/hardware_irq/irq.c.obj
 *fill*         0x00000000100081b6        0x2 
 .rodata.pll_init.str1.4
                0x00000000100081b8       0xe3 CMakeFiles/pak-gadget.dir/tree/downloaded_tools/pico/pico-sdk/src/rp2_common/hardware_pll/pll.c.obj
 *fill*         0x000000001000829b        0x1 
 .rodata.__func__.4402
                0x000000001000829c        0x9 CMakeFiles/pak-gadget.dir/tree/downloaded_tools/pico/pico-sdk/src/rp2_common/hardware_pll/pll.c.obj
 *fill*         0x00000000100082a5        0x3 
 .rodata._ftoa.str1.4
                0x00000000100082a8       0x15 CMakeFiles/pak-gadget.dir/tree/downloaded_tools/pico/pico-sdk/src/rp2_common/pico_printf/printf.c.obj
 *fill*         0x00000000100082bd        0x3 
 .rodata._vsnprintf
                0x00000000100082c0      0x1e0 CMakeFiles/pak-gadget.dir/tree/downloaded_tools/pico/pico-sdk/src/rp2_common/pico_printf/printf.c.obj
 .rodata.pow10.5422
                0x00000000100084a0       0x50 CMakeFiles/pak-gadget.dir/tree/downloaded_tools/pico/pico-sdk/src/rp2_common/pico_printf/printf.c.obj
 .rodata.__aeabi_double_init.str1.4
                0x00000000100084f0       0xb2 CMakeFiles/pak-gadget.dir/tree/downloaded_tools/pico/pico-sdk/src/rp2_common/pico_double/double_init_rom.c.obj
 *fill*         0x00000000100085a2        0x2 
 .rodata.__func__.4668
                0x00000000100085a4       0x14 CMakeFiles/pak-gadget.dir/tree/downloaded_tools/pico/pico-sdk/src/rp2_common/pico_double/double_init_rom.c.obj
 .rodata.__aeabi_float_init.str1.4
                0x00000000100085b8       0x84 CMakeFiles/pak-gadget.dir/tree/downloaded_tools/pico/pico-sdk/src/rp2_common/pico_float/float_init_rom.c.obj
                                         0x88 (size before relaxing)
 .rodata.__func__.4670
                0x000000001000863c       0x13 CMakeFiles/pak-gadget.dir/tree/downloaded_tools/pico/pico-sdk/src/rp2_common/pico_float/float_init_rom.c.obj
 *fill*         0x000000001000864f        0x1 
 .rodata.str1.4
                0x0000000010008650       0x44 CMakeFiles/pak-gadget.dir/tree/downloaded_tools/pico/pico-sdk/src/rp2_common/pico_standard_link/binary_info.c.obj
 .rodata.__bi_44
                0x0000000010008694        0xc CMakeFiles/pak-gadget.dir/tree/downloaded_tools/pico/pico-sdk/src/rp2_common/pico_standard_link/binary_info.c.obj
 .rodata.__bi_56
                0x00000000100086a0        0xc CMakeFiles/pak-gadget.dir/tree/downloaded_tools/pico/pico-sdk/src/rp2_common/pico_standard_link/binary_info.c.obj
 .rodata.__bi_75
                0x00000000100086ac        0xc CMakeFiles/pak-gadget.dir/tree/downloaded_tools/pico/pico-sdk/src/rp2_common/pico_standard_link/binary_info.c.obj
 .rodata.__bi_81
                0x00000000100086b8        0xc CMakeFiles/pak-gadget.dir/tree/downloaded_tools/pico/pico-sdk/src/rp2_common/pico_standard_link/binary_info.c.obj
 .rodata.crlf_str.6013
                0x00000000100086c4        0x2 CMakeFiles/pak-gadget.dir/tree/downloaded_tools/pico/pico-sdk/src/rp2_common/pico_stdio/stdio.c.obj
 *fill*         0x00000000100086c6        0x2 
 .rodata.str1.4
                0x00000000100086c8       0x2c CMakeFiles/pak-gadget.dir/tree/downloaded_tools/pico/pico-sdk/src/rp2_common/pico_stdio_uart/stdio_uart.c.obj
 .rodata.__bi_28.4739
                0x00000000100086f4        0xc CMakeFiles/pak-gadget.dir/tree/downloaded_tools/pico/pico-sdk/src/rp2_common/pico_stdio_uart/stdio_uart.c.obj
 .rodata.__bi_29.4743
                0x0000000010008700        0x8 CMakeFiles/pak-gadget.dir/tree/downloaded_tools/pico/pico-sdk/src/rp2_common/pico_stdio_uart/stdio_uart.c.obj
 .rodata._resetd_driver
                0x0000000010008708       0x18 CMakeFiles/pak-gadget.dir/tree/downloaded_tools/pico/pico-sdk/src/rp2_common/pico_stdio_usb/reset_interface.c.obj
 .rodata.stdio_usb_init.str1.4
                0x0000000010008720       0x6b CMakeFiles/pak-gadget.dir/tree/downloaded_tools/pico/pico-sdk/src/rp2_common/pico_stdio_usb/stdio_usb.c.obj
 .rodata.str1.4
                0x0000000010008720       0x13 CMakeFiles/pak-gadget.dir/tree/downloaded_tools/pico/pico-sdk/src/rp2_common/pico_stdio_usb/stdio_usb.c.obj
 *fill*         0x0000000010008733        0x1 
 .rodata.__bi_93.7154
                0x0000000010008734        0xc CMakeFiles/pak-gadget.dir/tree/downloaded_tools/pico/pico-sdk/src/rp2_common/pico_stdio_usb/stdio_usb.c.obj
 .rodata.__func__.5424
                0x0000000010008740       0x15 CMakeFiles/pak-gadget.dir/tree/downloaded_tools/pico/pico-sdk/src/rp2_common/pico_stdio_usb/stdio_usb.c.obj
 *fill*         0x0000000010008755        0x3 
 .rodata.str1.4
                0x0000000010008758       0x2a CMakeFiles/pak-gadget.dir/tree/downloaded_tools/pico/pico-sdk/src/rp2_common/pico_stdio_usb/stdio_usb_descriptors.c.obj
 *fill*         0x0000000010008782        0x2 
 .rodata.usbd_desc_cfg
                0x0000000010008784       0x54 CMakeFiles/pak-gadget.dir/tree/downloaded_tools/pico/pico-sdk/src/rp2_common/pico_stdio_usb/stdio_usb_descriptors.c.obj
 .rodata.usbd_desc_device
                0x00000000100087d8       0x12 CMakeFiles/pak-gadget.dir/tree/downloaded_tools/pico/pico-sdk/src/rp2_common/pico_stdio_usb/stdio_usb_descriptors.c.obj
 *fill*         0x00000000100087ea        0x2 
 .rodata.usbd_desc_str
                0x00000000100087ec       0x18 CMakeFiles/pak-gadget.dir/tree/downloaded_tools/pico/pico-sdk/src/rp2_common/pico_stdio_usb/stdio_usb_descriptors.c.obj
 .rodata._hw_endpoint_alloc.str1.4
                0x0000000010008804       0xc1 CMakeFiles/pak-gadget.dir/tree/downloaded_tools/pico/pico-sdk/lib/tinyusb/src/portable/raspberrypi/rp2040/dcd_rp2040.c.obj
 *fill*         0x00000000100088c5        0x3 
 .rodata._hw_endpoint_init.str1.4
                0x00000000100088c8       0x28 CMakeFiles/pak-gadget.dir/tree/downloaded_tools/pico/pico-sdk/lib/tinyusb/src/portable/raspberrypi/rp2040/dcd_rp2040.c.obj
 .rodata.hw_handle_buff_status.str1.4
                0x00000000100088f0        0xb CMakeFiles/pak-gadget.dir/tree/downloaded_tools/pico/pico-sdk/lib/tinyusb/src/portable/raspberrypi/rp2040/dcd_rp2040.c.obj
 *fill*         0x00000000100088fb        0x1 
 .rodata.dcd_rp2040_irq.str1.4
                0x00000000100088fc       0x14 CMakeFiles/pak-gadget.dir/tree/downloaded_tools/pico/pico-sdk/lib/tinyusb/src/portable/raspberrypi/rp2040/dcd_rp2040.c.obj
 .rodata._hw_endpoint_stall.str1.4
                0x0000000010008910        0xd CMakeFiles/pak-gadget.dir/tree/downloaded_tools/pico/pico-sdk/lib/tinyusb/src/portable/raspberrypi/rp2040/dcd_rp2040.c.obj
 *fill*         0x000000001000891d        0x3 
 .rodata.dcd_int_enable.str1.4
                0x0000000010008920        0xc CMakeFiles/pak-gadget.dir/tree/downloaded_tools/pico/pico-sdk/lib/tinyusb/src/portable/raspberrypi/rp2040/dcd_rp2040.c.obj
 .rodata.__func__.6859
                0x000000001000892c       0x13 CMakeFiles/pak-gadget.dir/tree/downloaded_tools/pico/pico-sdk/lib/tinyusb/src/portable/raspberrypi/rp2040/dcd_rp2040.c.obj
 *fill*         0x000000001000893f        0x1 
 .rodata.__func__.6890
                0x0000000010008940       0x16 CMakeFiles/pak-gadget.dir/tree/downloaded_tools/pico/pico-sdk/lib/tinyusb/src/portable/raspberrypi/rp2040/dcd_rp2040.c.obj
 *fill*         0x0000000010008956        0x2 
 .rodata.__func__.6911
                0x0000000010008958       0x13 CMakeFiles/pak-gadget.dir/tree/downloaded_tools/pico/pico-sdk/lib/tinyusb/src/portable/raspberrypi/rp2040/dcd_rp2040.c.obj
 *fill*         0x000000001000896b        0x1 
 .rodata.__func__.6932
                0x000000001000896c        0x9 CMakeFiles/pak-gadget.dir/tree/downloaded_tools/pico/pico-sdk/lib/tinyusb/src/portable/raspberrypi/rp2040/dcd_rp2040.c.obj
 *fill*         0x0000000010008975        0x3 
 .rodata.__func__.6936
                0x0000000010008978        0xf CMakeFiles/pak-gadget.dir/tree/downloaded_tools/pico/pico-sdk/lib/tinyusb/src/portable/raspberrypi/rp2040/dcd_rp2040.c.obj
 *fill*         0x0000000010008987        0x1 
 .rodata.__func__.6945
                0x0000000010008988       0x10 CMakeFiles/pak-gadget.dir/tree/downloaded_tools/pico/pico-sdk/lib/tinyusb/src/portable/raspberrypi/rp2040/dcd_rp2040.c.obj
 .rodata.__func__.6957
                0x0000000010008998        0xc CMakeFiles/pak-gadget.dir/tree/downloaded_tools/pico/pico-sdk/lib/tinyusb/src/portable/raspberrypi/rp2040/dcd_rp2040.c.obj
 .rodata.__func__.6962
                0x00000000100089a4       0x1a CMakeFiles/pak-gadget.dir/tree/downloaded_tools/pico/pico-sdk/lib/tinyusb/src/portable/raspberrypi/rp2040/dcd_rp2040.c.obj
 *fill*         0x00000000100089be        0x2 
 .rodata.__func__.6967
                0x00000000100089c0        0xe CMakeFiles/pak-gadget.dir/tree/downloaded_tools/pico/pico-sdk/lib/tinyusb/src/portable/raspberrypi/rp2040/dcd_rp2040.c.obj
 *fill*         0x00000000100089ce        0x2 
 .rodata.__func__.6974
                0x00000000100089d0        0xe CMakeFiles/pak-gadget.dir/tree/downloaded_tools/pico/pico-sdk/lib/tinyusb/src/portable/raspberrypi/rp2040/dcd_rp2040.c.obj
 *fill*         0x00000000100089de        0x2 
 .rodata.__func__.6979
                0x00000000100089e0        0xf CMakeFiles/pak-gadget.dir/tree/downloaded_tools/pico/pico-sdk/lib/tinyusb/src/portable/raspberrypi/rp2040/dcd_rp2040.c.obj
 *fill*         0x00000000100089ef        0x1 
 .rodata.__func__.6984
                0x00000000100089f0       0x15 CMakeFiles/pak-gadget.dir/tree/downloaded_tools/pico/pico-sdk/lib/tinyusb/src/portable/raspberrypi/rp2040/dcd_rp2040.c.obj
 *fill*         0x0000000010008a05        0x3 
 .rodata._hw_endpoint_buffer_control_update32.str1.4
                0x0000000010008a08       0x1f CMakeFiles/pak-gadget.dir/tree/downloaded_tools/pico/pico-sdk/lib/tinyusb/src/portable/raspberrypi/rp2040/rp2040_usb.c.obj
 *fill*         0x0000000010008a27        0x1 
 .rodata._hw_endpoint_xfer_sync.str1.4
                0x0000000010008a28       0x9d CMakeFiles/pak-gadget.dir/tree/downloaded_tools/pico/pico-sdk/lib/tinyusb/src/portable/raspberrypi/rp2040/rp2040_usb.c.obj
 *fill*         0x0000000010008ac5        0x3 
 .rodata._hw_endpoint_xfer_continue.str1.4
                0x0000000010008ac8       0x50 CMakeFiles/pak-gadget.dir/tree/downloaded_tools/pico/pico-sdk/lib/tinyusb/src/portable/raspberrypi/rp2040/rp2040_usb.c.obj
 .rodata._hw_endpoint_xfer.str1.4
                0x0000000010008b18        0xf CMakeFiles/pak-gadget.dir/tree/downloaded_tools/pico/pico-sdk/lib/tinyusb/src/portable/raspberrypi/rp2040/rp2040_usb.c.obj
 .rodata.str1.4
                0x0000000010008b27        0xf CMakeFiles/pak-gadget.dir/tree/downloaded_tools/pico/pico-sdk/lib/tinyusb/src/portable/raspberrypi/rp2040/rp2040_usb.c.obj
                                          0x7 (size before relaxing)
 *fill*         0x0000000010008b27        0x1 
 .rodata.__func__.6638
                0x0000000010008b28       0x17 CMakeFiles/pak-gadget.dir/tree/downloaded_tools/pico/pico-sdk/lib/tinyusb/src/portable/raspberrypi/rp2040/rp2040_usb.c.obj
 *fill*         0x0000000010008b3f        0x1 
 .rodata.__func__.6649
                0x0000000010008b40       0x12 CMakeFiles/pak-gadget.dir/tree/downloaded_tools/pico/pico-sdk/lib/tinyusb/src/portable/raspberrypi/rp2040/rp2040_usb.c.obj
 *fill*         0x0000000010008b52        0x2 
 .rodata.process_set_config.str1.4
                0x0000000010008b54       0x17 CMakeFiles/pak-gadget.dir/tree/downloaded_tools/pico/pico-sdk/lib/tinyusb/src/device/usbd.c.obj
 *fill*         0x0000000010008b6b        0x1 
 .rodata.process_get_descriptor
                0x0000000010008b6c       0x40 CMakeFiles/pak-gadget.dir/tree/downloaded_tools/pico/pico-sdk/lib/tinyusb/src/device/usbd.c.obj
 .rodata.process_control_request
                0x0000000010008bac       0x28 CMakeFiles/pak-gadget.dir/tree/downloaded_tools/pico/pico-sdk/lib/tinyusb/src/device/usbd.c.obj
 .rodata.tud_task
                0x0000000010008bd4       0x24 CMakeFiles/pak-gadget.dir/tree/downloaded_tools/pico/pico-sdk/lib/tinyusb/src/device/usbd.c.obj
 .rodata.__func__.6512
                0x0000000010008bf8       0x10 CMakeFiles/pak-gadget.dir/tree/downloaded_tools/pico/pico-sdk/lib/tinyusb/src/device/usbd.c.obj
 .rodata.__func__.7306
                0x0000000010008c08        0x9 CMakeFiles/pak-gadget.dir/tree/downloaded_tools/pico/pico-sdk/lib/tinyusb/src/device/usbd.c.obj
 *fill*         0x0000000010008c11        0x3 
 .rodata.__func__.7327
                0x0000000010008c14       0x18 CMakeFiles/pak-gadget.dir/tree/downloaded_tools/pico/pico-sdk/lib/tinyusb/src/device/usbd.c.obj
 .rodata.__func__.7365
                0x0000000010008c2c       0x13 CMakeFiles/pak-gadget.dir/tree/downloaded_tools/pico/pico-sdk/lib/tinyusb/src/device/usbd.c.obj
 *fill*         0x0000000010008c3f        0x1 
 .rodata.__func__.7408
                0x0000000010008c40       0x17 CMakeFiles/pak-gadget.dir/tree/downloaded_tools/pico/pico-sdk/lib/tinyusb/src/device/usbd.c.obj
 *fill*         0x0000000010008c57        0x1 
 .rodata.__func__.7462
                0x0000000010008c58       0x14 CMakeFiles/pak-gadget.dir/tree/downloaded_tools/pico/pico-sdk/lib/tinyusb/src/device/usbd.c.obj
 .rodata.__func__.7478
                0x0000000010008c6c        0xf CMakeFiles/pak-gadget.dir/tree/downloaded_tools/pico/pico-sdk/lib/tinyusb/src/device/usbd.c.obj
 *fill*         0x0000000010008c7b        0x1 
 .rodata.__func__.7506
                0x0000000010008c7c        0xf CMakeFiles/pak-gadget.dir/tree/downloaded_tools/pico/pico-sdk/lib/tinyusb/src/device/usbd.c.obj
 *fill*         0x0000000010008c8b        0x1 
 .rodata._usbd_driver
                0x0000000010008c8c       0x18 CMakeFiles/pak-gadget.dir/tree/downloaded_tools/pico/pico-sdk/lib/tinyusb/src/device/usbd.c.obj
 .rodata.tud_control_xfer.str1.4
                0x0000000010008ca4       0x17 CMakeFiles/pak-gadget.dir/tree/downloaded_tools/pico/pico-sdk/lib/tinyusb/src/device/usbd_control.c.obj
 .rodata.__func__.7219
                0x0000000010008ca4       0x11 CMakeFiles/pak-gadget.dir/tree/downloaded_tools/pico/pico-sdk/lib/tinyusb/src/device/usbd_control.c.obj
 *fill*         0x0000000010008cb5        0x3 
 .rodata.__func__.7246